#
# A fatal error has been detected by the Java Runtime Environment:
#
#  EXCEPTION_ACCESS_VIOLATION (0xc0000005) at pc=0x00007ffde14a5370, pid=1932, tid=11732
#
# JRE version: OpenJDK Runtime Environment Zulu11.70+15-CA (11.0.22+7) (build 11.0.22+7-LTS)
# Java VM: OpenJDK 64-Bit Server VM Zulu11.70+15-CA (11.0.22+7-LTS, mixed mode, tiered, compressed oops, g1 gc, windows-amd64)
# Problematic frame:
# C  [python39.dll+0x275370]  too_many_positional+0x100
#
# No core dump will be written. Minidumps are not enabled by default on client versions of Windows
#
# If you would like to submit a bug report, please visit:
#   http://www.azul.com/support/
# The crash happened outside the Java Virtual Machine in native code.
# See problematic frame for where to report the bug.
#

---------------  S U M M A R Y ------------

Command Line: --add-opens=java.base/java.lang=ALL-UNNAMED --add-opens=java.base/java.util=ALL-UNNAMED 

Host: AMD Ryzen 9 5900X 12-Core Processor            , 24 cores, 31G,  Windows 10 , 64 bit Build 19041 (10.0.19041.5915)
Time: Mon Jan 26 22:02:56 2026 Eastern Standard Time elapsed time: 2.709801 seconds (0d 0h 0m 2s)

---------------  T H R E A D  ---------------

Current thread (0x0000023f08255800):  JavaThread "Python Reference Queue" daemon [_thread_in_native, id=11732, stack(0x000000e3cd000000,0x000000e3cd1f0000)]

Stack: [0x000000e3cd000000,0x000000e3cd1f0000],  sp=0x000000e3cd1eecd0,  free space=1979k
Native frames: (J=compiled Java code, j=interpreted, Vv=VM code, C=native code)
C  [python39.dll+0x275370]  too_many_positional+0x100  (ceval.c:3966)
C  [python39.dll+0x275dd3]  _PyEval_EvalCode+0x5b3  (ceval.c:4219)
C  [python39.dll+0x138784]  _PyFunction_Vectorcall+0x184  (call.c:396)
C  [python39.dll+0x13ad81]  _PyObject_VectorcallTstate+0x51  (abstract.h:118)
C  [python39.dll+0x13afad]  method_vectorcall+0x6d  (classobject.c:53)
C  [python39.dll+0x114a07]  _PyObject_VectorcallTstate+0x47  (abstract.h:119)
C  [python39.dll+0x114abf]  PyObject_CallOneArg+0x2f  (abstract.h:189)
C  [python39.dll+0x11a676]  object_recursive_isinstance+0x136  (abstract.c:2533)
C  [python39.dll+0x268a32]  builtin_isinstance+0x22  (bltinmodule.c.h:818)
C  [python39.dll+0x181cd1]  cfunction_vectorcall_FASTCALL+0xc1  (methodobject.c:431)
C  [python39.dll+0x26e8c1]  _PyObject_VectorcallTstate+0x51  (abstract.h:118)
C  [python39.dll+0x277d6f]  call_function+0x7f  (ceval.c:5083)
C  [python39.dll+0x271731]  _PyEval_EvalFrameDefault+0x1141  (ceval.c:3522)
C  [python39.dll+0x138591]  function_code_fastcall+0x71  (call.c:332)
C  [python39.dll+0x13867e]  _PyFunction_Vectorcall+0x7e  (call.c:404)
C  [python39.dll+0x13ad81]  _PyObject_VectorcallTstate+0x51  (abstract.h:118)
C  [python39.dll+0x13b04a]  method_vectorcall+0x10a  (classobject.c:83)
C  [python39.dll+0x137cd9]  _PyObject_VectorcallTstate+0x49  (abstract.h:119)
C  [python39.dll+0x138b85]  _PyObject_CallFunctionVa+0xe5  (call.c:543)
C  [python39.dll+0x138c34]  PyObject_CallFunction+0x34  (call.c:569)
C  [python39.dll+0x92ae0]  invoke_gc_callback+0xc0  (gcmodule.c:1365)
C  [python39.dll+0x92b7d]  collect_with_callback+0x2d  (gcmodule.c:1387)
C  [python39.dll+0x9447e]  PyGC_Collect+0x9e  (gcmodule.c:2075)
C  0x00007ffe741b9054
C  0x0000023f114af777

Java frames: (J=compiled Java code, j=interpreted, Vv=VM code)
j  org.jpype.ref.JPypeReferenceNative.wake()V+0
j  org.jpype.ref.JPypeReferenceQueue$Worker.run()V+42
j  java.lang.Thread.run()V+11 java.base@11.0.22
v  ~StubRoutines::call_stub

siginfo: EXCEPTION_ACCESS_VIOLATION (0xc0000005), reading address 0x0000023e83b90168


Register to memory mapping:

RIP=0x00007ffde14a5370 python39.dll::too_many_positional + 0x100
RAX=0x0000000000000002 is an unknown value
RBX=0x0 is NULL
RCX=0x0000023f3a1e3b10 points into unknown readable memory: 0x0000000000000000 | 00 00 00 00 00 00 00 00
RDX=0x0000023f772830e0 points into unknown readable memory: 0x0000000000000002 | 02 00 00 00 00 00 00 00
RSP=0x000000e3cd1eecd0 is pointing into the stack for thread: 0x0000023f08255800
RBP=0x0000023f3a1e3b10 points into unknown readable memory: 0x0000000000000000 | 00 00 00 00 00 00 00 00
RSI=0x0 is NULL
RDI=0x0000023f79fd5ce8 points into unknown readable memory: 0x0000000000000000 | 00 00 00 00 00 00 00 00
R8 =0xffffffffe1377490 is an unknown value
R9 =0x0 is NULL
R10=0xffffffffe1377490 is an unknown value
R11=0xffffffffe1377492 is an unknown value
R12=0x0000023f3a1e3b10 points into unknown readable memory: 0x0000000000000000 | 00 00 00 00 00 00 00 00
R13=0x0000023f772830e0 points into unknown readable memory: 0x0000000000000002 | 02 00 00 00 00 00 00 00
R14=0x000000e3cd1ef010 is pointing into the stack for thread: 0x0000023f08255800
R15=0x0000000000000002 is an unknown value


Registers:
RAX=0x0000000000000002, RBX=0x0000000000000000, RCX=0x0000023f3a1e3b10, RDX=0x0000023f772830e0
RSP=0x000000e3cd1eecd0, RBP=0x0000023f3a1e3b10, RSI=0x0000000000000000, RDI=0x0000023f79fd5ce8
R8 =0xffffffffe1377490, R9 =0x0000000000000000, R10=0xffffffffe1377490, R11=0xffffffffe1377492
R12=0x0000023f3a1e3b10, R13=0x0000023f772830e0, R14=0x000000e3cd1ef010, R15=0x0000000000000002
RIP=0x00007ffde14a5370, EFLAGS=0x0000000000010293

Top of Stack: (sp=0x000000e3cd1eecd0)
0x000000e3cd1eecd0:   000000000000000c 0000000000000000
0x000000e3cd1eece0:   0000023f3a1e3b10 0000023f779c2030
0x000000e3cd1eecf0:   0000000000000000 00007ffde13bae4e
0x000000e3cd1eed00:   0000023f772830e0 00007ffde138ee39
0x000000e3cd1eed10:   0000000000000000 0000000000000000
0x000000e3cd1eed20:   0000023f769e5480 00007ffde12c49cd
0x000000e3cd1eed30:   0000023f772830e0 0000023f79fd5b80
0x000000e3cd1eed40:   0000000000000000 0000023f77281080
0x000000e3cd1eed50:   ffffffffe1377492 00007ffde14a5dd3
0x000000e3cd1eed60:   ffffffffe1377492 0000023f3a1e3b10
0x000000e3cd1eed70:   0000000000000000 0000000000000000
0x000000e3cd1eed80:   0000023f79fd5ce8 00007ffde1371a6c
0x000000e3cd1eed90:   0000000000000000 0000000000000000
0x000000e3cd1eeda0:   ffffffffe1377490 0000023f024cb090
0x000000e3cd1eedb0:   0000000000000000 0000023f79fd5ce8
0x000000e3cd1eedc0:   0000000000000000 000000e3cd1ef010 

Instructions: (pc=0x00007ffde14a5370)
0x00007ffde14a5270:   40 53 57 41 54 41 55 41 57 48 83 ec 60 48 63 42
0x00007ffde14a5280:   18 4d 8b f8 4c 63 42 10 33 db 4c 8b ea 4c 8b e1
0x00007ffde14a5290:   4d 8b d0 4e 8d 1c 00 4d 3b c3 0f 8d e8 00 00 00
0x00007ffde14a52a0:   48 8b bc 24 b0 00 00 00 48 83 f8 04 0f 82 be 00
0x00007ffde14a52b0:   00 00 83 3d 5f 4d 24 00 02 0f 8c b1 00 00 00 66
0x00007ffde14a52c0:   0f 6f 2d 49 19 1f 00 48 99 83 e2 03 0f 29 74 24
0x00007ffde14a52d0:   50 66 0f 6f 35 b7 1c 1f 00 48 03 c2 83 e0 03 49
0x00007ffde14a52e0:   8b cb 48 2b c2 0f 57 e4 48 2b c8 0f 57 db 0f 57
0x00007ffde14a52f0:   d2 f3 42 0f 6f 0c d7 66 0f 6f c5 66 0f 38 29 cc
0x00007ffde14a5300:   66 0f df ce 66 0f d4 c3 66 0f db c1 66 0f df cb
0x00007ffde14a5310:   66 0f 6f d8 66 0f 6f c5 66 0f eb d9 66 0f d4 c2
0x00007ffde14a5320:   f3 42 0f 6f 4c d7 10 49 83 c2 04 66 0f 38 29 cc
0x00007ffde14a5330:   66 0f df ce 66 0f db c1 66 0f df ca 66 0f 6f d0
0x00007ffde14a5340:   66 0f eb d1 4c 3b d1 7c a8 0f 28 74 24 50 66 0f
0x00007ffde14a5350:   d4 d3 66 0f 6f c2 66 0f 73 d8 08 66 0f d4 d0 66
0x00007ffde14a5360:   48 0f 7e d3 4d 3b d3 7d 1f 0f 1f 80 00 00 00 00
0x00007ffde14a5370:   4a 83 3c d7 00 48 8d 43 01 48 0f 44 c3 49 ff c2
0x00007ffde14a5380:   48 8b d8 4d 3b d3 7c e8 4c 89 b4 24 a0 00 00 00
0x00007ffde14a5390:   49 8b d0 4d 85 c9 74 17 49 2b d1 48 8d 0d 4e 11
0x00007ffde14a53a0:   1e 00 41 be 01 00 00 00 e8 a3 23 f5 ff eb 17 45
0x00007ffde14a53b0:   33 f6 48 8d 0d 93 db 1c 00 49 83 f8 01 41 0f 95
0x00007ffde14a53c0:   c6 e8 8a 23 f5 ff 48 8b f8 48 85 c0 0f 84 0c 01
0x00007ffde14a53d0:   00 00 48 89 ac 24 90 00 00 00 48 8d 2d 3f 8d 1b
0x00007ffde14a53e0:   00 48 89 b4 24 98 00 00 00 48 8d 05 70 fc 1b 00
0x00007ffde14a53f0:   48 85 db 74 43 48 83 fb 01 48 8d 0d 00 11 1e 00
0x00007ffde14a5400:   4c 8b cd 48 8b d5 4c 0f 45 c8 4c 8b c3 49 83 ff
0x00007ffde14a5410:   01 48 0f 45 d0 e8 36 23 f5 ff 48 8b f0 48 85 c0
0x00007ffde14a5420:   75 32 48 83 2f 01 0f 85 a2 00 00 00 48 8b 47 08
0x00007ffde14a5430:   48 8b cf e9 93 00 00 00 45 33 c9 48 c7 44 24 20
0x00007ffde14a5440:   00 00 00 00 45 33 c0 33 d2 48 8b cd e8 bf 88 f5
0x00007ffde14a5450:   ff 48 8b f0 49 83 ff 01 75 0c 48 8d 05 db 10 1e
0x00007ffde14a5460:   00 48 85 db 74 07 48 8d 05 d3 10 1e 00 4d 8b 4d 


Stack slot to memory mapping:
stack at sp + 0 slots: 0x000000000000000c is an unknown value
stack at sp + 1 slots: 0x0 is NULL
stack at sp + 2 slots: 0x0000023f3a1e3b10 points into unknown readable memory: 0x0000000000000000 | 00 00 00 00 00 00 00 00
stack at sp + 3 slots: 0x0000023f779c2030 points into unknown readable memory: 0x0000000000000076 | 76 00 00 00 00 00 00 00
stack at sp + 4 slots: 0x0 is NULL
stack at sp + 5 slots: 0x00007ffde13bae4e python39.dll::_PyObject_Malloc + 0xe
stack at sp + 6 slots: 0x0000023f772830e0 points into unknown readable memory: 0x0000000000000002 | 02 00 00 00 00 00 00 00
stack at sp + 7 slots: 0x00007ffde138ee39 python39.dll::_PyFrame_New_NoTrack + 0x159


---------------  P R O C E S S  ---------------

Threads class SMR info:
_java_thread_list=0x0000023f015bb120, length=22, elements={
0x0000023f7c669000, 0x0000023f7c66a000, 0x0000023f7c66a800, 0x0000023f7c66b800,
0x0000023f08256000, 0x0000023f08251800, 0x0000023f08262000, 0x0000023f08268000,
0x0000023f08250800, 0x0000023f00a7b000, 0x0000023f00a7f800, 0x0000023f00a82800,
0x0000023f00a80000, 0x0000023f08253800, 0x0000023f00a82000, 0x0000023f00a7c800,
0x0000023f08255800, 0x0000023f00a83800, 0x0000023f08254800, 0x0000023f00a81000,
0x0000023f00a7d800, 0x0000023f00a89800
}

Java Threads: ( => current thread )
  0x0000023f7c669000 JavaThread "main" [_thread_in_Java, id=19584, stack(0x000000e3c3c00000,0x000000e3c3df0000)]
  0x0000023f7c66a000 JavaThread "Reference Handler" daemon [_thread_blocked, id=17324, stack(0x000000e3c9bb0000,0x000000e3c9da0000)]
  0x0000023f7c66a800 JavaThread "Finalizer" daemon [_thread_blocked, id=18520, stack(0x000000e3c9da0000,0x000000e3c9f90000)]
  0x0000023f7c66b800 JavaThread "Signal Dispatcher" daemon [_thread_blocked, id=13972, stack(0x000000e3c9f90000,0x000000e3ca180000)]
  0x0000023f08256000 JavaThread "Attach Listener" daemon [_thread_blocked, id=12424, stack(0x000000e3ca180000,0x000000e3ca370000)]
  0x0000023f08251800 JavaThread "Service Thread" daemon [_thread_blocked, id=3204, stack(0x000000e3ca370000,0x000000e3ca560000)]
  0x0000023f08262000 JavaThread "C2 CompilerThread0" daemon [_thread_in_native, id=3900, stack(0x000000e3ca560000,0x000000e3ca750000)]
  0x0000023f08268000 JavaThread "C1 CompilerThread0" daemon [_thread_blocked, id=20992, stack(0x000000e3ca750000,0x000000e3ca940000)]
  0x0000023f08250800 JavaThread "Sweeper thread" daemon [_thread_blocked, id=10208, stack(0x000000e3ca940000,0x000000e3cab30000)]
  0x0000023f00a7b000 JavaThread "C1 CompilerThread1" daemon [_thread_blocked, id=6828, stack(0x000000e3cab30000,0x000000e3cad20000)]
  0x0000023f00a7f800 JavaThread "C1 CompilerThread2" daemon [_thread_blocked, id=7284, stack(0x000000e3cad20000,0x000000e3caf10000)]
  0x0000023f00a82800 JavaThread "C1 CompilerThread3" daemon [_thread_blocked, id=20280, stack(0x000000e3caf10000,0x000000e3cb100000)]
  0x0000023f00a80000 JavaThread "C2 CompilerThread1" daemon [_thread_in_native, id=7120, stack(0x000000e3cb100000,0x000000e3cb2f0000)]
  0x0000023f08253800 JavaThread "Common-Cleaner" daemon [_thread_blocked, id=10084, stack(0x000000e3cb2f0000,0x000000e3cb4e0000)]
  0x0000023f00a82000 JavaThread "C2 CompilerThread2" daemon [_thread_in_native, id=8652, stack(0x000000e3cb6d0000,0x000000e3cb8c0000)]
  0x0000023f00a7c800 JavaThread "C2 CompilerThread3" daemon [_thread_in_native, id=13756, stack(0x000000e3cce10000,0x000000e3cd000000)]
=>0x0000023f08255800 JavaThread "Python Reference Queue" daemon [_thread_in_native, id=11732, stack(0x000000e3cd000000,0x000000e3cd1f0000)]
  0x0000023f00a83800 JavaThread "C2 CompilerThread4" daemon [_thread_in_native, id=19448, stack(0x000000e3cd1f0000,0x000000e3cd3e0000)]
  0x0000023f08254800 JavaThread "SciJava-4d178d55-Thread-0" daemon [_thread_in_vm, id=3076, stack(0x000000e3cd7c0000,0x000000e3cd9b0000)]
  0x0000023f00a81000 JavaThread "C2 CompilerThread5" daemon [_thread_in_native, id=20348, stack(0x000000e3cd3e0000,0x000000e3cd5d0000)]
  0x0000023f00a7d800 JavaThread "C2 CompilerThread6" daemon [_thread_in_native, id=7996, stack(0x000000e3cd5d0000,0x000000e3cd7c0000)]
  0x0000023f00a89800 JavaThread "C2 CompilerThread7" daemon [_thread_in_native, id=1500, stack(0x000000e3cd9b0000,0x000000e3cdba0000)]

Other Threads:
  0x0000023f0822c000 VMThread "VM Thread" [stack: 0x000000e3c99c0000,0x000000e3c9bb0000] [id=17904]
  0x0000023f086d7000 WatcherThread [stack: 0x000000e3cb4e0000,0x000000e3cb6d0000] [id=11752]
  0x0000023f012ec800 GCTaskThread "GC Thread#0" [stack: 0x000000e3c6d30000,0x000000e3c6f20000] [id=11212]
  0x0000023f37a5c800 GCTaskThread "GC Thread#1" [stack: 0x000000e3cb8c0000,0x000000e3cbab0000] [id=11624]
  0x0000023f37bf3800 GCTaskThread "GC Thread#2" [stack: 0x000000e3cbab0000,0x000000e3cbca0000] [id=14412]
  0x0000023f37e12000 GCTaskThread "GC Thread#3" [stack: 0x000000e3cbca0000,0x000000e3cbe90000] [id=20448]
  0x0000023f36f9a000 GCTaskThread "GC Thread#4" [stack: 0x000000e3cbe90000,0x000000e3cc080000] [id=3064]
  0x0000023f3769e000 GCTaskThread "GC Thread#5" [stack: 0x000000e3cc080000,0x000000e3cc270000] [id=3228]
  0x0000023f37833000 GCTaskThread "GC Thread#6" [stack: 0x000000e3cc270000,0x000000e3cc460000] [id=4632]
  0x0000023f37831800 GCTaskThread "GC Thread#7" [stack: 0x000000e3cc460000,0x000000e3cc650000] [id=13924]
  0x0000023f37835000 GCTaskThread "GC Thread#8" [stack: 0x000000e3cc650000,0x000000e3cc840000] [id=8296]
  0x0000023f37836000 GCTaskThread "GC Thread#9" [stack: 0x000000e3cc840000,0x000000e3cca30000] [id=14544]
  0x0000023f37834800 GCTaskThread "GC Thread#10" [stack: 0x000000e3cca30000,0x000000e3ccc20000] [id=7912]
  0x0000023f37832800 GCTaskThread "GC Thread#11" [stack: 0x000000e3ccc20000,0x000000e3cce10000] [id=10192]
  0x0000023f01421000 ConcurrentGCThread "G1 Main Marker" [stack: 0x000000e3c9200000,0x000000e3c93f0000] [id=3448]
  0x0000023f01409800 ConcurrentGCThread "G1 Conc#0" [stack: 0x000000e3c93f0000,0x000000e3c95e0000] [id=20732]
  0x0000023f08081000 ConcurrentGCThread "G1 Refine#0" [stack: 0x000000e3c95e0000,0x000000e3c97d0000] [id=14796]
  0x0000023f08081800 ConcurrentGCThread "G1 Young RemSet Sampling" [stack: 0x000000e3c97d0000,0x000000e3c99c0000] [id=4540]

Threads with active compile tasks:
C2 CompilerThread0     2906 3326       4       javassist.bytecode.stackmap.MapMaker::make (169 bytes)
C2 CompilerThread1     2907 2988       4       javassist.bytecode.stackmap.TypeData$TypeVar::dfs (230 bytes)
C2 CompilerThread2     2907 3344       4       javassist.bytecode.StackMapTable$Walker::stackMapFrames (214 bytes)
C2 CompilerThread3     2907 3419       4       javassist.bytecode.stackmap.Tracer::checkParamTypes (197 bytes)
C2 CompilerThread4     2907 3156       4       javassist.compiler.Lex::lookAhead (81 bytes)
C2 CompilerThread5     2907 3328       4       javassist.bytecode.stackmap.Tracer::doOpcode0_53 (799 bytes)
C2 CompilerThread6     2907 3394       4       javassist.compiler.Lex::readIdentifier (69 bytes)
C2 CompilerThread7     2907 3327       4       javassist.bytecode.stackmap.Tracer::doOpcode148_201 (1105 bytes)

VM state:not at safepoint (normal execution)

VM Mutex/Monitor currently owned by a thread: None

Heap address: 0x0000000601600000, size: 8170 MB, Compressed Oops mode: Zero based, Oop shift amount: 3
Narrow klass base: 0x0000000800000000, Narrow klass shift: 0
Compressed class space size: 1073741824 Address: 0x0000000800000000

Heap:
 garbage-first heap   total 313344K, used 78411K [0x0000000601600000, 0x0000000800000000)
  region size 2048K, 19 young (38912K), 3 survivors (6144K)
 Metaspace       used 31264K, capacity 31772K, committed 31872K, reserved 1077248K
  class space    used 3546K, capacity 3684K, committed 3712K, reserved 1048576K
Heap Regions: E=young(eden), S=young(survivor), O=old, HS=humongous(starts), HC=humongous(continues), CS=collection set, F=free, A=archive, TAMS=top-at-mark-start (previous, next)
|   0|0x0000000601600000, 0x00000006017ffad0, 0x0000000601800000| 99%| O|  |TAMS 0x0000000601600000, 0x0000000601600000| Untracked 
|   1|0x0000000601800000, 0x00000006019ff808, 0x0000000601a00000| 99%| O|  |TAMS 0x0000000601800000, 0x0000000601800000| Untracked 
|   2|0x0000000601a00000, 0x0000000601bffd80, 0x0000000601c00000| 99%| O|  |TAMS 0x0000000601a00000, 0x0000000601a00000| Untracked 
|   3|0x0000000601c00000, 0x0000000601dffef8, 0x0000000601e00000| 99%| O|  |TAMS 0x0000000601c00000, 0x0000000601c00000| Untracked 
|   4|0x0000000601e00000, 0x0000000601fffdc8, 0x0000000602000000| 99%| O|  |TAMS 0x0000000601e00000, 0x0000000601e00000| Untracked 
|   5|0x0000000602000000, 0x0000000602200000, 0x0000000602200000|100%| O|  |TAMS 0x0000000602000000, 0x0000000602000000| Untracked 
|   6|0x0000000602200000, 0x00000006023fffa0, 0x0000000602400000| 99%| O|  |TAMS 0x0000000602200000, 0x0000000602200000| Untracked 
|   7|0x0000000602400000, 0x00000006025ffff8, 0x0000000602600000| 99%| O|  |TAMS 0x0000000602400000, 0x0000000602400000| Untracked 
|   8|0x0000000602600000, 0x0000000602800000, 0x0000000602800000|100%| O|  |TAMS 0x0000000602600000, 0x0000000602600000| Untracked 
|   9|0x0000000602800000, 0x00000006029ff510, 0x0000000602a00000| 99%| O|  |TAMS 0x0000000602800000, 0x0000000602800000| Untracked 
|  10|0x0000000602a00000, 0x0000000602be1b28, 0x0000000602c00000| 94%| O|  |TAMS 0x0000000602a00000, 0x0000000602a00000| Untracked 
|  11|0x0000000602c00000, 0x0000000602dfffc0, 0x0000000602e00000| 99%| O|  |TAMS 0x0000000602c00000, 0x0000000602c00000| Untracked 
|  12|0x0000000602e00000, 0x0000000602ffffd0, 0x0000000603000000| 99%| O|  |TAMS 0x0000000602e00000, 0x0000000602e00000| Untracked 
|  13|0x0000000603000000, 0x00000006031ffff8, 0x0000000603200000| 99%| O|  |TAMS 0x0000000603000000, 0x0000000603000000| Untracked 
|  14|0x0000000603200000, 0x00000006033ffff0, 0x0000000603400000| 99%| O|  |TAMS 0x0000000603200000, 0x0000000603200000| Untracked 
|  15|0x0000000603400000, 0x00000006035ffff8, 0x0000000603600000| 99%| O|  |TAMS 0x0000000603400000, 0x0000000603400000| Untracked 
|  16|0x0000000603600000, 0x00000006037ffff0, 0x0000000603800000| 99%| O|  |TAMS 0x0000000603600000, 0x0000000603600000| Untracked 
|  17|0x0000000603800000, 0x00000006039ffff0, 0x0000000603a00000| 99%| O|  |TAMS 0x0000000603800000, 0x0000000603800000| Untracked 
|  18|0x0000000603a00000, 0x0000000603b0fbc8, 0x0000000603c00000| 53%| O|  |TAMS 0x0000000603a00000, 0x0000000603a00000| Untracked 
|  19|0x0000000603c00000, 0x0000000603e00000, 0x0000000603e00000|100%| O|  |TAMS 0x0000000603c00000, 0x0000000603c00000| Untracked 
|  20|0x0000000603e00000, 0x0000000603f12238, 0x0000000604000000| 53%| O|  |TAMS 0x0000000603e00000, 0x0000000603e00000| Untracked 
|  21|0x0000000604000000, 0x0000000604091200, 0x0000000604200000| 28%| O|  |TAMS 0x0000000604000000, 0x0000000604000000| Untracked 
|  22|0x0000000604200000, 0x0000000604200000, 0x0000000604400000|  0%| F|  |TAMS 0x0000000604200000, 0x0000000604200000| Untracked 
|  23|0x0000000604400000, 0x0000000604400000, 0x0000000604600000|  0%| F|  |TAMS 0x0000000604400000, 0x0000000604400000| Untracked 
|  24|0x0000000604600000, 0x0000000604600000, 0x0000000604800000|  0%| F|  |TAMS 0x0000000604600000, 0x0000000604600000| Untracked 
|  25|0x0000000604800000, 0x0000000604800000, 0x0000000604a00000|  0%| F|  |TAMS 0x0000000604800000, 0x0000000604800000| Untracked 
|  26|0x0000000604a00000, 0x0000000604a00000, 0x0000000604c00000|  0%| F|  |TAMS 0x0000000604a00000, 0x0000000604a00000| Untracked 
|  27|0x0000000604c00000, 0x0000000604c00000, 0x0000000604e00000|  0%| F|  |TAMS 0x0000000604c00000, 0x0000000604c00000| Untracked 
|  28|0x0000000604e00000, 0x0000000604e00000, 0x0000000605000000|  0%| F|  |TAMS 0x0000000604e00000, 0x0000000604e00000| Untracked 
|  29|0x0000000605000000, 0x0000000605000000, 0x0000000605200000|  0%| F|  |TAMS 0x0000000605000000, 0x0000000605000000| Untracked 
|  30|0x0000000605200000, 0x0000000605200000, 0x0000000605400000|  0%| F|  |TAMS 0x0000000605200000, 0x0000000605200000| Untracked 
|  31|0x0000000605400000, 0x0000000605400000, 0x0000000605600000|  0%| F|  |TAMS 0x0000000605400000, 0x0000000605400000| Untracked 
|  32|0x0000000605600000, 0x0000000605600000, 0x0000000605800000|  0%| F|  |TAMS 0x0000000605600000, 0x0000000605600000| Untracked 
|  33|0x0000000605800000, 0x0000000605a00000, 0x0000000605a00000|100%| S|CS|TAMS 0x0000000605800000, 0x0000000605800000| Complete 
|  34|0x0000000605a00000, 0x0000000605c00000, 0x0000000605c00000|100%| S|CS|TAMS 0x0000000605a00000, 0x0000000605a00000| Complete 
|  35|0x0000000605c00000, 0x0000000605e00000, 0x0000000605e00000|100%| S|CS|TAMS 0x0000000605c00000, 0x0000000605c00000| Complete 
|  36|0x0000000605e00000, 0x0000000605e00000, 0x0000000606000000|  0%| F|  |TAMS 0x0000000605e00000, 0x0000000605e00000| Untracked 
|  37|0x0000000606000000, 0x0000000606000000, 0x0000000606200000|  0%| F|  |TAMS 0x0000000606000000, 0x0000000606000000| Untracked 
|  38|0x0000000606200000, 0x0000000606200000, 0x0000000606400000|  0%| F|  |TAMS 0x0000000606200000, 0x0000000606200000| Untracked 
|  39|0x0000000606400000, 0x0000000606400000, 0x0000000606600000|  0%| F|  |TAMS 0x0000000606400000, 0x0000000606400000| Untracked 
|  40|0x0000000606600000, 0x0000000606600000, 0x0000000606800000|  0%| F|  |TAMS 0x0000000606600000, 0x0000000606600000| Untracked 
|  41|0x0000000606800000, 0x0000000606800000, 0x0000000606a00000|  0%| F|  |TAMS 0x0000000606800000, 0x0000000606800000| Untracked 
|  42|0x0000000606a00000, 0x0000000606a00000, 0x0000000606c00000|  0%| F|  |TAMS 0x0000000606a00000, 0x0000000606a00000| Untracked 
|  43|0x0000000606c00000, 0x0000000606c00000, 0x0000000606e00000|  0%| F|  |TAMS 0x0000000606c00000, 0x0000000606c00000| Untracked 
|  44|0x0000000606e00000, 0x0000000606e00000, 0x0000000607000000|  0%| F|  |TAMS 0x0000000606e00000, 0x0000000606e00000| Untracked 
|  45|0x0000000607000000, 0x0000000607000000, 0x0000000607200000|  0%| F|  |TAMS 0x0000000607000000, 0x0000000607000000| Untracked 
|  46|0x0000000607200000, 0x0000000607200000, 0x0000000607400000|  0%| F|  |TAMS 0x0000000607200000, 0x0000000607200000| Untracked 
|  47|0x0000000607400000, 0x0000000607400000, 0x0000000607600000|  0%| F|  |TAMS 0x0000000607400000, 0x0000000607400000| Untracked 
|  48|0x0000000607600000, 0x0000000607600000, 0x0000000607800000|  0%| F|  |TAMS 0x0000000607600000, 0x0000000607600000| Untracked 
|  49|0x0000000607800000, 0x0000000607800000, 0x0000000607a00000|  0%| F|  |TAMS 0x0000000607800000, 0x0000000607800000| Untracked 
|  50|0x0000000607a00000, 0x0000000607a00000, 0x0000000607c00000|  0%| F|  |TAMS 0x0000000607a00000, 0x0000000607a00000| Untracked 
|  51|0x0000000607c00000, 0x0000000607c00000, 0x0000000607e00000|  0%| F|  |TAMS 0x0000000607c00000, 0x0000000607c00000| Untracked 
|  52|0x0000000607e00000, 0x0000000607e00000, 0x0000000608000000|  0%| F|  |TAMS 0x0000000607e00000, 0x0000000607e00000| Untracked 
|  53|0x0000000608000000, 0x0000000608000000, 0x0000000608200000|  0%| F|  |TAMS 0x0000000608000000, 0x0000000608000000| Untracked 
|  54|0x0000000608200000, 0x0000000608200000, 0x0000000608400000|  0%| F|  |TAMS 0x0000000608200000, 0x0000000608200000| Untracked 
|  55|0x0000000608400000, 0x0000000608400000, 0x0000000608600000|  0%| F|  |TAMS 0x0000000608400000, 0x0000000608400000| Untracked 
|  56|0x0000000608600000, 0x0000000608600000, 0x0000000608800000|  0%| F|  |TAMS 0x0000000608600000, 0x0000000608600000| Untracked 
|  57|0x0000000608800000, 0x0000000608800000, 0x0000000608a00000|  0%| F|  |TAMS 0x0000000608800000, 0x0000000608800000| Untracked 
|  58|0x0000000608a00000, 0x0000000608a00000, 0x0000000608c00000|  0%| F|  |TAMS 0x0000000608a00000, 0x0000000608a00000| Untracked 
|  59|0x0000000608c00000, 0x0000000608c00000, 0x0000000608e00000|  0%| F|  |TAMS 0x0000000608c00000, 0x0000000608c00000| Untracked 
|  60|0x0000000608e00000, 0x0000000608e00000, 0x0000000609000000|  0%| F|  |TAMS 0x0000000608e00000, 0x0000000608e00000| Untracked 
|  61|0x0000000609000000, 0x0000000609000000, 0x0000000609200000|  0%| F|  |TAMS 0x0000000609000000, 0x0000000609000000| Untracked 
|  62|0x0000000609200000, 0x0000000609200000, 0x0000000609400000|  0%| F|  |TAMS 0x0000000609200000, 0x0000000609200000| Untracked 
|  63|0x0000000609400000, 0x0000000609400000, 0x0000000609600000|  0%| F|  |TAMS 0x0000000609400000, 0x0000000609400000| Untracked 
|  64|0x0000000609600000, 0x0000000609600000, 0x0000000609800000|  0%| F|  |TAMS 0x0000000609600000, 0x0000000609600000| Untracked 
|  65|0x0000000609800000, 0x0000000609800000, 0x0000000609a00000|  0%| F|  |TAMS 0x0000000609800000, 0x0000000609800000| Untracked 
|  66|0x0000000609a00000, 0x0000000609a00000, 0x0000000609c00000|  0%| F|  |TAMS 0x0000000609a00000, 0x0000000609a00000| Untracked 
|  67|0x0000000609c00000, 0x0000000609c00000, 0x0000000609e00000|  0%| F|  |TAMS 0x0000000609c00000, 0x0000000609c00000| Untracked 
|  68|0x0000000609e00000, 0x0000000609e00000, 0x000000060a000000|  0%| F|  |TAMS 0x0000000609e00000, 0x0000000609e00000| Untracked 
|  69|0x000000060a000000, 0x000000060a000000, 0x000000060a200000|  0%| F|  |TAMS 0x000000060a000000, 0x000000060a000000| Untracked 
|  70|0x000000060a200000, 0x000000060a200000, 0x000000060a400000|  0%| F|  |TAMS 0x000000060a200000, 0x000000060a200000| Untracked 
|  71|0x000000060a400000, 0x000000060a400000, 0x000000060a600000|  0%| F|  |TAMS 0x000000060a400000, 0x000000060a400000| Untracked 
|  72|0x000000060a600000, 0x000000060a600000, 0x000000060a800000|  0%| F|  |TAMS 0x000000060a600000, 0x000000060a600000| Untracked 
|  73|0x000000060a800000, 0x000000060a800000, 0x000000060aa00000|  0%| F|  |TAMS 0x000000060a800000, 0x000000060a800000| Untracked 
|  74|0x000000060aa00000, 0x000000060aa00000, 0x000000060ac00000|  0%| F|  |TAMS 0x000000060aa00000, 0x000000060aa00000| Untracked 
|  75|0x000000060ac00000, 0x000000060ac00000, 0x000000060ae00000|  0%| F|  |TAMS 0x000000060ac00000, 0x000000060ac00000| Untracked 
|  76|0x000000060ae00000, 0x000000060ae00000, 0x000000060b000000|  0%| F|  |TAMS 0x000000060ae00000, 0x000000060ae00000| Untracked 
|  77|0x000000060b000000, 0x000000060b000000, 0x000000060b200000|  0%| F|  |TAMS 0x000000060b000000, 0x000000060b000000| Untracked 
|  78|0x000000060b200000, 0x000000060b200000, 0x000000060b400000|  0%| F|  |TAMS 0x000000060b200000, 0x000000060b200000| Untracked 
|  79|0x000000060b400000, 0x000000060b400000, 0x000000060b600000|  0%| F|  |TAMS 0x000000060b400000, 0x000000060b400000| Untracked 
|  80|0x000000060b600000, 0x000000060b600000, 0x000000060b800000|  0%| F|  |TAMS 0x000000060b600000, 0x000000060b600000| Untracked 
|  81|0x000000060b800000, 0x000000060b800000, 0x000000060ba00000|  0%| F|  |TAMS 0x000000060b800000, 0x000000060b800000| Untracked 
|  82|0x000000060ba00000, 0x000000060ba00000, 0x000000060bc00000|  0%| F|  |TAMS 0x000000060ba00000, 0x000000060ba00000| Untracked 
|  83|0x000000060bc00000, 0x000000060bc00000, 0x000000060be00000|  0%| F|  |TAMS 0x000000060bc00000, 0x000000060bc00000| Untracked 
|  84|0x000000060be00000, 0x000000060be00000, 0x000000060c000000|  0%| F|  |TAMS 0x000000060be00000, 0x000000060be00000| Untracked 
|  85|0x000000060c000000, 0x000000060c000000, 0x000000060c200000|  0%| F|  |TAMS 0x000000060c000000, 0x000000060c000000| Untracked 
|  86|0x000000060c200000, 0x000000060c200000, 0x000000060c400000|  0%| F|  |TAMS 0x000000060c200000, 0x000000060c200000| Untracked 
|  87|0x000000060c400000, 0x000000060c400000, 0x000000060c600000|  0%| F|  |TAMS 0x000000060c400000, 0x000000060c400000| Untracked 
|  88|0x000000060c600000, 0x000000060c600000, 0x000000060c800000|  0%| F|  |TAMS 0x000000060c600000, 0x000000060c600000| Untracked 
|  89|0x000000060c800000, 0x000000060c800000, 0x000000060ca00000|  0%| F|  |TAMS 0x000000060c800000, 0x000000060c800000| Untracked 
|  90|0x000000060ca00000, 0x000000060ca00000, 0x000000060cc00000|  0%| F|  |TAMS 0x000000060ca00000, 0x000000060ca00000| Untracked 
|  91|0x000000060cc00000, 0x000000060cc00000, 0x000000060ce00000|  0%| F|  |TAMS 0x000000060cc00000, 0x000000060cc00000| Untracked 
|  92|0x000000060ce00000, 0x000000060ce00000, 0x000000060d000000|  0%| F|  |TAMS 0x000000060ce00000, 0x000000060ce00000| Untracked 
|  93|0x000000060d000000, 0x000000060d000000, 0x000000060d200000|  0%| F|  |TAMS 0x000000060d000000, 0x000000060d000000| Untracked 
|  94|0x000000060d200000, 0x000000060d200000, 0x000000060d400000|  0%| F|  |TAMS 0x000000060d200000, 0x000000060d200000| Untracked 
|  95|0x000000060d400000, 0x000000060d400000, 0x000000060d600000|  0%| F|  |TAMS 0x000000060d400000, 0x000000060d400000| Untracked 
|  96|0x000000060d600000, 0x000000060d600000, 0x000000060d800000|  0%| F|  |TAMS 0x000000060d600000, 0x000000060d600000| Untracked 
|  97|0x000000060d800000, 0x000000060d800000, 0x000000060da00000|  0%| F|  |TAMS 0x000000060d800000, 0x000000060d800000| Untracked 
|  98|0x000000060da00000, 0x000000060da00000, 0x000000060dc00000|  0%| F|  |TAMS 0x000000060da00000, 0x000000060da00000| Untracked 
|  99|0x000000060dc00000, 0x000000060dc00000, 0x000000060de00000|  0%| F|  |TAMS 0x000000060dc00000, 0x000000060dc00000| Untracked 
| 100|0x000000060de00000, 0x000000060de00000, 0x000000060e000000|  0%| F|  |TAMS 0x000000060de00000, 0x000000060de00000| Untracked 
| 101|0x000000060e000000, 0x000000060e000000, 0x000000060e200000|  0%| F|  |TAMS 0x000000060e000000, 0x000000060e000000| Untracked 
| 102|0x000000060e200000, 0x000000060e200000, 0x000000060e400000|  0%| F|  |TAMS 0x000000060e200000, 0x000000060e200000| Untracked 
| 103|0x000000060e400000, 0x000000060e400000, 0x000000060e600000|  0%| F|  |TAMS 0x000000060e400000, 0x000000060e400000| Untracked 
| 104|0x000000060e600000, 0x000000060e600000, 0x000000060e800000|  0%| F|  |TAMS 0x000000060e600000, 0x000000060e600000| Untracked 
| 105|0x000000060e800000, 0x000000060e800000, 0x000000060ea00000|  0%| F|  |TAMS 0x000000060e800000, 0x000000060e800000| Untracked 
| 106|0x000000060ea00000, 0x000000060ea00000, 0x000000060ec00000|  0%| F|  |TAMS 0x000000060ea00000, 0x000000060ea00000| Untracked 
| 107|0x000000060ec00000, 0x000000060ec00000, 0x000000060ee00000|  0%| F|  |TAMS 0x000000060ec00000, 0x000000060ec00000| Untracked 
| 108|0x000000060ee00000, 0x000000060ee00000, 0x000000060f000000|  0%| F|  |TAMS 0x000000060ee00000, 0x000000060ee00000| Untracked 
| 109|0x000000060f000000, 0x000000060f000000, 0x000000060f200000|  0%| F|  |TAMS 0x000000060f000000, 0x000000060f000000| Untracked 
| 110|0x000000060f200000, 0x000000060f200000, 0x000000060f400000|  0%| F|  |TAMS 0x000000060f200000, 0x000000060f200000| Untracked 
| 111|0x000000060f400000, 0x000000060f400000, 0x000000060f600000|  0%| F|  |TAMS 0x000000060f400000, 0x000000060f400000| Untracked 
| 112|0x000000060f600000, 0x000000060f600000, 0x000000060f800000|  0%| F|  |TAMS 0x000000060f600000, 0x000000060f600000| Untracked 
| 113|0x000000060f800000, 0x000000060f800000, 0x000000060fa00000|  0%| F|  |TAMS 0x000000060f800000, 0x000000060f800000| Untracked 
| 114|0x000000060fa00000, 0x000000060fa00000, 0x000000060fc00000|  0%| F|  |TAMS 0x000000060fa00000, 0x000000060fa00000| Untracked 
| 115|0x000000060fc00000, 0x000000060fc00000, 0x000000060fe00000|  0%| F|  |TAMS 0x000000060fc00000, 0x000000060fc00000| Untracked 
| 116|0x000000060fe00000, 0x000000060fe00000, 0x0000000610000000|  0%| F|  |TAMS 0x000000060fe00000, 0x000000060fe00000| Untracked 
| 117|0x0000000610000000, 0x0000000610000000, 0x0000000610200000|  0%| F|  |TAMS 0x0000000610000000, 0x0000000610000000| Untracked 
| 118|0x0000000610200000, 0x0000000610200000, 0x0000000610400000|  0%| F|  |TAMS 0x0000000610200000, 0x0000000610200000| Untracked 
| 119|0x0000000610400000, 0x0000000610400000, 0x0000000610600000|  0%| F|  |TAMS 0x0000000610400000, 0x0000000610400000| Untracked 
| 120|0x0000000610600000, 0x0000000610600000, 0x0000000610800000|  0%| F|  |TAMS 0x0000000610600000, 0x0000000610600000| Untracked 
| 121|0x0000000610800000, 0x0000000610800000, 0x0000000610a00000|  0%| F|  |TAMS 0x0000000610800000, 0x0000000610800000| Untracked 
| 122|0x0000000610a00000, 0x0000000610a00000, 0x0000000610c00000|  0%| F|  |TAMS 0x0000000610a00000, 0x0000000610a00000| Untracked 
| 123|0x0000000610c00000, 0x0000000610c00000, 0x0000000610e00000|  0%| F|  |TAMS 0x0000000610c00000, 0x0000000610c00000| Untracked 
| 124|0x0000000610e00000, 0x0000000610e00000, 0x0000000611000000|  0%| F|  |TAMS 0x0000000610e00000, 0x0000000610e00000| Untracked 
| 125|0x0000000611000000, 0x0000000611000000, 0x0000000611200000|  0%| F|  |TAMS 0x0000000611000000, 0x0000000611000000| Untracked 
| 126|0x0000000611200000, 0x0000000611200000, 0x0000000611400000|  0%| F|  |TAMS 0x0000000611200000, 0x0000000611200000| Untracked 
| 127|0x0000000611400000, 0x0000000611400000, 0x0000000611600000|  0%| F|  |TAMS 0x0000000611400000, 0x0000000611400000| Untracked 
| 128|0x0000000611600000, 0x0000000611600000, 0x0000000611800000|  0%| F|  |TAMS 0x0000000611600000, 0x0000000611600000| Untracked 
| 129|0x0000000611800000, 0x0000000611800000, 0x0000000611a00000|  0%| F|  |TAMS 0x0000000611800000, 0x0000000611800000| Untracked 
| 130|0x0000000611a00000, 0x0000000611a00000, 0x0000000611c00000|  0%| F|  |TAMS 0x0000000611a00000, 0x0000000611a00000| Untracked 
| 131|0x0000000611c00000, 0x0000000611c00000, 0x0000000611e00000|  0%| F|  |TAMS 0x0000000611c00000, 0x0000000611c00000| Untracked 
| 132|0x0000000611e00000, 0x0000000611e00000, 0x0000000612000000|  0%| F|  |TAMS 0x0000000611e00000, 0x0000000611e00000| Untracked 
| 133|0x0000000612000000, 0x0000000612000000, 0x0000000612200000|  0%| F|  |TAMS 0x0000000612000000, 0x0000000612000000| Untracked 
| 134|0x0000000612200000, 0x0000000612200000, 0x0000000612400000|  0%| F|  |TAMS 0x0000000612200000, 0x0000000612200000| Untracked 
| 135|0x0000000612400000, 0x0000000612400000, 0x0000000612600000|  0%| F|  |TAMS 0x0000000612400000, 0x0000000612400000| Untracked 
| 136|0x0000000612600000, 0x0000000612600000, 0x0000000612800000|  0%| F|  |TAMS 0x0000000612600000, 0x0000000612600000| Untracked 
| 137|0x0000000612800000, 0x00000006129de708, 0x0000000612a00000| 93%| E|  |TAMS 0x0000000612800000, 0x0000000612800000| Complete 
| 138|0x0000000612a00000, 0x0000000612c00000, 0x0000000612c00000|100%| E|CS|TAMS 0x0000000612a00000, 0x0000000612a00000| Complete 
| 139|0x0000000612c00000, 0x0000000612e00000, 0x0000000612e00000|100%| E|CS|TAMS 0x0000000612c00000, 0x0000000612c00000| Complete 
| 140|0x0000000612e00000, 0x0000000613000000, 0x0000000613000000|100%| E|CS|TAMS 0x0000000612e00000, 0x0000000612e00000| Complete 
| 141|0x0000000613000000, 0x0000000613200000, 0x0000000613200000|100%| E|CS|TAMS 0x0000000613000000, 0x0000000613000000| Complete 
| 142|0x0000000613200000, 0x0000000613400000, 0x0000000613400000|100%| E|CS|TAMS 0x0000000613200000, 0x0000000613200000| Complete 
| 143|0x0000000613400000, 0x0000000613600000, 0x0000000613600000|100%| E|CS|TAMS 0x0000000613400000, 0x0000000613400000| Complete 
| 144|0x0000000613600000, 0x0000000613800000, 0x0000000613800000|100%| E|CS|TAMS 0x0000000613600000, 0x0000000613600000| Complete 
| 145|0x0000000613800000, 0x0000000613a00000, 0x0000000613a00000|100%| E|CS|TAMS 0x0000000613800000, 0x0000000613800000| Complete 
| 146|0x0000000613a00000, 0x0000000613c00000, 0x0000000613c00000|100%| E|CS|TAMS 0x0000000613a00000, 0x0000000613a00000| Complete 
| 147|0x0000000613c00000, 0x0000000613e00000, 0x0000000613e00000|100%| E|CS|TAMS 0x0000000613c00000, 0x0000000613c00000| Complete 
| 148|0x0000000613e00000, 0x0000000614000000, 0x0000000614000000|100%| E|CS|TAMS 0x0000000613e00000, 0x0000000613e00000| Complete 
| 149|0x0000000614000000, 0x0000000614200000, 0x0000000614200000|100%| E|CS|TAMS 0x0000000614000000, 0x0000000614000000| Complete 
| 150|0x0000000614200000, 0x0000000614400000, 0x0000000614400000|100%| E|CS|TAMS 0x0000000614200000, 0x0000000614200000| Complete 
| 151|0x0000000614400000, 0x0000000614600000, 0x0000000614600000|100%| E|CS|TAMS 0x0000000614400000, 0x0000000614400000| Complete 
| 152|0x0000000614600000, 0x0000000614800000, 0x0000000614800000|100%| E|CS|TAMS 0x0000000614600000, 0x0000000614600000| Complete 

Card table byte_map: [0x0000023f214a0000,0x0000023f224a0000] _byte_map_base: 0x0000023f1e495000

Marking Bits (Prev, Next): (CMBitMap*) 0x0000023f00abd5a8, (CMBitMap*) 0x0000023f00abd5e0
 Prev Bits: [0x0000023f234a0000, 0x0000023f2b448000)
 Next Bits: [0x0000023f2b450000, 0x0000023f333f8000)

Polling page: 0x0000023f02550000

Metaspace:

Usage:
  Non-class:     27.49 MB capacity,    27.13 MB ( 99%) used,   326.25 KB (  1%) free+waste,    46.69 KB ( <1%) overhead. 
      Class:      3.60 MB capacity,     3.47 MB ( 96%) used,   115.50 KB (  3%) free+waste,    19.38 KB ( <1%) overhead. 
       Both:     31.09 MB capacity,    30.59 MB ( 98%) used,   441.75 KB (  1%) free+waste,    66.06 KB ( <1%) overhead. 

Virtual space:
  Non-class space:       28.00 MB reserved,      27.50 MB ( 98%) committed 
      Class space:        1.00 GB reserved,       3.63 MB ( <1%) committed 
             Both:        1.03 GB reserved,      31.13 MB (  3%) committed 

Chunk freelists:
   Non-Class:  8.00 KB
       Class:  28.00 KB
        Both:  36.00 KB

MaxMetaspaceSize: 17179869184.00 GB
CompressedClassSpaceSize: 1.00 GB
Initial GC threshold: 20.80 MB
Current GC threshold: 46.88 MB
CDS: off

CodeHeap 'non-profiled nmethods': size=119168Kb used=2394Kb max_used=2394Kb free=116773Kb
 bounds [0x0000023f19040000, 0x0000023f192b0000, 0x0000023f204a0000]
CodeHeap 'profiled nmethods': size=119168Kb used=8026Kb max_used=8026Kb free=111141Kb
 bounds [0x0000023f11be0000, 0x0000023f123c0000, 0x0000023f19040000]
CodeHeap 'non-nmethods': size=7424Kb used=2904Kb max_used=3006Kb free=4519Kb
 bounds [0x0000023f114a0000, 0x0000023f117b0000, 0x0000023f11be0000]
 total_blobs=3880 nmethods=3387 adapters=402
 compilation: enabled
              stopped_count=0, restarted_count=0
 full_count=0

Compilation events (20 events):
Event: 2.684 Thread 0x0000023f00a7d800 3043       4       javassist.bytecode.CodeIterator::next (19 bytes)
Event: 2.684 Thread 0x0000023f00a7b000 3116       3       javassist.bytecode.ConstPool::addClassInfo (37 bytes)
Event: 2.684 Thread 0x0000023f00a82800 nmethod 3117 0x0000023f122b8b10 code [0x0000023f122b8d00, 0x0000023f122b92d8]
Event: 2.684 Thread 0x0000023f00a82800 3112       3       javassist.bytecode.LocalVariableAttribute::nameIndex (15 bytes)
Event: 2.685 Thread 0x0000023f08268000 nmethod 3119 0x0000023f122b9510 code [0x0000023f122b9740, 0x0000023f122b9f68]
Event: 2.685 Thread 0x0000023f00a82800 nmethod 3112 0x0000023f122ba290 code [0x0000023f122ba440, 0x0000023f122ba618]
Event: 2.685 Thread 0x0000023f00a82800 3120       3       javassist.bytecode.Bytecode::write (7 bytes)
Event: 2.685 Thread 0x0000023f08268000 3121       3       javassist.bytecode.ByteVector::write (30 bytes)
Event: 2.685 Thread 0x0000023f00a82800 nmethod 3120 0x0000023f122ba710 code [0x0000023f122ba8e0, 0x0000023f122babc8]
Event: 2.685 Thread 0x0000023f00a89800 nmethod 3106 0x0000023f1923a290 code [0x0000023f1923a420, 0x0000023f1923a4f8]
Event: 2.685 Thread 0x0000023f00a89800 3076   !   4       javassist.bytecode.stackmap.Tracer::doOpcode (91 bytes)
Event: 2.685 Thread 0x0000023f08268000 nmethod 3121 0x0000023f122bad90 code [0x0000023f122baf60, 0x0000023f122bb1e8]
Event: 2.685 Thread 0x0000023f00a82800 3122       1       java.security.Permission::getName (5 bytes)
Event: 2.685 Thread 0x0000023f00a7b000 nmethod 3116 0x0000023f122bb310 code [0x0000023f122bb640, 0x0000023f122bc898]
Event: 2.685 Thread 0x0000023f00a82800 nmethod 3122 0x0000023f1923e490 code [0x0000023f1923e640, 0x0000023f1923e6f8]
Event: 2.686 Thread 0x0000023f00a7c800 nmethod 3035 0x0000023f1923a610 code [0x0000023f1923a8c0, 0x0000023f1923bd20]
Event: 2.686 Thread 0x0000023f00a81000 nmethod 3074 0x0000023f1923c910 code [0x0000023f1923cb20, 0x0000023f1923dcb8]
Event: 2.686 Thread 0x0000023f08268000 3123       3       javassist.compiler.JvstCodeGen::atCallExpr (88 bytes)
Event: 2.686 Thread 0x0000023f00a82800 3124       3       javassist.compiler.CodeGen::typePrecedence (47 bytes)
Event: 2.686 Thread 0x0000023f00a7b000 3125       3       javassist.bytecode.NameAndTypeInfo::equals (42 bytes)

GC Heap History (20 events):
Event: 0.929 GC heap before
{Heap before GC invocations=3 (full 1):
 garbage-first heap   total 122880K, used 44056K [0x0000000601600000, 0x0000000800000000)
  region size 2048K, 12 young (24576K), 0 survivors (0K)
 Metaspace       used 13338K, capacity 13642K, committed 13696K, reserved 1060864K
  class space    used 1290K, capacity 1374K, committed 1408K, reserved 1048576K
}
Event: 0.936 GC heap after
{Heap after GC invocations=4 (full 2):
 garbage-first heap   total 110592K, used 22581K [0x0000000601600000, 0x0000000800000000)
  region size 2048K, 0 young (0K), 0 survivors (0K)
 Metaspace       used 13338K, capacity 13642K, committed 13696K, reserved 1060864K
  class space    used 1290K, capacity 1374K, committed 1408K, reserved 1048576K
}
Event: 1.088 GC heap before
{Heap before GC invocations=4 (full 2):
 garbage-first heap   total 110592K, used 49205K [0x0000000601600000, 0x0000000800000000)
  region size 2048K, 13 young (26624K), 0 survivors (0K)
 Metaspace       used 14273K, capacity 14534K, committed 14720K, reserved 1062912K
  class space    used 1510K, capacity 1604K, committed 1664K, reserved 1048576K
}
Event: 1.089 GC heap after
{Heap after GC invocations=5 (full 2):
 garbage-first heap   total 110592K, used 24927K [0x0000000601600000, 0x0000000800000000)
  region size 2048K, 2 young (4096K), 2 survivors (4096K)
 Metaspace       used 14273K, capacity 14534K, committed 14720K, reserved 1062912K
  class space    used 1510K, capacity 1604K, committed 1664K, reserved 1048576K
}
Event: 1.145 GC heap before
{Heap before GC invocations=5 (full 2):
 garbage-first heap   total 110592K, used 45407K [0x0000000601600000, 0x0000000800000000)
  region size 2048K, 13 young (26624K), 2 survivors (4096K)
 Metaspace       used 14742K, capacity 15014K, committed 15360K, reserved 1062912K
  class space    used 1632K, capacity 1700K, committed 1792K, reserved 1048576K
}
Event: 1.158 GC heap after
{Heap after GC invocations=6 (full 3):
 garbage-first heap   total 102400K, used 26950K [0x0000000601600000, 0x0000000800000000)
  region size 2048K, 0 young (0K), 0 survivors (0K)
 Metaspace       used 14742K, capacity 15014K, committed 15360K, reserved 1062912K
  class space    used 1632K, capacity 1700K, committed 1792K, reserved 1048576K
}
Event: 1.331 GC heap before
{Heap before GC invocations=6 (full 3):
 garbage-first heap   total 102400K, used 61766K [0x0000000601600000, 0x0000000800000000)
  region size 2048K, 17 young (34816K), 0 survivors (0K)
 Metaspace       used 17979K, capacity 18288K, committed 18432K, reserved 1064960K
  class space    used 2113K, capacity 2235K, committed 2304K, reserved 1048576K
}
Event: 1.334 GC heap after
{Heap after GC invocations=7 (full 3):
 garbage-first heap   total 102400K, used 28657K [0x0000000601600000, 0x0000000800000000)
  region size 2048K, 1 young (2048K), 1 survivors (2048K)
 Metaspace       used 17979K, capacity 18288K, committed 18432K, reserved 1064960K
  class space    used 2113K, capacity 2235K, committed 2304K, reserved 1048576K
}
Event: 1.390 GC heap before
{Heap before GC invocations=7 (full 3):
 garbage-first heap   total 102400K, used 32753K [0x0000000601600000, 0x0000000800000000)
  region size 2048K, 4 young (8192K), 1 survivors (2048K)
 Metaspace       used 18530K, capacity 18872K, committed 18944K, reserved 1067008K
  class space    used 2191K, capacity 2302K, committed 2304K, reserved 1048576K
}
Event: 1.408 GC heap after
{Heap after GC invocations=8 (full 4):
 garbage-first heap   total 102400K, used 28733K [0x0000000601600000, 0x0000000800000000)
  region size 2048K, 0 young (0K), 0 survivors (0K)
 Metaspace       used 18530K, capacity 18872K, committed 18944K, reserved 1067008K
  class space    used 2191K, capacity 2302K, committed 2304K, reserved 1048576K
}
Event: 2.352 GC heap before
{Heap before GC invocations=8 (full 4):
 garbage-first heap   total 102400K, used 71741K [0x0000000601600000, 0x0000000800000000)
  region size 2048K, 21 young (43008K), 0 survivors (0K)
 Metaspace       used 24869K, capacity 25293K, committed 25600K, reserved 1071104K
  class space    used 2837K, capacity 2996K, committed 3072K, reserved 1048576K
}
Event: 2.354 GC heap after
{Heap after GC invocations=9 (full 4):
 garbage-first heap   total 102400K, used 30272K [0x0000000601600000, 0x0000000800000000)
  region size 2048K, 1 young (2048K), 1 survivors (2048K)
 Metaspace       used 24869K, capacity 25293K, committed 25600K, reserved 1071104K
  class space    used 2837K, capacity 2996K, committed 3072K, reserved 1048576K
}
Event: 2.399 GC heap before
{Heap before GC invocations=9 (full 4):
 garbage-first heap   total 102400K, used 30272K [0x0000000601600000, 0x0000000800000000)
  region size 2048K, 2 young (4096K), 1 survivors (2048K)
 Metaspace       used 24880K, capacity 25293K, committed 25600K, reserved 1071104K
  class space    used 2838K, capacity 2996K, committed 3072K, reserved 1048576K
}
Event: 2.419 GC heap after
{Heap after GC invocations=10 (full 5):
 garbage-first heap   total 102400K, used 30134K [0x0000000601600000, 0x0000000800000000)
  region size 2048K, 0 young (0K), 0 survivors (0K)
 Metaspace       used 24880K, capacity 25293K, committed 25600K, reserved 1071104K
  class space    used 2838K, capacity 2996K, committed 3072K, reserved 1048576K
}
Event: 2.468 GC heap before
{Heap before GC invocations=10 (full 5):
 garbage-first heap   total 102400K, used 36278K [0x0000000601600000, 0x0000000800000000)
  region size 2048K, 4 young (8192K), 0 survivors (0K)
 Metaspace       used 25819K, capacity 26195K, committed 26368K, reserved 1073152K
  class space    used 2923K, capacity 3062K, committed 3072K, reserved 1048576K
}
Event: 2.488 GC heap after
{Heap after GC invocations=11 (full 6):
 garbage-first heap   total 102400K, used 31963K [0x0000000601600000, 0x0000000800000000)
  region size 2048K, 0 young (0K), 0 survivors (0K)
 Metaspace       used 25819K, capacity 26195K, committed 26368K, reserved 1073152K
  class space    used 2923K, capacity 3062K, committed 3072K, reserved 1048576K
}
Event: 2.559 GC heap before
{Heap before GC invocations=11 (full 6):
 garbage-first heap   total 102400K, used 52443K [0x0000000601600000, 0x0000000800000000)
  region size 2048K, 11 young (22528K), 0 survivors (0K)
 Metaspace       used 27417K, capacity 27849K, committed 28160K, reserved 1075200K
  class space    used 3084K, capacity 3228K, committed 3328K, reserved 1048576K
}
Event: 2.585 GC heap after
{Heap after GC invocations=12 (full 7):
 garbage-first heap   total 102400K, used 35993K [0x0000000601600000, 0x0000000800000000)
  region size 2048K, 0 young (0K), 0 survivors (0K)
 Metaspace       used 27417K, capacity 27849K, committed 28160K, reserved 1075200K
  class space    used 3084K, capacity 3228K, committed 3328K, reserved 1048576K
}
Event: 2.655 GC heap before
{Heap before GC invocations=12 (full 7):
 garbage-first heap   total 102400K, used 50329K [0x0000000601600000, 0x0000000800000000)
  region size 2048K, 8 young (16384K), 0 survivors (0K)
 Metaspace       used 28309K, capacity 28698K, committed 28800K, reserved 1075200K
  class space    used 3224K, capacity 3362K, committed 3456K, reserved 1048576K
}
Event: 2.683 GC heap after
{Heap after GC invocations=13 (full 8):
 garbage-first heap   total 102400K, used 38918K [0x0000000601600000, 0x0000000800000000)
  region size 2048K, 0 young (0K), 0 survivors (0K)
 Metaspace       used 28309K, capacity 28698K, committed 28800K, reserved 1075200K
  class space    used 3224K, capacity 3362K, committed 3456K, reserved 1048576K
}

Deoptimization events (20 events):
Event: 2.612 Thread 0x0000023f7c669000 DEOPT PACKING pc=0x0000023f1922cac0 sp=0x000000e3c3de50f0
Event: 2.612 Thread 0x0000023f7c669000 DEOPT UNPACKING pc=0x0000023f114ea1af sp=0x000000e3c3de50d8 mode 2
Event: 2.612 Thread 0x0000023f7c669000 Uncommon trap: trap_request=0xffffffde fr.pc=0x0000023f1922cac0 relative=0x0000000000000b40
Event: 2.612 Thread 0x0000023f7c669000 Uncommon trap: reason=class_check action=maybe_recompile pc=0x0000023f1922cac0 method=javassist.bytecode.stackmap.MapMaker.merge(Ljavassist/bytecode/stackmap/TypeData;Ljavassist/bytecode/stackmap/TypeData;)Ljavassist/bytecode/stackmap/TypeData; @ 24 c2
Event: 2.612 Thread 0x0000023f7c669000 DEOPT PACKING pc=0x0000023f1922cac0 sp=0x000000e3c3de51c0
Event: 2.612 Thread 0x0000023f7c669000 DEOPT UNPACKING pc=0x0000023f114ea1af sp=0x000000e3c3de51a8 mode 2
Event: 2.622 Thread 0x0000023f08254800 Uncommon trap: trap_request=0xffffff4d fr.pc=0x0000023f191d6840 relative=0x0000000000000200
Event: 2.622 Thread 0x0000023f08254800 Uncommon trap: reason=unstable_if action=reinterpret pc=0x0000023f191d6840 method=jdk.internal.org.objectweb.asm.Type.getArgumentsAndReturnSizes(Ljava/lang/String;)I @ 88 c2
Event: 2.622 Thread 0x0000023f08254800 DEOPT PACKING pc=0x0000023f191d6840 sp=0x000000e3cd9ac6e0
Event: 2.622 Thread 0x0000023f08254800 DEOPT UNPACKING pc=0x0000023f114ea1af sp=0x000000e3cd9ac668 mode 2
Event: 2.628 Thread 0x0000023f7c669000 Uncommon trap: trap_request=0xffffff4d fr.pc=0x0000023f19230620 relative=0x0000000000000e00
Event: 2.628 Thread 0x0000023f7c669000 Uncommon trap: reason=unstable_if action=reinterpret pc=0x0000023f19230620 method=java.io.DataInputStream.readUTF(Ljava/io/DataInput;)Ljava/lang/String; @ 154 c2
Event: 2.628 Thread 0x0000023f7c669000 DEOPT PACKING pc=0x0000023f19230620 sp=0x000000e3c3de5160
Event: 2.628 Thread 0x0000023f7c669000 DEOPT UNPACKING pc=0x0000023f114ea1af sp=0x000000e3c3de50f8 mode 2
Event: 2.632 Thread 0x0000023f7c669000 DEOPT PACKING pc=0x0000023f11f849cb sp=0x000000e3c3de49c0
Event: 2.632 Thread 0x0000023f7c669000 DEOPT UNPACKING pc=0x0000023f114ea95e sp=0x000000e3c3de3f00 mode 0
Event: 2.637 Thread 0x0000023f7c669000 Uncommon trap: trap_request=0xffffff4d fr.pc=0x0000023f1921ff08 relative=0x0000000000000068
Event: 2.637 Thread 0x0000023f7c669000 Uncommon trap: reason=unstable_if action=reinterpret pc=0x0000023f1921ff08 method=javassist.bytecode.stackmap.TypeData$BasicType.is2WordType()Z @ 5 c2
Event: 2.637 Thread 0x0000023f7c669000 DEOPT PACKING pc=0x0000023f1921ff08 sp=0x000000e3c3de4c60
Event: 2.637 Thread 0x0000023f7c669000 DEOPT UNPACKING pc=0x0000023f114ea1af sp=0x000000e3c3de4bf0 mode 2

Classes redefined (0 events):
No events

Internal exceptions (20 events):
Event: 1.262 Thread 0x0000023f7c669000 Exception <a 'java/lang/ClassNotFoundException'{0x0000000606025478}: org/apache/log4j/ConsoleAppenderBeanInfo> (0x0000000606025478) thrown at [s\src\hotspot\share\classfile\systemDictionary.cpp, line 233]
Event: 1.263 Thread 0x0000023f7c669000 Exception <a 'java/lang/ClassNotFoundException'{0x0000000606057370}: org/apache/log4j/WriterAppenderBeanInfo> (0x0000000606057370) thrown at [s\src\hotspot\share\classfile\systemDictionary.cpp, line 233]
Event: 1.263 Thread 0x0000023f7c669000 Exception <a 'java/lang/ClassNotFoundException'{0x00000006060892c8}: org/apache/log4j/AppenderSkeletonBeanInfo> (0x00000006060892c8) thrown at [s\src\hotspot\share\classfile\systemDictionary.cpp, line 233]
Event: 1.263 Thread 0x0000023f7c669000 Exception <a 'java/lang/ClassNotFoundException'{0x00000006060bf718}: org/apache/log4j/AppenderSkeletonCustomizer> (0x00000006060bf718) thrown at [s\src\hotspot\share\classfile\systemDictionary.cpp, line 233]
Event: 1.264 Thread 0x0000023f7c669000 Exception <a 'java/lang/ClassNotFoundException'{0x00000006061139d0}: org/apache/log4j/WriterAppenderCustomizer> (0x00000006061139d0) thrown at [s\src\hotspot\share\classfile\systemDictionary.cpp, line 233]
Event: 1.265 Thread 0x0000023f7c669000 Exception <a 'java/lang/ClassNotFoundException'{0x0000000606151a28}: org/apache/log4j/ConsoleAppenderCustomizer> (0x0000000606151a28) thrown at [s\src\hotspot\share\classfile\systemDictionary.cpp, line 233]
Event: 1.267 Thread 0x0000023f7c669000 Exception <a 'java/lang/ClassNotFoundException'{0x00000006061f53d8}: org/apache/log4j/varia/LevelRangeFilterBeanInfo> (0x00000006061f53d8) thrown at [s\src\hotspot\share\classfile\systemDictionary.cpp, line 233]
Event: 1.267 Thread 0x0000023f7c669000 Exception <a 'java/lang/ClassNotFoundException'{0x0000000605e26eb0}: org/apache/log4j/spi/FilterBeanInfo> (0x0000000605e26eb0) thrown at [s\src\hotspot\share\classfile\systemDictionary.cpp, line 233]
Event: 1.268 Thread 0x0000023f7c669000 Exception <a 'java/lang/ClassNotFoundException'{0x0000000605e58700}: org/apache/log4j/spi/FilterCustomizer> (0x0000000605e58700) thrown at [s\src\hotspot\share\classfile\systemDictionary.cpp, line 233]
Event: 1.268 Thread 0x0000023f7c669000 Exception <a 'java/lang/ClassNotFoundException'{0x0000000605e930e0}: org/apache/log4j/varia/LevelRangeFilterCustomizer> (0x0000000605e930e0) thrown at [s\src\hotspot\share\classfile\systemDictionary.cpp, line 233]
Event: 1.276 Thread 0x0000023f7c669000 Exception <a 'java/lang/NoSuchMethodError'{0x0000000605c56630}: 'java.lang.Object java.lang.invoke.DirectMethodHandle$Holder.invokeSpecialIFC(java.lang.Object, java.lang.Object)'> (0x0000000605c56630) thrown at [s\src\hotspot\share\interpreter\linkResolver.cpp, line 773]
Event: 1.382 Thread 0x0000023f7c669000 Exception <a 'java/lang/NoSuchMethodError'{0x00000006077b7670}: 'void java.lang.invoke.DirectMethodHandle$Holder.invokeSpecial(java.lang.Object, java.lang.Object)'> (0x00000006077b7670) thrown at [s\src\hotspot\share\interpreter\linkResolver.cpp, line 773]
Event: 1.825 Thread 0x0000023f08254800 Exception <a 'java/lang/ClassNotFoundException'{0x0000000607250a60}: javax/smartcardio/CardPermission> (0x0000000607250a60) thrown at [s\src\hotspot\share\classfile\systemDictionary.cpp, line 233]
Event: 1.828 Thread 0x0000023f08254800 Exception <a 'java/io/FileNotFoundException'{0x000000060726c8e0}> (0x000000060726c8e0) thrown at [s\src\hotspot\share\prims\jni.cpp, line 617]
Event: 1.892 Thread 0x0000023f7c669000 Exception <a 'java/lang/NoSuchMethodError'{0x0000000606feaca0}: 'java.lang.Object java.lang.invoke.DirectMethodHandle$Holder.invokeStatic(java.lang.Object, java.lang.Object, java.lang.Object, java.lang.Object, java.lang.Object, java.lang.Object, java.lang.Object, java.lang.Object, java.lang.Object, java.lang.Object, java.lang.Object, java.lang.Object, java.lang.Object, java.lang.Object, java.lang.Object)'> (0x0000000606feaca0) thrown at [s\src\hotspot\share\interpreter\linkResolver.cpp, line 773]
Event: 1.893 Thread 0x0000023f7c669000 Exception <a 'java/lang/NoSuchMethodError'{0x0000000606ff8a00}: 'java.lang.Object java.lang.invoke.DirectMethodHandle$Holder.invokeStatic(java.lang.Object, java.lang.Object, java.lang.Object, java.lang.Object, java.lang.Object, java.lang.Object, java.lang.Object, java.lang.Object, java.lang.Object, java.lang.Object, java.lang.Object, java.lang.Object, java.lang.Object, java.lang.Object, java.lang.Object, java.lang.Object)'> (0x0000000606ff8a00) thrown at [s\src\hotspot\share\interpreter\linkResolver.cpp, l
Event: 1.893 Thread 0x0000023f7c669000 Exception <a 'java/lang/NoSuchMethodError'{0x0000000606c5e1a8}: 'java.lang.Object java.lang.invoke.DirectMethodHandle$Holder.invokeSpecial(java.lang.Object, java.lang.Object, int, int, java.lang.Object, java.lang.Object, java.lang.Object)'> (0x0000000606c5e1a8) thrown at [s\src\hotspot\share\interpreter\linkResolver.cpp, line 773]
Event: 1.893 Thread 0x0000023f7c669000 Exception <a 'java/lang/NoSuchMethodError'{0x0000000606c61738}: 'java.lang.Object java.lang.invoke.DelegatingMethodHandle$Holder.reinvoke_L(java.lang.Object, int, int, java.lang.Object, java.lang.Object, java.lang.Object)'> (0x0000000606c61738) thrown at [s\src\hotspot\share\interpreter\linkResolver.cpp, line 773]
Event: 1.894 Thread 0x0000023f7c669000 Exception <a 'java/lang/NoSuchMethodError'{0x0000000606c65ac0}: 'java.lang.Object java.lang.invoke.DirectMethodHandle$Holder.invokeStatic(java.lang.Object, java.lang.Object, java.lang.Object, java.lang.Object, int)'> (0x0000000606c65ac0) thrown at [s\src\hotspot\share\interpreter\linkResolver.cpp, line 773]
Event: 2.622 Thread 0x0000023f08254800 Exception <a 'java/lang/NoSuchMethodError'{0x000000060749be60}: 'int java.lang.invoke.DirectMethodHandle$Holder.invokeSpecialIFC(java.lang.Object, java.lang.Object, int)'> (0x000000060749be60) thrown at [s\src\hotspot\share\interpreter\linkResolver.cpp, line 773]

Events (20 events):
Event: 2.638 loading class loci/formats/codec/Codec
Event: 2.638 loading class loci/formats/codec/Codec done
Event: 2.639 loading class javassist/expr/NewExpr$ProceedForNew
Event: 2.639 loading class javassist/expr/NewExpr$ProceedForNew done
Event: 2.639 loading class loci/formats/in/INRReader
Event: 2.639 loading class loci/formats/in/INRReader done
Event: 2.639 loading class loci/formats/in/KodakReader
Event: 2.639 loading class loci/formats/in/KodakReader done
Event: 2.639 Thread 0x0000023f00a7d800 Thread added: 0x0000023f00a7d800
Event: 2.640 loading class loci/formats/in/VolocityClippingReader
Event: 2.640 loading class loci/formats/in/VolocityClippingReader done
Event: 2.641 loading class loci/formats/in/ZeissCZIReader
Event: 2.641 loading class loci/formats/in/ZeissCZIReader done
Event: 2.643 Thread 0x0000023f00a89800 Thread added: 0x0000023f00a89800
Event: 2.645 Executing VM operation: G1CollectFull
Event: 2.683 Executing VM operation: G1CollectFull done
Event: 2.685 loading class ome/xml/model/primitives/PrimitiveNumber
Event: 2.685 loading class ome/xml/model/primitives/PrimitiveNumber done
Event: 2.686 loading class loci/formats/in/ZeissCZIReader$Segment
Event: 2.686 loading class loci/formats/in/ZeissCZIReader$Segment done


Dynamic libraries:
0x00007ff608220000 - 0x00007ff60823c000 	C:\Users\sakib\anaconda3\envs\pyimagej\python.exe
0x00007ffea9f50000 - 0x00007ffeaa148000 	C:\Windows\SYSTEM32\ntdll.dll
0x00007ffea9360000 - 0x00007ffea9422000 	C:\Windows\System32\KERNEL32.DLL
0x00007ffea79f0000 - 0x00007ffea7ce6000 	C:\Windows\System32\KERNELBASE.dll
0x00007ffea7740000 - 0x00007ffea7840000 	C:\Windows\System32\ucrtbase.dll
0x00007ffde1230000 - 0x00007ffde1788000 	C:\Users\sakib\anaconda3\envs\pyimagej\python39.dll
0x00007ffe5f820000 - 0x00007ffe5f83d000 	C:\Users\sakib\anaconda3\envs\pyimagej\VCRUNTIME140.dll
0x00007ffea99b0000 - 0x00007ffea9a1b000 	C:\Windows\System32\WS2_32.dll
0x00007ffea8000000 - 0x00007ffea8120000 	C:\Windows\System32\RPCRT4.dll
0x00007ffea2240000 - 0x00007ffea224a000 	C:\Windows\SYSTEM32\VERSION.dll
0x00007ffea8a20000 - 0x00007ffea8abe000 	C:\Windows\System32\msvcrt.dll
0x00007ffea9520000 - 0x00007ffea95d1000 	C:\Windows\System32\ADVAPI32.dll
0x00007ffea8c70000 - 0x00007ffea8d0f000 	C:\Windows\System32\sechost.dll
0x00007ffea7910000 - 0x00007ffea7937000 	C:\Windows\System32\bcrypt.dll
0x00007ffea4720000 - 0x00007ffea473a000 	C:\Users\sakib\anaconda3\envs\pyimagej\zlib.dll
0x00007ffea6f70000 - 0x00007ffea6f88000 	C:\Windows\SYSTEM32\CRYPTSP.dll
0x00007ffea65b0000 - 0x00007ffea65e8000 	C:\Windows\system32\rsaenh.dll
0x00007ffea6f60000 - 0x00007ffea6f6c000 	C:\Windows\SYSTEM32\CRYPTBASE.dll
0x00007ffea75e0000 - 0x00007ffea7662000 	C:\Windows\System32\bcryptPrimitives.dll
0x00007ffe6f620000 - 0x00007ffe6f62f000 	C:\Users\sakib\anaconda3\envs\pyimagej\python3.DLL
0x00007ffe5d1f0000 - 0x00007ffe5d200000 	C:\Users\sakib\anaconda3\envs\pyimagej\lib\site-packages\zmq\backend\cython\_device.cp39-win_amd64.pyd
0x00007ffe36fd0000 - 0x00007ffe37043000 	C:\Users\sakib\anaconda3\envs\pyimagej\Library\bin\libzmq-mt-4_3_5.dll
0x00007ffea6970000 - 0x00007ffea69ab000 	C:\Windows\SYSTEM32\IPHLPAPI.DLL
0x00007ffe37380000 - 0x00007ffe373cf000 	C:\Users\sakib\anaconda3\envs\pyimagej\Library\bin\libsodium.dll
0x00007ffe27990000 - 0x00007ffe27a1d000 	C:\Users\sakib\anaconda3\envs\pyimagej\MSVCP140.dll
0x00007ffe5c8e0000 - 0x00007ffe5c8ec000 	C:\Users\sakib\anaconda3\envs\pyimagej\VCRUNTIME140_1.dll
0x00007ffe584d0000 - 0x00007ffe584e3000 	C:\Users\sakib\anaconda3\envs\pyimagej\lib\site-packages\zmq\backend\cython\context.cp39-win_amd64.pyd
0x00007ffe36fa0000 - 0x00007ffe36fc5000 	C:\Users\sakib\anaconda3\envs\pyimagej\lib\site-packages\zmq\backend\cython\socket.cp39-win_amd64.pyd
0x00007ffe371c0000 - 0x00007ffe371d9000 	C:\Users\sakib\anaconda3\envs\pyimagej\lib\site-packages\zmq\backend\cython\message.cp39-win_amd64.pyd
0x00007ffe36f80000 - 0x00007ffe36f93000 	C:\Users\sakib\anaconda3\envs\pyimagej\lib\site-packages\zmq\backend\cython\_poll.cp39-win_amd64.pyd
0x00007ffe5c8d0000 - 0x00007ffe5c8e0000 	C:\Users\sakib\anaconda3\envs\pyimagej\lib\site-packages\zmq\backend\cython\_proxy_steerable.cp39-win_amd64.pyd
0x00007ffe5be20000 - 0x00007ffe5be2c000 	C:\Users\sakib\anaconda3\envs\pyimagej\lib\site-packages\zmq\backend\cython\_version.cp39-win_amd64.pyd
0x00007ffe5b5e0000 - 0x00007ffe5b5ed000 	C:\Users\sakib\anaconda3\envs\pyimagej\lib\site-packages\zmq\backend\cython\error.cp39-win_amd64.pyd
0x00007ffe59640000 - 0x00007ffe5964f000 	C:\Users\sakib\anaconda3\envs\pyimagej\lib\site-packages\zmq\backend\cython\utils.cp39-win_amd64.pyd
0x00007ffe5d3c0000 - 0x00007ffe5d3d7000 	C:\Users\sakib\anaconda3\envs\pyimagej\DLLs\_socket.pyd
0x00007ffe62f60000 - 0x00007ffe62f6a000 	C:\Users\sakib\anaconda3\envs\pyimagej\DLLs\select.pyd
0x00007ffe2ae20000 - 0x00007ffe2ae50000 	C:\Users\sakib\anaconda3\envs\pyimagej\DLLs\_ssl.pyd
0x00007ffea7e10000 - 0x00007ffea7f6d000 	C:\Windows\System32\CRYPT32.dll
0x00007ffde0c00000 - 0x00007ffde1227000 	C:\Users\sakib\anaconda3\envs\pyimagej\Library\bin\libcrypto-3-x64.dll
0x00007ffe0fbe0000 - 0x00007ffe0fd03000 	C:\Users\sakib\anaconda3\envs\pyimagej\Library\bin\libssl-3-x64.dll
0x00007ffea8ac0000 - 0x00007ffea8c61000 	C:\Windows\System32\USER32.dll
0x00007ffea7710000 - 0x00007ffea7732000 	C:\Windows\System32\win32u.dll
0x00007ffea92d0000 - 0x00007ffea92fb000 	C:\Windows\System32\GDI32.dll
0x00007ffea7cf0000 - 0x00007ffea7e09000 	C:\Windows\System32\gdi32full.dll
0x00007ffea7670000 - 0x00007ffea770d000 	C:\Windows\System32\msvcp_win.dll
0x00007ffea9770000 - 0x00007ffea979f000 	C:\Windows\System32\IMM32.DLL
0x00007ffe34710000 - 0x00007ffe34724000 	C:\Users\sakib\anaconda3\envs\pyimagej\DLLs\_asyncio.pyd
0x00007ffe36f70000 - 0x00007ffe36f7e000 	C:\Users\sakib\anaconda3\envs\pyimagej\DLLs\_overlapped.pyd
0x00007ffea6d00000 - 0x00007ffea6d6a000 	C:\Windows\system32\mswsock.dll
0x00007ffe6f470000 - 0x00007ffe6f47b000 	C:\Users\sakib\anaconda3\envs\pyimagej\DLLs\_bz2.pyd
0x00007ffe37400000 - 0x00007ffe37438000 	C:\Users\sakib\anaconda3\envs\pyimagej\Library\bin\LIBBZ2.dll
0x00007ffe6f010000 - 0x00007ffe6f01e000 	C:\Users\sakib\anaconda3\envs\pyimagej\DLLs\_lzma.pyd
0x00007ffe373d0000 - 0x00007ffe373fa000 	C:\Users\sakib\anaconda3\envs\pyimagej\Library\bin\liblzma.dll
0x00007ffe5d200000 - 0x00007ffe5d20a000 	C:\Users\sakib\anaconda3\envs\pyimagej\DLLs\_queue.pyd
0x00007ffe31f20000 - 0x00007ffe31f32000 	C:\Users\sakib\anaconda3\envs\pyimagej\DLLs\_hashlib.pyd
0x00007ffe2ae10000 - 0x00007ffe2ae17000 	C:\Users\sakib\anaconda3\envs\pyimagej\lib\site-packages\tornado\speedups.pyd
0x00007ffe27dc0000 - 0x00007ffe27de5000 	C:\Users\sakib\anaconda3\envs\pyimagej\DLLs\_ctypes.pyd
0x00007ffea8d10000 - 0x00007ffea8e3b000 	C:\Windows\System32\ole32.dll
0x00007ffea8f60000 - 0x00007ffea92b4000 	C:\Windows\System32\combase.dll
0x00007ffea96a0000 - 0x00007ffea976d000 	C:\Windows\System32\OLEAUT32.dll
0x00007ffe37370000 - 0x00007ffe3737c000 	C:\Users\sakib\anaconda3\envs\pyimagej\Library\bin\ffi-8.dll
0x00007ffe34730000 - 0x00007ffe34786000 	C:\Users\sakib\anaconda3\envs\pyimagej\DLLs\_decimal.pyd
0x00007ffe27d90000 - 0x00007ffe27d99000 	C:\Users\sakib\anaconda3\envs\pyimagej\DLLs\_uuid.pyd
0x00007ffe0d720000 - 0x00007ffe0d9f8000 	C:\Users\sakib\anaconda3\envs\pyimagej\lib\site-packages\numpy\core\_multiarray_umath.cp39-win_amd64.pyd
0x00007ffdde630000 - 0x00007ffde0bfb000 	C:\Users\sakib\anaconda3\envs\pyimagej\Library\bin\libcblas.dll
0x00007ffe27d70000 - 0x00007ffe27d84000 	C:\Users\sakib\anaconda3\envs\pyimagej\lib\site-packages\numpy\core\_multiarray_tests.cp39-win_amd64.pyd
0x00007ffe27ca0000 - 0x00007ffe27cbd000 	C:\Users\sakib\anaconda3\envs\pyimagej\lib\site-packages\numpy\linalg\_umath_linalg.cp39-win_amd64.pyd
0x00007ffdd9a90000 - 0x00007ffddc05b000 	C:\Users\sakib\anaconda3\envs\pyimagej\Library\bin\libblas.dll
0x00007ffddc060000 - 0x00007ffdde62b000 	C:\Users\sakib\anaconda3\envs\pyimagej\Library\bin\liblapack.dll
0x00007ffe27c80000 - 0x00007ffe27c9e000 	C:\Users\sakib\anaconda3\envs\pyimagej\lib\site-packages\numpy\fft\_pocketfft_internal.cp39-win_amd64.pyd
0x00007ffe1ce80000 - 0x00007ffe1cf17000 	C:\Users\sakib\anaconda3\envs\pyimagej\lib\site-packages\numpy\random\mtrand.cp39-win_amd64.pyd
0x00007ffe27960000 - 0x00007ffe2798c000 	C:\Users\sakib\anaconda3\envs\pyimagej\lib\site-packages\numpy\random\bit_generator.cp39-win_amd64.pyd
0x00007ffe26800000 - 0x00007ffe2682f000 	C:\Users\sakib\anaconda3\envs\pyimagej\lib\site-packages\numpy\random\_common.cp39-win_amd64.pyd
0x00007ffe26420000 - 0x00007ffe26464000 	C:\Users\sakib\anaconda3\envs\pyimagej\lib\site-packages\numpy\random\_bounded_integers.cp39-win_amd64.pyd
0x00007ffe27c60000 - 0x00007ffe27c77000 	C:\Users\sakib\anaconda3\envs\pyimagej\lib\site-packages\numpy\random\_mt19937.cp39-win_amd64.pyd
0x00007ffe267e0000 - 0x00007ffe267f5000 	C:\Users\sakib\anaconda3\envs\pyimagej\lib\site-packages\numpy\random\_philox.cp39-win_amd64.pyd
0x00007ffe21de0000 - 0x00007ffe21dfa000 	C:\Users\sakib\anaconda3\envs\pyimagej\lib\site-packages\numpy\random\_pcg64.cp39-win_amd64.pyd
0x00007ffe269d0000 - 0x00007ffe269e0000 	C:\Users\sakib\anaconda3\envs\pyimagej\lib\site-packages\numpy\random\_sfc64.cp39-win_amd64.pyd
0x00007ffe1c5d0000 - 0x00007ffe1c67f000 	C:\Users\sakib\anaconda3\envs\pyimagej\lib\site-packages\numpy\random\_generator.cp39-win_amd64.pyd
0x00007ffdd76a0000 - 0x00007ffdd9a81000 	C:\Users\sakib\anaconda3\envs\pyimagej\Library\bin\mkl_intel_thread.2.dll
0x00007ffdd2e00000 - 0x00007ffdd7699000 	C:\Users\sakib\anaconda3\envs\pyimagej\Library\bin\mkl_core.2.dll
0x00007ffdd0a50000 - 0x00007ffdd2df7000 	C:\Users\sakib\anaconda3\envs\pyimagej\Library\bin\mkl_def.2.dll
0x00007ffdd0150000 - 0x00007ffdd0a44000 	C:\Users\sakib\anaconda3\envs\pyimagej\Library\bin\mkl_vml_def.2.dll
0x00007ffe267d0000 - 0x00007ffe267d9000 	C:\Users\sakib\anaconda3\envs\pyimagej\lib\site-packages\matplotlib\_c_internal_utils.cp39-win_amd64.pyd
0x00007ffea8120000 - 0x00007ffea8890000 	C:\Windows\System32\SHELL32.dll
0x00007ffe1ce10000 - 0x00007ffe1ce76000 	C:\Users\sakib\anaconda3\envs\pyimagej\lib\site-packages\PIL\_imaging.cp39-win_amd64.pyd
0x00007ffe1b350000 - 0x00007ffe1b3ab000 	C:\Users\sakib\anaconda3\envs\pyimagej\Library\bin\openjp2.dll
0x00007ffe0d6a0000 - 0x00007ffe0d717000 	C:\Users\sakib\anaconda3\envs\pyimagej\Library\bin\tiff.dll
0x00007ffe0ad40000 - 0x00007ffe0addb000 	C:\Users\sakib\anaconda3\envs\pyimagej\Library\bin\jpeg8.dll
0x00007ffe8ff30000 - 0x00007ffe8ffd4000 	C:\Users\sakib\anaconda3\envs\pyimagej\Library\bin\zstd.dll
0x00007ffe0acb0000 - 0x00007ffe0ad34000 	C:\Users\sakib\anaconda3\envs\pyimagej\Library\bin\Lerc.dll
0x00007ffe21db0000 - 0x00007ffe21de0000 	C:\Users\sakib\anaconda3\envs\pyimagej\Library\bin\deflate.dll
0x00007ffe20880000 - 0x00007ffe208a6000 	C:\Users\sakib\anaconda3\envs\pyimagej\lib\site-packages\matplotlib\_path.cp39-win_amd64.pyd
0x00007ffe27da0000 - 0x00007ffe27dbd000 	C:\Users\sakib\anaconda3\envs\pyimagej\lib\site-packages\matplotlib\ft2font.cp39-win_amd64.pyd
0x00007ffe27890000 - 0x00007ffe27937000 	C:\Users\sakib\anaconda3\envs\pyimagej\Library\bin\freetype.dll
0x00007ffe27850000 - 0x00007ffe27885000 	C:\Users\sakib\anaconda3\envs\pyimagej\Library\bin\libpng16.dll
0x00007ffe27830000 - 0x00007ffe27850000 	C:\Users\sakib\anaconda3\envs\pyimagej\lib\site-packages\kiwisolver\_cext.cp39-win_amd64.pyd
0x00007ffe0ab90000 - 0x00007ffe0aca5000 	C:\Users\sakib\anaconda3\envs\pyimagej\DLLs\unicodedata.pyd
0x00007ffe1ffc0000 - 0x00007ffe1fffc000 	C:\Users\sakib\anaconda3\envs\pyimagej\lib\site-packages\matplotlib\backends\_backend_agg.cp39-win_amd64.pyd
0x00007ffe1e670000 - 0x00007ffe1e69e000 	C:\Users\sakib\anaconda3\envs\pyimagej\lib\site-packages\matplotlib\_image.cp39-win_amd64.pyd
0x00007ffe1c5b0000 - 0x00007ffe1c5c6000 	C:\Users\sakib\anaconda3\envs\pyimagej\DLLs\_sqlite3.pyd
0x00007ffe1cf20000 - 0x00007ffe1d092000 	C:\Users\sakib\anaconda3\envs\pyimagej\Library\bin\sqlite3.dll
0x00007ffe1c590000 - 0x00007ffe1c5a4000 	C:\Users\sakib\anaconda3\envs\pyimagej\DLLs\_tkinter.pyd
0x00007ffe0a630000 - 0x00007ffe0a7b0000 	C:\Users\sakib\anaconda3\envs\pyimagej\Library\bin\tk86t.dll
0x00007ffe0a9c0000 - 0x00007ffe0ab85000 	C:\Users\sakib\anaconda3\envs\pyimagej\Library\bin\tcl86t.dll
0x00007ffea8940000 - 0x00007ffea8a1a000 	C:\Windows\System32\COMDLG32.dll
0x00007ffea8890000 - 0x00007ffea893d000 	C:\Windows\System32\shcore.dll
0x00007ffea7fa0000 - 0x00007ffea7ffb000 	C:\Windows\System32\SHLWAPI.dll
0x00007ffea7490000 - 0x00007ffea74be000 	C:\Windows\SYSTEM32\USERENV.dll
0x00007ffe98b90000 - 0x00007ffe98ba9000 	C:\Windows\SYSTEM32\NETAPI32.dll
0x00007ffe0a990000 - 0x00007ffe0a9ba000 	C:\Users\sakib\anaconda3\envs\pyimagej\Library\bin\zlib1.dll
0x00007ffe99240000 - 0x00007ffe994db000 	C:\Windows\WinSxS\amd64_microsoft.windows.common-controls_6595b64144ccf1df_6.0.19041.6456_none_60b8a6cb71f64256\COMCTL32.dll
0x00007ffea6b00000 - 0x00007ffea6b43000 	C:\Windows\SYSTEM32\LOGONCLI.DLL
0x00007ffea6af0000 - 0x00007ffea6afc000 	C:\Windows\SYSTEM32\NETUTILS.DLL
0x00007ffe97160000 - 0x00007ffe97179000 	C:\Windows\SYSTEM32\SAMCLI.DLL
0x00007ffe27820000 - 0x00007ffe27829000 	C:\Users\sakib\anaconda3\envs\pyimagej\lib\site-packages\matplotlib\backends\_tkagg.cp39-win_amd64.pyd
0x00007ffea95e0000 - 0x00007ffea95e8000 	C:\Windows\System32\PSAPI.DLL
0x00007ffe26410000 - 0x00007ffe2641b000 	C:\Users\sakib\anaconda3\envs\pyimagej\lib\site-packages\pandas\_libs\pandas_parser.cp39-win_amd64.pyd
0x00007ffe21da0000 - 0x00007ffe21dab000 	C:\Users\sakib\anaconda3\envs\pyimagej\lib\site-packages\pandas\_libs\pandas_datetime.cp39-win_amd64.pyd
0x00007ffdd0030000 - 0x00007ffdd0141000 	C:\Users\sakib\anaconda3\envs\pyimagej\lib\site-packages\pandas\_libs\interval.cp39-win_amd64.pyd
0x00007ffdcfe60000 - 0x00007ffdd0024000 	C:\Users\sakib\anaconda3\envs\pyimagej\lib\site-packages\pandas\_libs\hashtable.cp39-win_amd64.pyd
0x00007ffe0a960000 - 0x00007ffe0a98f000 	C:\Users\sakib\anaconda3\envs\pyimagej\lib\site-packages\pandas\_libs\missing.cp39-win_amd64.pyd
0x00007ffe0a930000 - 0x00007ffe0a95d000 	C:\Users\sakib\anaconda3\envs\pyimagej\lib\site-packages\pandas\_libs\tslibs\dtypes.cp39-win_amd64.pyd
0x00007ffe0d680000 - 0x00007ffe0d694000 	C:\Users\sakib\anaconda3\envs\pyimagej\lib\site-packages\pandas\_libs\tslibs\ccalendar.cp39-win_amd64.pyd
0x00007ffe0a910000 - 0x00007ffe0a930000 	C:\Users\sakib\anaconda3\envs\pyimagej\lib\site-packages\pandas\_libs\tslibs\np_datetime.cp39-win_amd64.pyd
0x00007ffe0a8d0000 - 0x00007ffe0a90b000 	C:\Users\sakib\anaconda3\envs\pyimagej\lib\site-packages\pandas\_libs\tslibs\conversion.cp39-win_amd64.pyd
0x00007ffe0a610000 - 0x00007ffe0a621000 	C:\Users\sakib\anaconda3\envs\pyimagej\lib\site-packages\pandas\_libs\tslibs\base.cp39-win_amd64.pyd
0x00007ffdcfd80000 - 0x00007ffdcfe5b000 	C:\Users\sakib\anaconda3\envs\pyimagej\lib\site-packages\pandas\_libs\tslibs\offsets.cp39-win_amd64.pyd

dbghelp: loaded successfully - version: 4.0.5 - missing functions: none
symbol engine: initialized successfully - sym options: 0x614 - pdb path: .;C:\Users\sakib\anaconda3\envs\pyimagej;C:\Windows\SYSTEM32;C:\Users\sakib\anaconda3\envs\pyimagej\lib\site-packages\zmq\backend\cython;C:\Users\sakib\anaconda3\envs\pyimagej\Library\bin;C:\Users\sakib\anaconda3\envs\pyimagej\DLLs;C:\Users\sakib\anaconda3\envs\pyimagej\lib\site-packages\tornado;C:\Users\sakib\anaconda3\envs\pyimagej\lib\site-packages\numpy\core;C:\Users\sakib\anaconda3\envs\pyimagej\lib\site-packages\numpy\linalg;C:\Users\sakib\anaconda3\envs\pyimagej\lib\site-packages\numpy\fft;C:\Users\sakib\anaconda3\envs\pyimagej\lib\site-packages\numpy\random;C:\Users\sakib\anaconda3\envs\pyimagej\lib\site-packages\matplotlib;C:\Users\sakib\anaconda3\envs\pyimagej\lib\site-packages\PIL;C:\Users\sakib\anaconda3\envs\pyimagej\lib\site-packages\kiwisolver;C:\Users\sakib\anaconda3\envs\pyimagej\lib\site-packages\matplotlib\backends;C:\Windows\WinSxS\amd64_microsoft.windows.common-controls_6595b64144ccf1df_6.0.19041.6456_none_60b8a6cb71f64256;C:\Users\sakib\anaconda3\envs\pyimagej\lib\site-packages\pandas\_libs;C:\Users\sakib\anaconda3\envs\pyimagej\lib\site-packages\pandas\_libs\tslibs;C:\Users\sakib\anaconda3\envs\pyimagej\lib\site-packages\pandas\_libs\window;C:\Users\sakib\anaconda3\envs\pyimagej\lib\site-packages\psutil;C:\Users\sakib\anaconda3\envs\pyimagej\lib\site-packages\debugpy\_vendored\pydevd\_pydevd_bundle;C:\Users\sakib\anaconda3\envs\pyimagej\lib\site-packages;C:\Users\sakib\anaconda3\envs\pyimagej\lib\site-packages\scipy\_lib;C:\Users\sakib\anaconda3\envs\pyimagej\lib\site-packages\scipy\linalg;C:\Users\sakib\anaconda3\envs\pyimagej\lib\site-packages\scipy\sparse;C:\Users\sakib\anaconda3\envs\pyimagej\lib\site-packages\scipy\sparse\linalg\_dsolve;C:\Users\sakib\anaconda3\envs\pyimagej\lib\site-packages\scipy\sparse\linalg\_eigen\arpack;C:\Users\sakib\anaconda3\envs\pyimagej\lib\site-packages\scipy\sparse\linalg\_propack;C:\Users\sakib\anaconda3\envs\pyimagej\lib\site-packages\scipy\sparse\csgraph;C:\Users\sakib\anaconda3\envs\pyimagej\lib\site-packages\scipy\optimize;C:\Users\sakib\anaconda3\envs\pyimagej\lib\site-packages\scipy\optimize\_trlib;C:\Users\sakib\anaconda3\envs\pyimagej\lib\site-packages\scipy\optimize\_lsq;C:\Users\sakib\anaconda3\envs\pyimagej\lib\site-packages\scipy\optimize\_highs;C:\Users\sakib\anaconda3\envs\pyimagej\lib\site-packages\scipy\spatial;C:\Users\sakib\anaconda3\envs\pyimagej\lib\site-packages\scipy\special;C:\Users\sakib\anaconda3\envs\pyimagej\lib\site-packages\scipy\spatial\transform;A:\Program Files\Common Files\microsoft shared\ink;C:\Windows\WinSxS\amd64_microsoft.windows.gdiplus_6595b64144ccf1df_1.1.19041.6456_none_91a399b0cc88bc24;A:\Program Files\Microsoft OneDrive\25.243.1211.0001;C:\Users\sakib\anaconda3\envs\pyimagej\Library\lib\jvm\bin\server;C:\Users\sakib\anaconda3\envs\pyimagej\Library\lib\jvm\bin

VM Arguments:
jvm_args: --add-opens=java.base/java.lang=ALL-UNNAMED --add-opens=java.base/java.util=ALL-UNNAMED 
java_command: <unknown>
java_class_path (initial): C:\Users\sakib\.jgo\sc.fiji\fiji\2.14.0\6ad50f45b0f3491affd3b43750c8c212c3c855c46dbb6becfc0463856a3d9f35\3D_Blob_Segmentation-3.0.2.jar;C:\Users\sakib\.jgo\sc.fiji\fiji\2.14.0\6ad50f45b0f3491affd3b43750c8c212c3c855c46dbb6becfc0463856a3d9f35\3D_Objects_Counter-2.0.1.jar;C:\Users\sakib\.jgo\sc.fiji\fiji\2.14.0\6ad50f45b0f3491affd3b43750c8c212c3c855c46dbb6becfc0463856a3d9f35\3D_Viewer-4.0.5.jar;C:\Users\sakib\.jgo\sc.fiji\fiji\2.14.0\6ad50f45b0f3491affd3b43750c8c212c3c855c46dbb6becfc0463856a3d9f35\ahocorasick-0.2.4.jar;C:\Users\sakib\.jgo\sc.fiji\fiji\2.14.0\6ad50f45b0f3491affd3b43750c8c212c3c855c46dbb6becfc0463856a3d9f35\aircompressor-0.21.jar;C:\Users\sakib\.jgo\sc.fiji\fiji\2.14.0\6ad50f45b0f3491affd3b43750c8c212c3c855c46dbb6becfc0463856a3d9f35\alphanumeric-comparator-1.4.1.jar;C:\Users\sakib\.jgo\sc.fiji\fiji\2.14.0\6ad50f45b0f3491affd3b43750c8c212c3c855c46dbb6becfc0463856a3d9f35\AnalyzeSkeleton_-3.4.2.jar;C:\Users\sakib\.jgo\sc.fiji\fiji\2.14.0\6ad50f45b0f3491affd3b43750c8c212c3c855c46dbb6becfc0463856a3d9f35\animal-sniffer-annotations-1.23.jar;C:\Users\sakib\.jgo\sc.fiji\fiji\2.14.0\6ad50f45b0f3491affd3b43750c8c212c3c855c46dbb6becfc0463856a3d9f35\Anisotropic_Diffusion_2D-2.0.1.jar;C:\Users\sakib\.jgo\sc.fiji\fiji\2.14.0\6ad50f45b0f3491affd3b43750c8c212c3c855c46dbb6becfc0463856a3d9f35\annotations-13.0.jar;C:\Users\sakib\.jgo\sc.fiji\fiji\2.14.0\6ad50f45b0f3491affd3b43750c8c212c3c855c46dbb6becfc0463856a3d9f35\annotations-4.1.1.4.jar;C:\Users\sakib\.jgo\sc.fiji\fiji\2.14.0\6ad50f45b0f3491affd3b43750c8c212c3c855c46dbb6becfc0463856a3d9f35\ant-1.10.13.jar;C:\Users\sakib\.jgo\sc.fiji\fiji\2.14.0\6ad50f45b0f3491affd3b43750c8c212c3c855c46dbb6becfc0463856a3d9f35\ant-launcher-1.10.13.jar;C:\Users\sakib\.jgo\sc.fiji\fiji\2.14.0\6ad50f45b0f3491affd3b43750c8c212c3c855c46dbb6becfc0463856a3d9f35\antlr-2.7.7.jar;C:\Users\sakib\.jgo\sc.fiji\fiji\2.14.0\6ad50f45b0f3491affd3b43750c8c212c3c855c46dbb6becfc0463856a3d9f35\antlr-3.5.3.jar;C:\Users\sakib\.jgo\s
Launcher Type: generic

[Global flags]
     intx CICompilerCount                          = 12                                        {product} {ergonomic}
     uint ConcGCThreads                            = 5                                         {product} {ergonomic}
     uint G1ConcRefinementThreads                  = 18                                        {product} {ergonomic}
   size_t G1HeapRegionSize                         = 2097152                                   {product} {ergonomic}
    uintx GCDrainStackTargetSize                   = 64                                        {product} {ergonomic}
   size_t InitialHeapSize                          = 536870912                                 {product} {ergonomic}
   size_t MarkStackSize                            = 4194304                                   {product} {ergonomic}
   size_t MaxHeapSize                              = 8566865920                                {product} {ergonomic}
   size_t MaxNewSize                               = 5140119552                                {product} {ergonomic}
   size_t MinHeapDeltaBytes                        = 2097152                                   {product} {ergonomic}
    uintx NonNMethodCodeHeapSize                   = 7594288                                {pd product} {ergonomic}
    uintx NonProfiledCodeHeapSize                  = 122031976                              {pd product} {ergonomic}
    uintx ProfiledCodeHeapSize                     = 122031976                              {pd product} {ergonomic}
    uintx ReservedCodeCacheSize                    = 251658240                              {pd product} {ergonomic}
     bool SegmentedCodeCache                       = true                                      {product} {ergonomic}
     bool UseCompressedClassPointers               = true                                 {lp64_product} {ergonomic}
     bool UseCompressedOops                        = true                                 {lp64_product} {ergonomic}
     bool UseG1GC                                  = true                                      {product} {ergonomic}
     bool UseLargePagesIndividualAllocation        = false                                  {pd product} {ergonomic}

Logging:
Log output configuration:
 #0: stdout all=warning uptime,level,tags
 #1: stderr all=off uptime,level,tags

Environment Variables:
JAVA_HOME=C:\Users\sakib\anaconda3\envs\pyimagej\Library\lib\jvm
PATH=C:\Users\sakib\anaconda3\envs\pyimagej;C:\Users\sakib\anaconda3\envs\pyimagej\Library\mingw-w64\bin;C:\Users\sakib\anaconda3\envs\pyimagej\Library\usr\bin;C:\Users\sakib\anaconda3\envs\pyimagej\Library\bin;C:\Users\sakib\anaconda3\envs\pyimagej\Scripts;C:\Users\sakib\anaconda3\envs\pyimagej\bin;C:\Users\sakib\anaconda3\condabin;C:\Users\sakib\anaconda3;C:\Users\sakib\anaconda3\Library\mingw-w64\bin;C:\Users\sakib\anaconda3\Library\usr\bin;C:\Users\sakib\anaconda3\Library\bin;C:\Users\sakib\anaconda3\Scripts;A:\Program Files\Zulu\zulu-11\bin;A:\Program Files\Zulu\zulu-21\bin;A:\Program Files (x86)\Common Files\Oracle\Java\javapath;C:\Windows\system32;C:\Windows;C:\Windows\System32\Wbem;C:\Windows\System32\WindowsPowerShell\v1.0;C:\Windows\System32\OpenSSH;C:\Program Files (x86)\ATI Technologies\ATI.ACE\Core-Static;A:\Program Files\Wolfram Research\WolframScript;A:\Program Files\dotnet;A:\Program Files (x86)\IVI Foundation\VISA\WinNT\Bin;A:\Program Files\IVI Foundation\VISA\Win64\Bin;A:\Program Files (x86)\National Instruments\Shared\LabVIEW CLI;A:\Program Files (x86)\IVI Foundation\IVI\Bin;A:\Program Files\IVI Foundation\IVI\Bin;A:\Program Files (x86)\IVI Foundation\VISA\WinNT\Bin;A:\Program Files\Carl Zeiss\MicroscopyInstaller;A:\Program Files\Microsoft SQL Server\120\Tools\Binn;A:\Program Files (x86)\Windows Kits\10\Windows Performance Toolkit;A:\Program Files\Git\cmd;A:\Program Files\gs\gs10.06.0\bin;A:\Program Files\gs\gs10.06.0\lib;A:\Program Files\Zulu\zulu-11\bin;A:\Program Files\Zulu\zulu-21\bin;A:\Program Files (x86)\Common Files\Oracle\Java\javapath;C:\Windows\system32;C:\Windows;C:\Windows\System32\Wbem;C:\Windows\System32\WindowsPowerShell\v1.0;C:\Windows\System32\OpenSSH;C:\Program Files (x86)\ATI Technologies\ATI.ACE\Core-Static;A:\Program Files\Wolfram Research\WolframScript;A:\Program Files\dotnet;A:\Program Files (x86)\IVI Foundation\VISA\WinNT\Bin;A:\Program Files\IVI Foundation\VISA\Win64\Bin;A:\Program Files (x86)\National Instruments\Shared\Lab
USERNAME=sakib
LANG=en
TERM=xterm-color
OS=Windows_NT
PROCESSOR_IDENTIFIER=AMD64 Family 25 Model 33 Stepping 2, AuthenticAMD
TMP=C:\Users\sakib\AppData\Local\Temp
TEMP=C:\Users\sakib\AppData\Local\Temp



---------------  S Y S T E M  ---------------

OS: Windows 10 , 64 bit Build 19041 (10.0.19041.5915)
OS uptime: 0 days 1:09 hours

CPU:total 24 (initial active 24) (24 cores per cpu, 2 threads per core) family 25 model 33 stepping 2 microcode 0x0, cmov, cx8, fxsr, mmx, sse, sse2, sse3, ssse3, sse4.1, sse4.2, popcnt, avx, avx2, aes, clmul, erms, mmxext, 3dnowpref, lzcnt, sse4a, ht, tsc, tscinvbit, tscinv, bmi1, bmi2, adx, sha, fma

Memory: 4k page, system-wide physical 32678M (18050M free)
TotalPageFile size 37542M (AvailPageFile size 21800M)
current process WorkingSet (physical memory assigned to process): 528M, peak: 528M
current process commit charge ("private bytes"): 759M, peak: 895M

vm_info: OpenJDK 64-Bit Server VM (11.0.22+7-LTS) for windows-amd64 JRE (Zulu11.70+15-CA) (11.0.22+7-LTS), built on Jan  5 2024 14:01:50 by "zulu_re" with MS VC++ 15.9 (VS2017)

END.
