#
# A fatal error has been detected by the Java Runtime Environment:
#
#  EXCEPTION_ACCESS_VIOLATION (0xc0000005) at pc=0x00007ffde14a5370, pid=18188, tid=20268
#
# JRE version: OpenJDK Runtime Environment Zulu11.70+15-CA (11.0.22+7) (build 11.0.22+7-LTS)
# Java VM: OpenJDK 64-Bit Server VM Zulu11.70+15-CA (11.0.22+7-LTS, mixed mode, tiered, compressed oops, g1 gc, windows-amd64)
# Problematic frame:
# C  [python39.dll+0x275370]  too_many_positional+0x100
#
# No core dump will be written. Minidumps are not enabled by default on client versions of Windows
#
# If you would like to submit a bug report, please visit:
#   http://www.azul.com/support/
# The crash happened outside the Java Virtual Machine in native code.
# See problematic frame for where to report the bug.
#

---------------  S U M M A R Y ------------

Command Line: --add-opens=java.base/java.lang=ALL-UNNAMED --add-opens=java.base/java.util=ALL-UNNAMED 

Host: AMD Ryzen 9 5900X 12-Core Processor            , 24 cores, 31G,  Windows 10 , 64 bit Build 19041 (10.0.19041.5915)
Time: Mon Jan 26 21:36:16 2026 Eastern Standard Time elapsed time: 1.231493 seconds (0d 0h 0m 1s)

---------------  T H R E A D  ---------------

Current thread (0x000001e23572d800):  JavaThread "Python Reference Queue" daemon [_thread_in_native, id=20268, stack(0x0000002240c00000,0x0000002240df0000)]

Stack: [0x0000002240c00000,0x0000002240df0000],  sp=0x0000002240dee6f0,  free space=1977k
Native frames: (J=compiled Java code, j=interpreted, Vv=VM code, C=native code)
C  [python39.dll+0x275370]  too_many_positional+0x100  (ceval.c:3966)
C  [python39.dll+0x275dd3]  _PyEval_EvalCode+0x5b3  (ceval.c:4219)
C  [python39.dll+0x138784]  _PyFunction_Vectorcall+0x184  (call.c:396)
C  [python39.dll+0x13ad81]  _PyObject_VectorcallTstate+0x51  (abstract.h:118)
C  [python39.dll+0x13afad]  method_vectorcall+0x6d  (classobject.c:53)
C  [python39.dll+0x114a07]  _PyObject_VectorcallTstate+0x47  (abstract.h:119)
C  [python39.dll+0x114abf]  PyObject_CallOneArg+0x2f  (abstract.h:189)
C  [python39.dll+0x11a676]  object_recursive_isinstance+0x136  (abstract.c:2533)
C  [python39.dll+0x268a32]  builtin_isinstance+0x22  (bltinmodule.c.h:818)
C  [python39.dll+0x181cd1]  cfunction_vectorcall_FASTCALL+0xc1  (methodobject.c:431)
C  [python39.dll+0x26e8c1]  _PyObject_VectorcallTstate+0x51  (abstract.h:118)
C  [python39.dll+0x277d6f]  call_function+0x7f  (ceval.c:5083)
C  [python39.dll+0x271731]  _PyEval_EvalFrameDefault+0x1141  (ceval.c:3522)
C  [python39.dll+0x138591]  function_code_fastcall+0x71  (call.c:332)
C  [python39.dll+0x13867e]  _PyFunction_Vectorcall+0x7e  (call.c:404)
C  [python39.dll+0x13ad81]  _PyObject_VectorcallTstate+0x51  (abstract.h:118)
C  [python39.dll+0x13b04a]  method_vectorcall+0x10a  (classobject.c:83)
C  [python39.dll+0x137cd9]  _PyObject_VectorcallTstate+0x49  (abstract.h:119)
C  [python39.dll+0x138b85]  _PyObject_CallFunctionVa+0xe5  (call.c:543)
C  [python39.dll+0x138c34]  PyObject_CallFunction+0x34  (call.c:569)
C  [python39.dll+0x92ae0]  invoke_gc_callback+0xc0  (gcmodule.c:1365)
C  [python39.dll+0x92b7d]  collect_with_callback+0x2d  (gcmodule.c:1387)
C  [python39.dll+0x9447e]  PyGC_Collect+0x9e  (gcmodule.c:2075)
C  0x00007ffdcaaa9054
C  0x000001e2457ff777

Java frames: (J=compiled Java code, j=interpreted, Vv=VM code)
j  org.jpype.ref.JPypeReferenceNative.wake()V+0
j  org.jpype.ref.JPypeReferenceQueue$Worker.run()V+42
j  java.lang.Thread.run()V+11 java.base@11.0.22
v  ~StubRoutines::call_stub

siginfo: EXCEPTION_ACCESS_VIOLATION (0xc0000005), reading address 0x000001e138d10168


Register to memory mapping:

RIP=0x00007ffde14a5370 python39.dll::too_many_positional + 0x100
RAX=0x0000000000000002 is an unknown value
RBX=0x0 is NULL
RCX=0x000001e26e3fc830 points into unknown readable memory: 0x0000000000000000 | 00 00 00 00 00 00 00 00
RDX=0x000001e22bf330e0 points into unknown readable memory: 0x0000000000000002 | 02 00 00 00 00 00 00 00
RSP=0x0000002240dee6f0 is pointing into the stack for thread: 0x000001e23572d800
RBP=0x000001e26e3fc830 points into unknown readable memory: 0x0000000000000000 | 00 00 00 00 00 00 00 00
RSI=0x0 is NULL
RDI=0x000001e22f155ce8 points into unknown readable memory: 0x0000000000000000 | 00 00 00 00 00 00 00 00
R8 =0xffffffffe1377490 is an unknown value
R9 =0x0 is NULL
R10=0xffffffffe1377490 is an unknown value
R11=0xffffffffe1377492 is an unknown value
R12=0x000001e26e3fc830 points into unknown readable memory: 0x0000000000000000 | 00 00 00 00 00 00 00 00
R13=0x000001e22bf330e0 points into unknown readable memory: 0x0000000000000002 | 02 00 00 00 00 00 00 00
R14=0x0000002240deea30 is pointing into the stack for thread: 0x000001e23572d800
R15=0x0000000000000002 is an unknown value


Registers:
RAX=0x0000000000000002, RBX=0x0000000000000000, RCX=0x000001e26e3fc830, RDX=0x000001e22bf330e0
RSP=0x0000002240dee6f0, RBP=0x000001e26e3fc830, RSI=0x0000000000000000, RDI=0x000001e22f155ce8
R8 =0xffffffffe1377490, R9 =0x0000000000000000, R10=0xffffffffe1377490, R11=0xffffffffe1377492
R12=0x000001e26e3fc830, R13=0x000001e22bf330e0, R14=0x0000002240deea30, R15=0x0000000000000002
RIP=0x00007ffde14a5370, EFLAGS=0x0000000000010293

Top of Stack: (sp=0x0000002240dee6f0)
0x0000002240dee6f0:   000000000000000c 0000000000000000
0x0000002240dee700:   000001e26e3fc830 000001e22cb210f0
0x0000002240dee710:   0000000000000000 00007ffde13bae4e
0x0000002240dee720:   000001e22bf330e0 00007ffde138ee39
0x0000002240dee730:   0000000000000000 0000000000000000
0x0000002240dee740:   000001e22bb95fe0 00007ffde12c49cd
0x0000002240dee750:   000001e22bf330e0 000001e22f155b80
0x0000002240dee760:   0000000000000000 000001e22bf31080
0x0000002240dee770:   ffffffffe1377492 00007ffde14a5dd3
0x0000002240dee780:   ffffffffe1377492 000001e26e3fc830
0x0000002240dee790:   0000000000000000 0000000000000000
0x0000002240dee7a0:   000001e22f155ce8 00007ffde1371a6c
0x0000002240dee7b0:   0000000000000000 0000000000000000
0x0000002240dee7c0:   ffffffffe1377490 000001e236f26c50
0x0000002240dee7d0:   0000000000000000 000001e22f155ce8
0x0000002240dee7e0:   0000000000000000 0000002240deea30 

Instructions: (pc=0x00007ffde14a5370)
0x00007ffde14a5270:   40 53 57 41 54 41 55 41 57 48 83 ec 60 48 63 42
0x00007ffde14a5280:   18 4d 8b f8 4c 63 42 10 33 db 4c 8b ea 4c 8b e1
0x00007ffde14a5290:   4d 8b d0 4e 8d 1c 00 4d 3b c3 0f 8d e8 00 00 00
0x00007ffde14a52a0:   48 8b bc 24 b0 00 00 00 48 83 f8 04 0f 82 be 00
0x00007ffde14a52b0:   00 00 83 3d 5f 4d 24 00 02 0f 8c b1 00 00 00 66
0x00007ffde14a52c0:   0f 6f 2d 49 19 1f 00 48 99 83 e2 03 0f 29 74 24
0x00007ffde14a52d0:   50 66 0f 6f 35 b7 1c 1f 00 48 03 c2 83 e0 03 49
0x00007ffde14a52e0:   8b cb 48 2b c2 0f 57 e4 48 2b c8 0f 57 db 0f 57
0x00007ffde14a52f0:   d2 f3 42 0f 6f 0c d7 66 0f 6f c5 66 0f 38 29 cc
0x00007ffde14a5300:   66 0f df ce 66 0f d4 c3 66 0f db c1 66 0f df cb
0x00007ffde14a5310:   66 0f 6f d8 66 0f 6f c5 66 0f eb d9 66 0f d4 c2
0x00007ffde14a5320:   f3 42 0f 6f 4c d7 10 49 83 c2 04 66 0f 38 29 cc
0x00007ffde14a5330:   66 0f df ce 66 0f db c1 66 0f df ca 66 0f 6f d0
0x00007ffde14a5340:   66 0f eb d1 4c 3b d1 7c a8 0f 28 74 24 50 66 0f
0x00007ffde14a5350:   d4 d3 66 0f 6f c2 66 0f 73 d8 08 66 0f d4 d0 66
0x00007ffde14a5360:   48 0f 7e d3 4d 3b d3 7d 1f 0f 1f 80 00 00 00 00
0x00007ffde14a5370:   4a 83 3c d7 00 48 8d 43 01 48 0f 44 c3 49 ff c2
0x00007ffde14a5380:   48 8b d8 4d 3b d3 7c e8 4c 89 b4 24 a0 00 00 00
0x00007ffde14a5390:   49 8b d0 4d 85 c9 74 17 49 2b d1 48 8d 0d 4e 11
0x00007ffde14a53a0:   1e 00 41 be 01 00 00 00 e8 a3 23 f5 ff eb 17 45
0x00007ffde14a53b0:   33 f6 48 8d 0d 93 db 1c 00 49 83 f8 01 41 0f 95
0x00007ffde14a53c0:   c6 e8 8a 23 f5 ff 48 8b f8 48 85 c0 0f 84 0c 01
0x00007ffde14a53d0:   00 00 48 89 ac 24 90 00 00 00 48 8d 2d 3f 8d 1b
0x00007ffde14a53e0:   00 48 89 b4 24 98 00 00 00 48 8d 05 70 fc 1b 00
0x00007ffde14a53f0:   48 85 db 74 43 48 83 fb 01 48 8d 0d 00 11 1e 00
0x00007ffde14a5400:   4c 8b cd 48 8b d5 4c 0f 45 c8 4c 8b c3 49 83 ff
0x00007ffde14a5410:   01 48 0f 45 d0 e8 36 23 f5 ff 48 8b f0 48 85 c0
0x00007ffde14a5420:   75 32 48 83 2f 01 0f 85 a2 00 00 00 48 8b 47 08
0x00007ffde14a5430:   48 8b cf e9 93 00 00 00 45 33 c9 48 c7 44 24 20
0x00007ffde14a5440:   00 00 00 00 45 33 c0 33 d2 48 8b cd e8 bf 88 f5
0x00007ffde14a5450:   ff 48 8b f0 49 83 ff 01 75 0c 48 8d 05 db 10 1e
0x00007ffde14a5460:   00 48 85 db 74 07 48 8d 05 d3 10 1e 00 4d 8b 4d 


Stack slot to memory mapping:
stack at sp + 0 slots: 0x000000000000000c is an unknown value
stack at sp + 1 slots: 0x0 is NULL
stack at sp + 2 slots: 0x000001e26e3fc830 points into unknown readable memory: 0x0000000000000000 | 00 00 00 00 00 00 00 00
stack at sp + 3 slots: 0x000001e22cb210f0 points into unknown readable memory: 0x0000000000000075 | 75 00 00 00 00 00 00 00
stack at sp + 4 slots: 0x0 is NULL
stack at sp + 5 slots: 0x00007ffde13bae4e python39.dll::_PyObject_Malloc + 0xe
stack at sp + 6 slots: 0x000001e22bf330e0 points into unknown readable memory: 0x0000000000000002 | 02 00 00 00 00 00 00 00
stack at sp + 7 slots: 0x00007ffde138ee39 python39.dll::_PyFrame_New_NoTrack + 0x159


---------------  P R O C E S S  ---------------

Threads class SMR info:
_java_thread_list=0x000001e270cb9a80, length=21, elements={
0x000001e235723800, 0x000001e235727000, 0x000001e235723000, 0x000001e235724800,
0x000001e235726000, 0x000001e235722000, 0x000001e23caf8800, 0x000001e23caf4800,
0x000001e23572b800, 0x000001e23caf3000, 0x000001e23caf5800, 0x000001e23caf6000,
0x000001e23caf7000, 0x000001e23572c800, 0x000001e23caf8000, 0x000001e23caf3800,
0x000001e23572d800, 0x000001e23cafa800, 0x000001e23cafe800, 0x000001e23caff800,
0x000001e23572b000
}

Java Threads: ( => current thread )
  0x000001e235723800 JavaThread "main" [_thread_in_Java, id=9920, stack(0x0000002237800000,0x00000022379f0000)]
  0x000001e235727000 JavaThread "Reference Handler" daemon [_thread_blocked, id=11064, stack(0x000000223d7b0000,0x000000223d9a0000)]
  0x000001e235723000 JavaThread "Finalizer" daemon [_thread_blocked, id=1108, stack(0x000000223d9a0000,0x000000223db90000)]
  0x000001e235724800 JavaThread "Signal Dispatcher" daemon [_thread_blocked, id=2468, stack(0x000000223db90000,0x000000223dd80000)]
  0x000001e235726000 JavaThread "Attach Listener" daemon [_thread_blocked, id=15248, stack(0x000000223dd80000,0x000000223df70000)]
  0x000001e235722000 JavaThread "Service Thread" daemon [_thread_blocked, id=21064, stack(0x000000223df70000,0x000000223e160000)]
  0x000001e23caf8800 JavaThread "C2 CompilerThread0" daemon [_thread_in_native, id=16936, stack(0x000000223e160000,0x000000223e350000)]
  0x000001e23caf4800 JavaThread "C1 CompilerThread0" daemon [_thread_blocked, id=2020, stack(0x000000223e350000,0x000000223e540000)]
  0x000001e23572b800 JavaThread "Sweeper thread" daemon [_thread_blocked, id=13808, stack(0x000000223e540000,0x000000223e730000)]
  0x000001e23caf3000 JavaThread "C1 CompilerThread1" daemon [_thread_blocked, id=2328, stack(0x000000223e730000,0x000000223e920000)]
  0x000001e23caf5800 JavaThread "C1 CompilerThread2" daemon [_thread_blocked, id=8992, stack(0x000000223e920000,0x000000223eb10000)]
  0x000001e23caf6000 JavaThread "C1 CompilerThread3" daemon [_thread_blocked, id=12040, stack(0x000000223eb10000,0x000000223ed00000)]
  0x000001e23caf7000 JavaThread "C2 CompilerThread1" daemon [_thread_blocked, id=7376, stack(0x000000223ed00000,0x000000223eef0000)]
  0x000001e23572c800 JavaThread "Common-Cleaner" daemon [_thread_blocked, id=3532, stack(0x000000223eef0000,0x000000223f0e0000)]
  0x000001e23caf8000 JavaThread "C2 CompilerThread2" daemon [_thread_blocked, id=10808, stack(0x000000223f2d0000,0x000000223f4c0000)]
  0x000001e23caf3800 JavaThread "C2 CompilerThread3" daemon [_thread_in_native, id=3320, stack(0x0000002240a10000,0x0000002240c00000)]
=>0x000001e23572d800 JavaThread "Python Reference Queue" daemon [_thread_in_native, id=20268, stack(0x0000002240c00000,0x0000002240df0000)]
  0x000001e23cafa800 JavaThread "C2 CompilerThread4" daemon [_thread_in_vm, id=13324, stack(0x0000002240df0000,0x0000002240fe0000)]
  0x000001e23cafe800 JavaThread "C2 CompilerThread5" daemon [_thread_blocked, id=5212, stack(0x0000002240fe0000,0x00000022411d0000)]
  0x000001e23caff800 JavaThread "C2 CompilerThread6" daemon [_thread_in_native, id=10904, stack(0x00000022411d0000,0x00000022413c0000)]
  0x000001e23572b000 JavaThread "SciJava-c1fa7d4-Thread-0" daemon [_thread_blocked, id=18760, stack(0x00000022413c0000,0x00000022415b0000)]

Other Threads:
  0x000001e23cac9800 VMThread "VM Thread" [stack: 0x000000223d5c0000,0x000000223d7b0000] [id=17792] _threads_hazard_ptr=0x000001e270cb9a80
  0x000001e23d05d800 WatcherThread [stack: 0x000000223f0e0000,0x000000223f2d0000] [id=11560]
  0x000001e235dd0000 GCTaskThread "GC Thread#0" [stack: 0x000000223a930000,0x000000223ab20000] [id=3220]
  0x000001e26bbc9000 GCTaskThread "GC Thread#1" [stack: 0x000000223f4c0000,0x000000223f6b0000] [id=18516]
  0x000001e26bca6000 GCTaskThread "GC Thread#2" [stack: 0x000000223f6b0000,0x000000223f8a0000] [id=12820]
  0x000001e26bb4e800 GCTaskThread "GC Thread#3" [stack: 0x000000223f8a0000,0x000000223fa90000] [id=14344]
  0x000001e26bf17000 GCTaskThread "GC Thread#4" [stack: 0x000000223fa90000,0x000000223fc80000] [id=3056]
  0x000001e26bb45800 GCTaskThread "GC Thread#5" [stack: 0x000000223fc80000,0x000000223fe70000] [id=12436]
  0x000001e26bbda800 GCTaskThread "GC Thread#6" [stack: 0x000000223fe70000,0x0000002240060000] [id=1604]
  0x000001e26bbdb000 GCTaskThread "GC Thread#7" [stack: 0x0000002240060000,0x0000002240250000] [id=14256]
  0x000001e26bbd9800 GCTaskThread "GC Thread#8" [stack: 0x0000002240250000,0x0000002240440000] [id=16624]
  0x000001e26bbdc800 GCTaskThread "GC Thread#9" [stack: 0x0000002240440000,0x0000002240630000] [id=14784]
  0x000001e26bbdf800 GCTaskThread "GC Thread#10" [stack: 0x0000002240630000,0x0000002240820000] [id=13168]
  0x000001e26bbdc000 GCTaskThread "GC Thread#11" [stack: 0x0000002240820000,0x0000002240a10000] [id=14412]
  0x000001e23c785000 ConcurrentGCThread "G1 Main Marker" [stack: 0x000000223ce00000,0x000000223cff0000] [id=1952]
  0x000001e23c785800 ConcurrentGCThread "G1 Conc#0" [stack: 0x000000223cff0000,0x000000223d1e0000] [id=5248]
  0x000001e23c914000 ConcurrentGCThread "G1 Refine#0" [stack: 0x000000223d1e0000,0x000000223d3d0000] [id=13160]
  0x000001e23c915000 ConcurrentGCThread "G1 Young RemSet Sampling" [stack: 0x000000223d3d0000,0x000000223d5c0000] [id=14864]

Threads with active compile tasks:
C2 CompilerThread0     1426 2299 %     4       jdk.internal.loader.URLClassPath::getResource @ 39 (74 bytes)
C2 CompilerThread1     1426 2315   !   4       java.lang.reflect.Executable::declaredAnnotations (85 bytes)
C2 CompilerThread2     1426 2284  s!   4       jdk.internal.loader.URLClassPath::getLoader (194 bytes)
C2 CompilerThread3     1426 2179       4       org.scijava.UIDetails::compareTo (11 bytes)
C2 CompilerThread4     1426 2176       4       org.scijava.annotations.IndexItem$1::invoke (415 bytes)
C2 CompilerThread5     1426 2326 % !   4       java.util.concurrent.ConcurrentHashMap::transfer @ 96 (828 bytes)
C2 CompilerThread6     1426 2135  s    4       org.scijava.object.ObjectIndex::getTypes (57 bytes)

VM state:synchronizing (normal execution)

VM Mutex/Monitor currently owned by a thread:  ([mutex/lock_event])
[0x000001e235e2f920] Safepoint_lock - owner thread: 0x000001e23cac9800
[0x000001e235e2fa40] Threads_lock - owner thread: 0x000001e23cac9800

Heap address: 0x0000000601600000, size: 8170 MB, Compressed Oops mode: Zero based, Oop shift amount: 3
Narrow klass base: 0x0000000800000000, Narrow klass shift: 0
Compressed class space size: 1073741824 Address: 0x0000000800000000

Heap:
 garbage-first heap   total 307200K, used 33147K [0x0000000601600000, 0x0000000800000000)
  region size 2048K, 4 young (8192K), 1 survivors (2048K)
 Metaspace       used 18509K, capacity 18872K, committed 18944K, reserved 1067008K
  class space    used 2190K, capacity 2302K, committed 2304K, reserved 1048576K
Heap Regions: E=young(eden), S=young(survivor), O=old, HS=humongous(starts), HC=humongous(continues), CS=collection set, F=free, A=archive, TAMS=top-at-mark-start (previous, next)
|   0|0x0000000601600000, 0x00000006017ff210, 0x0000000601800000| 99%| O|  |TAMS 0x0000000601600000, 0x0000000601600000| Untracked 
|   1|0x0000000601800000, 0x00000006019ffcc8, 0x0000000601a00000| 99%| O|  |TAMS 0x0000000601800000, 0x0000000601800000| Untracked 
|   2|0x0000000601a00000, 0x0000000601bf4600, 0x0000000601c00000| 97%| O|  |TAMS 0x0000000601a00000, 0x0000000601a00000| Untracked 
|   3|0x0000000601c00000, 0x0000000601dfe208, 0x0000000601e00000| 99%| O|  |TAMS 0x0000000601c00000, 0x0000000601c00000| Untracked 
|   4|0x0000000601e00000, 0x0000000601fffff0, 0x0000000602000000| 99%| O|  |TAMS 0x0000000601e00000, 0x0000000601e00000| Untracked 
|   5|0x0000000602000000, 0x00000006021fff30, 0x0000000602200000| 99%| O|  |TAMS 0x0000000602000000, 0x0000000602000000| Untracked 
|   6|0x0000000602200000, 0x00000006023fffe8, 0x0000000602400000| 99%| O|  |TAMS 0x0000000602200000, 0x0000000602200000| Untracked 
|   7|0x0000000602400000, 0x00000006025fe550, 0x0000000602600000| 99%| O|  |TAMS 0x0000000602400000, 0x0000000602400000| Untracked 
|   8|0x0000000602600000, 0x00000006027ee470, 0x0000000602800000| 96%| O|  |TAMS 0x0000000602600000, 0x0000000602600000| Untracked 
|   9|0x0000000602800000, 0x00000006029fffd0, 0x0000000602a00000| 99%| O|  |TAMS 0x0000000602800000, 0x0000000602800000| Untracked 
|  10|0x0000000602a00000, 0x0000000602c00000, 0x0000000602c00000|100%| O|  |TAMS 0x0000000602a00000, 0x0000000602a00000| Untracked 
|  11|0x0000000602c00000, 0x0000000602dfffe8, 0x0000000602e00000| 99%| O|  |TAMS 0x0000000602c00000, 0x0000000602c00000| Untracked 
|  12|0x0000000602e00000, 0x0000000602e8cde8, 0x0000000603000000| 27%| O|  |TAMS 0x0000000602e00000, 0x0000000602e00000| Untracked 
|  13|0x0000000603000000, 0x0000000603000000, 0x0000000603200000|  0%| F|  |TAMS 0x0000000603000000, 0x0000000603000000| Untracked 
|  14|0x0000000603200000, 0x0000000603200000, 0x0000000603400000|  0%| F|  |TAMS 0x0000000603200000, 0x0000000603200000| Untracked 
|  15|0x0000000603400000, 0x0000000603400000, 0x0000000603600000|  0%| F|  |TAMS 0x0000000603400000, 0x0000000603400000| Untracked 
|  16|0x0000000603600000, 0x0000000603600000, 0x0000000603800000|  0%| F|  |TAMS 0x0000000603600000, 0x0000000603600000| Untracked 
|  17|0x0000000603800000, 0x0000000603800000, 0x0000000603a00000|  0%| F|  |TAMS 0x0000000603800000, 0x0000000603800000| Untracked 
|  18|0x0000000603a00000, 0x0000000603a00000, 0x0000000603c00000|  0%| F|  |TAMS 0x0000000603a00000, 0x0000000603a00000| Untracked 
|  19|0x0000000603c00000, 0x0000000603c00000, 0x0000000603e00000|  0%| F|  |TAMS 0x0000000603c00000, 0x0000000603c00000| Untracked 
|  20|0x0000000603e00000, 0x0000000603ff40a0, 0x0000000604000000| 97%| O|  |TAMS 0x0000000603e00000, 0x0000000603e00000| Untracked 
|  21|0x0000000604000000, 0x0000000604000000, 0x0000000604200000|  0%| F|  |TAMS 0x0000000604000000, 0x0000000604000000| Untracked 
|  22|0x0000000604200000, 0x0000000604200000, 0x0000000604400000|  0%| F|  |TAMS 0x0000000604200000, 0x0000000604200000| Untracked 
|  23|0x0000000604400000, 0x0000000604400000, 0x0000000604600000|  0%| F|  |TAMS 0x0000000604400000, 0x0000000604400000| Untracked 
|  24|0x0000000604600000, 0x0000000604600000, 0x0000000604800000|  0%| F|  |TAMS 0x0000000604600000, 0x0000000604600000| Untracked 
|  25|0x0000000604800000, 0x0000000604800000, 0x0000000604a00000|  0%| F|  |TAMS 0x0000000604800000, 0x0000000604800000| Untracked 
|  26|0x0000000604a00000, 0x0000000604a00000, 0x0000000604c00000|  0%| F|  |TAMS 0x0000000604a00000, 0x0000000604a00000| Untracked 
|  27|0x0000000604c00000, 0x0000000604c00000, 0x0000000604e00000|  0%| F|  |TAMS 0x0000000604c00000, 0x0000000604c00000| Untracked 
|  28|0x0000000604e00000, 0x0000000604e00000, 0x0000000605000000|  0%| F|  |TAMS 0x0000000604e00000, 0x0000000604e00000| Untracked 
|  29|0x0000000605000000, 0x0000000605000000, 0x0000000605200000|  0%| F|  |TAMS 0x0000000605000000, 0x0000000605000000| Untracked 
|  30|0x0000000605200000, 0x0000000605400000, 0x0000000605400000|100%| S|CS|TAMS 0x0000000605200000, 0x0000000605200000| Complete 
|  31|0x0000000605400000, 0x0000000605400000, 0x0000000605600000|  0%| F|  |TAMS 0x0000000605400000, 0x0000000605400000| Untracked 
|  32|0x0000000605600000, 0x0000000605600000, 0x0000000605800000|  0%| F|  |TAMS 0x0000000605600000, 0x0000000605600000| Untracked 
|  33|0x0000000605800000, 0x0000000605800000, 0x0000000605a00000|  0%| F|  |TAMS 0x0000000605800000, 0x0000000605800000| Untracked 
|  34|0x0000000605a00000, 0x0000000605a00000, 0x0000000605c00000|  0%| F|  |TAMS 0x0000000605a00000, 0x0000000605a00000| Untracked 
|  35|0x0000000605c00000, 0x0000000605c00000, 0x0000000605e00000|  0%| F|  |TAMS 0x0000000605c00000, 0x0000000605c00000| Untracked 
|  36|0x0000000605e00000, 0x0000000605e00000, 0x0000000606000000|  0%| F|  |TAMS 0x0000000605e00000, 0x0000000605e00000| Untracked 
|  37|0x0000000606000000, 0x0000000606000000, 0x0000000606200000|  0%| F|  |TAMS 0x0000000606000000, 0x0000000606000000| Untracked 
|  38|0x0000000606200000, 0x0000000606200000, 0x0000000606400000|  0%| F|  |TAMS 0x0000000606200000, 0x0000000606200000| Untracked 
|  39|0x0000000606400000, 0x0000000606400000, 0x0000000606600000|  0%| F|  |TAMS 0x0000000606400000, 0x0000000606400000| Untracked 
|  40|0x0000000606600000, 0x0000000606600000, 0x0000000606800000|  0%| F|  |TAMS 0x0000000606600000, 0x0000000606600000| Untracked 
|  41|0x0000000606800000, 0x0000000606800000, 0x0000000606a00000|  0%| F|  |TAMS 0x0000000606800000, 0x0000000606800000| Untracked 
|  42|0x0000000606a00000, 0x0000000606a00000, 0x0000000606c00000|  0%| F|  |TAMS 0x0000000606a00000, 0x0000000606a00000| Untracked 
|  43|0x0000000606c00000, 0x0000000606c00000, 0x0000000606e00000|  0%| F|  |TAMS 0x0000000606c00000, 0x0000000606c00000| Untracked 
|  44|0x0000000606e00000, 0x0000000606e00000, 0x0000000607000000|  0%| F|  |TAMS 0x0000000606e00000, 0x0000000606e00000| Untracked 
|  45|0x0000000607000000, 0x0000000607000000, 0x0000000607200000|  0%| F|  |TAMS 0x0000000607000000, 0x0000000607000000| Untracked 
|  46|0x0000000607200000, 0x0000000607200000, 0x0000000607400000|  0%| F|  |TAMS 0x0000000607200000, 0x0000000607200000| Untracked 
|  47|0x0000000607400000, 0x0000000607400000, 0x0000000607600000|  0%| F|  |TAMS 0x0000000607400000, 0x0000000607400000| Untracked 
|  48|0x0000000607600000, 0x0000000607600000, 0x0000000607800000|  0%| F|  |TAMS 0x0000000607600000, 0x0000000607600000| Untracked 
|  49|0x0000000607800000, 0x0000000607800000, 0x0000000607a00000|  0%| F|  |TAMS 0x0000000607800000, 0x0000000607800000| Untracked 
|  50|0x0000000607a00000, 0x0000000607a00000, 0x0000000607c00000|  0%| F|  |TAMS 0x0000000607a00000, 0x0000000607a00000| Untracked 
|  51|0x0000000607c00000, 0x0000000607c00000, 0x0000000607e00000|  0%| F|  |TAMS 0x0000000607c00000, 0x0000000607c00000| Untracked 
|  52|0x0000000607e00000, 0x0000000607e00000, 0x0000000608000000|  0%| F|  |TAMS 0x0000000607e00000, 0x0000000607e00000| Untracked 
|  53|0x0000000608000000, 0x0000000608000000, 0x0000000608200000|  0%| F|  |TAMS 0x0000000608000000, 0x0000000608000000| Untracked 
|  54|0x0000000608200000, 0x0000000608200000, 0x0000000608400000|  0%| F|  |TAMS 0x0000000608200000, 0x0000000608200000| Untracked 
|  55|0x0000000608400000, 0x0000000608400000, 0x0000000608600000|  0%| F|  |TAMS 0x0000000608400000, 0x0000000608400000| Untracked 
|  56|0x0000000608600000, 0x0000000608600000, 0x0000000608800000|  0%| F|  |TAMS 0x0000000608600000, 0x0000000608600000| Untracked 
|  57|0x0000000608800000, 0x0000000608800000, 0x0000000608a00000|  0%| F|  |TAMS 0x0000000608800000, 0x0000000608800000| Untracked 
|  58|0x0000000608a00000, 0x0000000608a00000, 0x0000000608c00000|  0%| F|  |TAMS 0x0000000608a00000, 0x0000000608a00000| Untracked 
|  59|0x0000000608c00000, 0x0000000608c00000, 0x0000000608e00000|  0%| F|  |TAMS 0x0000000608c00000, 0x0000000608c00000| Untracked 
|  60|0x0000000608e00000, 0x0000000608e00000, 0x0000000609000000|  0%| F|  |TAMS 0x0000000608e00000, 0x0000000608e00000| Untracked 
|  61|0x0000000609000000, 0x0000000609000000, 0x0000000609200000|  0%| F|  |TAMS 0x0000000609000000, 0x0000000609000000| Untracked 
|  62|0x0000000609200000, 0x0000000609200000, 0x0000000609400000|  0%| F|  |TAMS 0x0000000609200000, 0x0000000609200000| Untracked 
|  63|0x0000000609400000, 0x0000000609400000, 0x0000000609600000|  0%| F|  |TAMS 0x0000000609400000, 0x0000000609400000| Untracked 
|  64|0x0000000609600000, 0x0000000609600000, 0x0000000609800000|  0%| F|  |TAMS 0x0000000609600000, 0x0000000609600000| Untracked 
|  65|0x0000000609800000, 0x0000000609800000, 0x0000000609a00000|  0%| F|  |TAMS 0x0000000609800000, 0x0000000609800000| Untracked 
|  66|0x0000000609a00000, 0x0000000609a00000, 0x0000000609c00000|  0%| F|  |TAMS 0x0000000609a00000, 0x0000000609a00000| Untracked 
|  67|0x0000000609c00000, 0x0000000609c00000, 0x0000000609e00000|  0%| F|  |TAMS 0x0000000609c00000, 0x0000000609c00000| Untracked 
|  68|0x0000000609e00000, 0x0000000609e00000, 0x000000060a000000|  0%| F|  |TAMS 0x0000000609e00000, 0x0000000609e00000| Untracked 
|  69|0x000000060a000000, 0x000000060a000000, 0x000000060a200000|  0%| F|  |TAMS 0x000000060a000000, 0x000000060a000000| Untracked 
|  70|0x000000060a200000, 0x000000060a200000, 0x000000060a400000|  0%| F|  |TAMS 0x000000060a200000, 0x000000060a200000| Untracked 
|  71|0x000000060a400000, 0x000000060a400000, 0x000000060a600000|  0%| F|  |TAMS 0x000000060a400000, 0x000000060a400000| Untracked 
|  72|0x000000060a600000, 0x000000060a600000, 0x000000060a800000|  0%| F|  |TAMS 0x000000060a600000, 0x000000060a600000| Untracked 
|  73|0x000000060a800000, 0x000000060a800000, 0x000000060aa00000|  0%| F|  |TAMS 0x000000060a800000, 0x000000060a800000| Untracked 
|  74|0x000000060aa00000, 0x000000060aa00000, 0x000000060ac00000|  0%| F|  |TAMS 0x000000060aa00000, 0x000000060aa00000| Untracked 
|  75|0x000000060ac00000, 0x000000060ac00000, 0x000000060ae00000|  0%| F|  |TAMS 0x000000060ac00000, 0x000000060ac00000| Untracked 
|  76|0x000000060ae00000, 0x000000060ae00000, 0x000000060b000000|  0%| F|  |TAMS 0x000000060ae00000, 0x000000060ae00000| Untracked 
|  77|0x000000060b000000, 0x000000060b000000, 0x000000060b200000|  0%| F|  |TAMS 0x000000060b000000, 0x000000060b000000| Untracked 
|  78|0x000000060b200000, 0x000000060b200000, 0x000000060b400000|  0%| F|  |TAMS 0x000000060b200000, 0x000000060b200000| Untracked 
|  79|0x000000060b400000, 0x000000060b400000, 0x000000060b600000|  0%| F|  |TAMS 0x000000060b400000, 0x000000060b400000| Untracked 
|  80|0x000000060b600000, 0x000000060b600000, 0x000000060b800000|  0%| F|  |TAMS 0x000000060b600000, 0x000000060b600000| Untracked 
|  81|0x000000060b800000, 0x000000060b800000, 0x000000060ba00000|  0%| F|  |TAMS 0x000000060b800000, 0x000000060b800000| Untracked 
|  82|0x000000060ba00000, 0x000000060ba00000, 0x000000060bc00000|  0%| F|  |TAMS 0x000000060ba00000, 0x000000060ba00000| Untracked 
|  83|0x000000060bc00000, 0x000000060bc00000, 0x000000060be00000|  0%| F|  |TAMS 0x000000060bc00000, 0x000000060bc00000| Untracked 
|  84|0x000000060be00000, 0x000000060be00000, 0x000000060c000000|  0%| F|  |TAMS 0x000000060be00000, 0x000000060be00000| Untracked 
|  85|0x000000060c000000, 0x000000060c000000, 0x000000060c200000|  0%| F|  |TAMS 0x000000060c000000, 0x000000060c000000| Untracked 
|  86|0x000000060c200000, 0x000000060c200000, 0x000000060c400000|  0%| F|  |TAMS 0x000000060c200000, 0x000000060c200000| Untracked 
|  87|0x000000060c400000, 0x000000060c400000, 0x000000060c600000|  0%| F|  |TAMS 0x000000060c400000, 0x000000060c400000| Untracked 
|  88|0x000000060c600000, 0x000000060c600000, 0x000000060c800000|  0%| F|  |TAMS 0x000000060c600000, 0x000000060c600000| Untracked 
|  89|0x000000060c800000, 0x000000060c800000, 0x000000060ca00000|  0%| F|  |TAMS 0x000000060c800000, 0x000000060c800000| Untracked 
|  90|0x000000060ca00000, 0x000000060ca00000, 0x000000060cc00000|  0%| F|  |TAMS 0x000000060ca00000, 0x000000060ca00000| Untracked 
|  91|0x000000060cc00000, 0x000000060cc00000, 0x000000060ce00000|  0%| F|  |TAMS 0x000000060cc00000, 0x000000060cc00000| Untracked 
|  92|0x000000060ce00000, 0x000000060ce00000, 0x000000060d000000|  0%| F|  |TAMS 0x000000060ce00000, 0x000000060ce00000| Untracked 
|  93|0x000000060d000000, 0x000000060d000000, 0x000000060d200000|  0%| F|  |TAMS 0x000000060d000000, 0x000000060d000000| Untracked 
|  94|0x000000060d200000, 0x000000060d200000, 0x000000060d400000|  0%| F|  |TAMS 0x000000060d200000, 0x000000060d200000| Untracked 
|  95|0x000000060d400000, 0x000000060d400000, 0x000000060d600000|  0%| F|  |TAMS 0x000000060d400000, 0x000000060d400000| Untracked 
|  96|0x000000060d600000, 0x000000060d600000, 0x000000060d800000|  0%| F|  |TAMS 0x000000060d600000, 0x000000060d600000| Untracked 
|  97|0x000000060d800000, 0x000000060d800000, 0x000000060da00000|  0%| F|  |TAMS 0x000000060d800000, 0x000000060d800000| Untracked 
|  98|0x000000060da00000, 0x000000060da00000, 0x000000060dc00000|  0%| F|  |TAMS 0x000000060da00000, 0x000000060da00000| Untracked 
|  99|0x000000060dc00000, 0x000000060dc00000, 0x000000060de00000|  0%| F|  |TAMS 0x000000060dc00000, 0x000000060dc00000| Untracked 
| 100|0x000000060de00000, 0x000000060de00000, 0x000000060e000000|  0%| F|  |TAMS 0x000000060de00000, 0x000000060de00000| Untracked 
| 101|0x000000060e000000, 0x000000060e000000, 0x000000060e200000|  0%| F|  |TAMS 0x000000060e000000, 0x000000060e000000| Untracked 
| 102|0x000000060e200000, 0x000000060e200000, 0x000000060e400000|  0%| F|  |TAMS 0x000000060e200000, 0x000000060e200000| Untracked 
| 103|0x000000060e400000, 0x000000060e400000, 0x000000060e600000|  0%| F|  |TAMS 0x000000060e400000, 0x000000060e400000| Untracked 
| 104|0x000000060e600000, 0x000000060e600000, 0x000000060e800000|  0%| F|  |TAMS 0x000000060e600000, 0x000000060e600000| Untracked 
| 105|0x000000060e800000, 0x000000060e800000, 0x000000060ea00000|  0%| F|  |TAMS 0x000000060e800000, 0x000000060e800000| Untracked 
| 106|0x000000060ea00000, 0x000000060ea00000, 0x000000060ec00000|  0%| F|  |TAMS 0x000000060ea00000, 0x000000060ea00000| Untracked 
| 107|0x000000060ec00000, 0x000000060ec00000, 0x000000060ee00000|  0%| F|  |TAMS 0x000000060ec00000, 0x000000060ec00000| Untracked 
| 108|0x000000060ee00000, 0x000000060ee00000, 0x000000060f000000|  0%| F|  |TAMS 0x000000060ee00000, 0x000000060ee00000| Untracked 
| 109|0x000000060f000000, 0x000000060f000000, 0x000000060f200000|  0%| F|  |TAMS 0x000000060f000000, 0x000000060f000000| Untracked 
| 110|0x000000060f200000, 0x000000060f200000, 0x000000060f400000|  0%| F|  |TAMS 0x000000060f200000, 0x000000060f200000| Untracked 
| 111|0x000000060f400000, 0x000000060f400000, 0x000000060f600000|  0%| F|  |TAMS 0x000000060f400000, 0x000000060f400000| Untracked 
| 112|0x000000060f600000, 0x000000060f600000, 0x000000060f800000|  0%| F|  |TAMS 0x000000060f600000, 0x000000060f600000| Untracked 
| 113|0x000000060f800000, 0x000000060f800000, 0x000000060fa00000|  0%| F|  |TAMS 0x000000060f800000, 0x000000060f800000| Untracked 
| 114|0x000000060fa00000, 0x000000060fa00000, 0x000000060fc00000|  0%| F|  |TAMS 0x000000060fa00000, 0x000000060fa00000| Untracked 
| 115|0x000000060fc00000, 0x000000060fc00000, 0x000000060fe00000|  0%| F|  |TAMS 0x000000060fc00000, 0x000000060fc00000| Untracked 
| 116|0x000000060fe00000, 0x000000060fe00000, 0x0000000610000000|  0%| F|  |TAMS 0x000000060fe00000, 0x000000060fe00000| Untracked 
| 117|0x0000000610000000, 0x0000000610000000, 0x0000000610200000|  0%| F|  |TAMS 0x0000000610000000, 0x0000000610000000| Untracked 
| 118|0x0000000610200000, 0x0000000610200000, 0x0000000610400000|  0%| F|  |TAMS 0x0000000610200000, 0x0000000610200000| Untracked 
| 119|0x0000000610400000, 0x0000000610400000, 0x0000000610600000|  0%| F|  |TAMS 0x0000000610400000, 0x0000000610400000| Untracked 
| 120|0x0000000610600000, 0x0000000610600000, 0x0000000610800000|  0%| F|  |TAMS 0x0000000610600000, 0x0000000610600000| Untracked 
| 121|0x0000000610800000, 0x0000000610800000, 0x0000000610a00000|  0%| F|  |TAMS 0x0000000610800000, 0x0000000610800000| Untracked 
| 122|0x0000000610a00000, 0x0000000610a00000, 0x0000000610c00000|  0%| F|  |TAMS 0x0000000610a00000, 0x0000000610a00000| Untracked 
| 123|0x0000000610c00000, 0x0000000610c00000, 0x0000000610e00000|  0%| F|  |TAMS 0x0000000610c00000, 0x0000000610c00000| Untracked 
| 124|0x0000000610e00000, 0x0000000610e00000, 0x0000000611000000|  0%| F|  |TAMS 0x0000000610e00000, 0x0000000610e00000| Untracked 
| 125|0x0000000611000000, 0x0000000611000000, 0x0000000611200000|  0%| F|  |TAMS 0x0000000611000000, 0x0000000611000000| Untracked 
| 126|0x0000000611200000, 0x0000000611200000, 0x0000000611400000|  0%| F|  |TAMS 0x0000000611200000, 0x0000000611200000| Untracked 
| 127|0x0000000611400000, 0x0000000611400000, 0x0000000611600000|  0%| F|  |TAMS 0x0000000611400000, 0x0000000611400000| Untracked 
| 128|0x0000000611600000, 0x0000000611600000, 0x0000000611800000|  0%| F|  |TAMS 0x0000000611600000, 0x0000000611600000| Untracked 
| 129|0x0000000611800000, 0x0000000611800000, 0x0000000611a00000|  0%| F|  |TAMS 0x0000000611800000, 0x0000000611800000| Untracked 
| 130|0x0000000611a00000, 0x0000000611a00000, 0x0000000611c00000|  0%| F|  |TAMS 0x0000000611a00000, 0x0000000611a00000| Untracked 
| 131|0x0000000611c00000, 0x0000000611c00000, 0x0000000611e00000|  0%| F|  |TAMS 0x0000000611c00000, 0x0000000611c00000| Untracked 
| 132|0x0000000611e00000, 0x0000000611e00000, 0x0000000612000000|  0%| F|  |TAMS 0x0000000611e00000, 0x0000000611e00000| Untracked 
| 133|0x0000000612000000, 0x0000000612000000, 0x0000000612200000|  0%| F|  |TAMS 0x0000000612000000, 0x0000000612000000| Untracked 
| 134|0x0000000612200000, 0x0000000612200000, 0x0000000612400000|  0%| F|  |TAMS 0x0000000612200000, 0x0000000612200000| Untracked 
| 135|0x0000000612400000, 0x0000000612400000, 0x0000000612600000|  0%| F|  |TAMS 0x0000000612400000, 0x0000000612400000| Untracked 
| 136|0x0000000612600000, 0x0000000612600000, 0x0000000612800000|  0%| F|  |TAMS 0x0000000612600000, 0x0000000612600000| Untracked 
| 137|0x0000000612800000, 0x0000000612800000, 0x0000000612a00000|  0%| F|  |TAMS 0x0000000612800000, 0x0000000612800000| Untracked 
| 138|0x0000000612a00000, 0x0000000612a00000, 0x0000000612c00000|  0%| F|  |TAMS 0x0000000612a00000, 0x0000000612a00000| Untracked 
| 139|0x0000000612c00000, 0x0000000612c00000, 0x0000000612e00000|  0%| F|  |TAMS 0x0000000612c00000, 0x0000000612c00000| Untracked 
| 140|0x0000000612e00000, 0x0000000612e00000, 0x0000000613000000|  0%| F|  |TAMS 0x0000000612e00000, 0x0000000612e00000| Untracked 
| 141|0x0000000613000000, 0x0000000613000000, 0x0000000613200000|  0%| F|  |TAMS 0x0000000613000000, 0x0000000613000000| Untracked 
| 142|0x0000000613200000, 0x0000000613200000, 0x0000000613400000|  0%| F|  |TAMS 0x0000000613200000, 0x0000000613200000| Untracked 
| 143|0x0000000613400000, 0x0000000613400000, 0x0000000613600000|  0%| F|  |TAMS 0x0000000613400000, 0x0000000613400000| Untracked 
| 144|0x0000000613600000, 0x0000000613600000, 0x0000000613800000|  0%| F|  |TAMS 0x0000000613600000, 0x0000000613600000| Untracked 
| 145|0x0000000613800000, 0x0000000613800000, 0x0000000613a00000|  0%| F|  |TAMS 0x0000000613800000, 0x0000000613800000| Untracked 
| 146|0x0000000613a00000, 0x0000000613a00000, 0x0000000613c00000|  0%| F|  |TAMS 0x0000000613a00000, 0x0000000613a00000| Untracked 
| 147|0x0000000613c00000, 0x0000000613ce4590, 0x0000000613e00000| 44%| E|  |TAMS 0x0000000613c00000, 0x0000000613c00000| Complete 
| 148|0x0000000613e00000, 0x0000000614000000, 0x0000000614000000|100%| E|CS|TAMS 0x0000000613e00000, 0x0000000613e00000| Complete 
| 149|0x0000000614000000, 0x0000000614200000, 0x0000000614200000|100%| E|CS|TAMS 0x0000000614000000, 0x0000000614000000| Complete 

Card table byte_map: [0x000001e2557f0000,0x000001e2567f0000] _byte_map_base: 0x000001e2527e5000

Marking Bits (Prev, Next): (CMBitMap*) 0x000001e23590bb08, (CMBitMap*) 0x000001e23590bb40
 Prev Bits: [0x000001e2577f0000, 0x000001e25f798000)
 Next Bits: [0x000001e25f7a0000, 0x000001e267748000)

Polling page: 0x000001e237020000

Metaspace:

Usage:
  Non-class:     16.18 MB capacity,    15.94 MB ( 98%) used,   222.74 KB (  1%) free+waste,    28.00 KB ( <1%) overhead. 
      Class:      2.25 MB capacity,     2.14 MB ( 95%) used,    99.13 KB (  4%) free+waste,    12.56 KB ( <1%) overhead. 
       Both:     18.43 MB capacity,    18.08 MB ( 98%) used,   321.88 KB (  2%) free+waste,    40.56 KB ( <1%) overhead. 

Virtual space:
  Non-class space:       18.00 MB reserved,      16.25 MB ( 90%) committed 
      Class space:        1.00 GB reserved,       2.25 MB ( <1%) committed 
             Both:        1.02 GB reserved,      18.50 MB (  2%) committed 

Chunk freelists:
   Non-Class:  6.00 KB
       Class:  2.00 KB
        Both:  8.00 KB

MaxMetaspaceSize: 17179869184.00 GB
CompressedClassSpaceSize: 1.00 GB
Initial GC threshold: 20.80 MB
Current GC threshold: 26.04 MB
CDS: off

CodeHeap 'non-profiled nmethods': size=119168Kb used=1517Kb max_used=1517Kb free=117651Kb
 bounds [0x000001e24d390000, 0x000001e24d600000, 0x000001e2547f0000]
CodeHeap 'profiled nmethods': size=119168Kb used=5155Kb max_used=5155Kb free=114012Kb
 bounds [0x000001e245f30000, 0x000001e246440000, 0x000001e24d390000]
CodeHeap 'non-nmethods': size=7424Kb used=2874Kb max_used=2913Kb free=4549Kb
 bounds [0x000001e2457f0000, 0x000001e245ad0000, 0x000001e245f30000]
 total_blobs=2751 nmethods=2322 adapters=335
 compilation: enabled
              stopped_count=0, restarted_count=0
 full_count=0

Compilation events (20 events):
Event: 1.135 Thread 0x000001e23caf8000 nmethod 1906 0x000001e24d4ced90 code [0x000001e24d4cf260, 0x000001e24d4d5940]
Event: 1.135 Thread 0x000001e23caf5800 1984       3       sun.invoke.util.VerifyAccess::isClassAccessible (182 bytes)
Event: 1.135 Thread 0x000001e23caf4800 1985       3       sun.invoke.util.VerifyAccess::getClassModifiers (24 bytes)
Event: 1.135 Thread 0x000001e23caf4800 nmethod 1985 0x000001e24636c910 code [0x000001e24636cae0, 0x000001e24636cd08]
Event: 1.135 Thread 0x000001e23caf6000 1986       3       java.util.Collections$UnmodifiableCollection$1::hasNext (10 bytes)
Event: 1.135 Thread 0x000001e23caf3000 1987       1       java.util.concurrent.ConcurrentHashMap$MapEntry::getKey (5 bytes)
Event: 1.135 Thread 0x000001e23caf4800 1989       3       java.util.Collections$UnmodifiableCollection$1::next (10 bytes)
Event: 1.135 Thread 0x000001e23caf3000 nmethod 1987 0x000001e24d4d8590 code [0x000001e24d4d8740, 0x000001e24d4d87f8]
Event: 1.135 Thread 0x000001e23caf3000 1988       1       java.util.concurrent.ConcurrentHashMap$MapEntry::getValue (5 bytes)
Event: 1.135 Thread 0x000001e23caf6000 nmethod 1986 0x000001e24636ce10 code [0x000001e24636cfc0, 0x000001e24636d188]
Event: 1.135 Thread 0x000001e23caf4800 nmethod 1989 0x000001e24636d290 code [0x000001e24636d440, 0x000001e24636d608]
Event: 1.135 Thread 0x000001e23caf3000 nmethod 1988 0x000001e24d4d8b90 code [0x000001e24d4d8d40, 0x000001e24d4d8df8]
Event: 1.136 Thread 0x000001e23caf5800 nmethod 1984 0x000001e24636d710 code [0x000001e24636dac0, 0x000001e24636f098]
Event: 1.140 Thread 0x000001e23caf3800 

Event: 1.142 Thread 0x000001e23cafe800 1991       4       java.lang.String::regionMatches (150 bytes)
Event: 1.147 Thread 0x000001e23cafe800 nmethod 1991 0x000001e24d4d8e90 code [0x000001e24d4d9060, 0x000001e24d4d96f8]
Event: 1.162 Thread 0x000001e23caf8000 1992       4       java.io.RandomAccessFile::readFully (45 bytes)
Event: 1.163 Thread 0x000001e23caf8000 nmethod 1992 0x000001e24d4d9c90 code [0x000001e24d4d9e40, 0x000001e24d4d9f08]
Event: 1.186 Thread 0x000001e23caf7000 nmethod 1982 0x000001e24d4da010 code [0x000001e24d4da3a0, 0x000001e24d4dd128]
Event: 1.187 Thread 0x000001e23caff800 


GC Heap History (16 events):
Event: 0.261 GC heap before
{Heap before GC invocations=0 (full 0):
 garbage-first heap   total 524288K, used 22528K [0x0000000601600000, 0x0000000800000000)
  region size 2048K, 12 young (24576K), 0 survivors (0K)
 Metaspace       used 5996K, capacity 6086K, committed 6144K, reserved 1056768K
  class space    used 465K, capacity 493K, committed 512K, reserved 1048576K
}
Event: 0.265 GC heap after
{Heap after GC invocations=1 (full 0):
 garbage-first heap   total 524288K, used 10552K [0x0000000601600000, 0x0000000800000000)
  region size 2048K, 2 young (4096K), 2 survivors (4096K)
 Metaspace       used 5996K, capacity 6086K, committed 6144K, reserved 1056768K
  class space    used 465K, capacity 493K, committed 512K, reserved 1048576K
}
Event: 0.427 GC heap before
{Heap before GC invocations=1 (full 0):
 garbage-first heap   total 524288K, used 28984K [0x0000000601600000, 0x0000000800000000)
  region size 2048K, 12 young (24576K), 2 survivors (4096K)
 Metaspace       used 7728K, capacity 7792K, committed 7936K, reserved 1056768K
  class space    used 624K, capacity 656K, committed 768K, reserved 1048576K
}
Event: 0.430 GC heap after
{Heap after GC invocations=2 (full 0):
 garbage-first heap   total 524288K, used 18350K [0x0000000601600000, 0x0000000800000000)
  region size 2048K, 2 young (4096K), 2 survivors (4096K)
 Metaspace       used 7728K, capacity 7792K, committed 7936K, reserved 1056768K
  class space    used 624K, capacity 656K, committed 768K, reserved 1048576K
}
Event: 0.720 GC heap before
{Heap before GC invocations=2 (full 0):
 garbage-first heap   total 524288K, used 49070K [0x0000000601600000, 0x0000000800000000)
  region size 2048K, 18 young (36864K), 2 survivors (4096K)
 Metaspace       used 11566K, capacity 11673K, committed 11904K, reserved 1060864K
  class space    used 1003K, capacity 1056K, committed 1152K, reserved 1048576K
}
Event: 0.730 GC heap after
{Heap after GC invocations=3 (full 1):
 garbage-first heap   total 110592K, used 21533K [0x0000000601600000, 0x0000000800000000)
  region size 2048K, 0 young (0K), 0 survivors (0K)
 Metaspace       used 11566K, capacity 11673K, committed 11904K, reserved 1060864K
  class space    used 1003K, capacity 1056K, committed 1152K, reserved 1048576K
}
Event: 0.890 GC heap before
{Heap before GC invocations=3 (full 1):
 garbage-first heap   total 110592K, used 44061K [0x0000000601600000, 0x0000000800000000)
  region size 2048K, 12 young (24576K), 0 survivors (0K)
 Metaspace       used 13332K, capacity 13578K, committed 13696K, reserved 1060864K
  class space    used 1290K, capacity 1374K, committed 1408K, reserved 1048576K
}
Event: 0.899 GC heap after
{Heap after GC invocations=4 (full 2):
 garbage-first heap   total 90112K, used 22582K [0x0000000601600000, 0x0000000800000000)
  region size 2048K, 0 young (0K), 0 survivors (0K)
 Metaspace       used 13332K, capacity 13578K, committed 13696K, reserved 1060864K
  class space    used 1290K, capacity 1374K, committed 1408K, reserved 1048576K
}
Event: 1.043 GC heap before
{Heap before GC invocations=4 (full 2):
 garbage-first heap   total 90112K, used 43062K [0x0000000601600000, 0x0000000800000000)
  region size 2048K, 10 young (20480K), 0 survivors (0K)
 Metaspace       used 14187K, capacity 14470K, committed 14720K, reserved 1062912K
  class space    used 1463K, capacity 1540K, committed 1664K, reserved 1048576K
}
Event: 1.045 GC heap after
{Heap after GC invocations=5 (full 2):
 garbage-first heap   total 90112K, used 24554K [0x0000000601600000, 0x0000000800000000)
  region size 2048K, 1 young (2048K), 1 survivors (2048K)
 Metaspace       used 14187K, capacity 14470K, committed 14720K, reserved 1062912K
  class space    used 1463K, capacity 1540K, committed 1664K, reserved 1048576K
}
Event: 1.098 GC heap before
{Heap before GC invocations=5 (full 2):
 garbage-first heap   total 90112K, used 49130K [0x0000000601600000, 0x0000000800000000)
  region size 2048K, 13 young (26624K), 1 survivors (2048K)
 Metaspace       used 14630K, capacity 14886K, committed 15104K, reserved 1062912K
  class space    used 1614K, capacity 1700K, committed 1792K, reserved 1048576K
}
Event: 1.102 GC heap after
{Heap after GC invocations=6 (full 2):
 garbage-first heap   total 90112K, used 26721K [0x0000000601600000, 0x0000000800000000)
  region size 2048K, 2 young (4096K), 2 survivors (4096K)
 Metaspace       used 14630K, capacity 14886K, committed 15104K, reserved 1062912K
  class space    used 1614K, capacity 1700K, committed 1792K, reserved 1048576K
}
Event: 1.102 GC heap before
{Heap before GC invocations=6 (full 2):
 garbage-first heap   total 90112K, used 26721K [0x0000000601600000, 0x0000000800000000)
  region size 2048K, 3 young (6144K), 2 survivors (4096K)
 Metaspace       used 14630K, capacity 14886K, committed 15104K, reserved 1062912K
  class space    used 1614K, capacity 1700K, committed 1792K, reserved 1048576K
}
Event: 1.117 GC heap after
{Heap after GC invocations=7 (full 3):
 garbage-first heap   total 90112K, used 26658K [0x0000000601600000, 0x0000000800000000)
  region size 2048K, 0 young (0K), 0 survivors (0K)
 Metaspace       used 14630K, capacity 14886K, committed 15104K, reserved 1062912K
  class space    used 1614K, capacity 1700K, committed 1792K, reserved 1048576K
}
Event: 1.170 GC heap before
{Heap before GC invocations=7 (full 3):
 garbage-first heap   total 90112K, used 34850K [0x0000000601600000, 0x0000000800000000)
  region size 2048K, 5 young (10240K), 0 survivors (0K)
 Metaspace       used 15546K, capacity 15825K, committed 16000K, reserved 1062912K
  class space    used 1768K, capacity 1864K, committed 1920K, reserved 1048576K
}
Event: 1.184 GC heap after
{Heap after GC invocations=8 (full 4):
 garbage-first heap   total 90112K, used 27003K [0x0000000601600000, 0x0000000800000000)
  region size 2048K, 0 young (0K), 0 survivors (0K)
 Metaspace       used 15546K, capacity 15825K, committed 16000K, reserved 1062912K
  class space    used 1768K, capacity 1864K, committed 1920K, reserved 1048576K
}

Deoptimization events (20 events):
Event: 0.968 Thread 0x000001e235723800 Uncommon trap: trap_request=0xffffff4d fr.pc=0x000001e24d3a6564 relative=0x0000000000000044
Event: 0.968 Thread 0x000001e235723800 Uncommon trap: reason=unstable_if action=reinterpret pc=0x000001e24d3a6564 method=java.lang.CharacterData.of(I)Ljava/lang/CharacterData; @ 4 c2
Event: 0.968 Thread 0x000001e235723800 DEOPT PACKING pc=0x000001e24d3a6564 sp=0x00000022379e69b0
Event: 0.968 Thread 0x000001e235723800 DEOPT UNPACKING pc=0x000001e24583a1af sp=0x00000022379e6948 mode 2
Event: 1.087 Thread 0x000001e235723800 Uncommon trap: trap_request=0xffffff4d fr.pc=0x000001e24d4b6ffc relative=0x00000000000000bc
Event: 1.087 Thread 0x000001e235723800 Uncommon trap: reason=unstable_if action=reinterpret pc=0x000001e24d4b6ffc method=sun.net.www.ParseUtil.firstEncodeIndex(Ljava/lang/String;)I @ 51 c2
Event: 1.088 Thread 0x000001e235723800 DEOPT PACKING pc=0x000001e24d4b6ffc sp=0x00000022379e63c0
Event: 1.088 Thread 0x000001e235723800 DEOPT UNPACKING pc=0x000001e24583a1af sp=0x00000022379e6348 mode 2
Event: 1.128 Thread 0x000001e235723800 Uncommon trap: trap_request=0xffffff4d fr.pc=0x000001e24d4b32ac relative=0x0000000000000dcc
Event: 1.128 Thread 0x000001e235723800 Uncommon trap: reason=unstable_if action=reinterpret pc=0x000001e24d4b32ac method=sun.reflect.annotation.AnnotationParser.parseMemberValue(Ljava/lang/Class;Ljava/nio/ByteBuffer;Ljdk/internal/reflect/ConstantPool;Ljava/lang/Class;)Ljava/lang/Object; @ 11 c
Event: 1.128 Thread 0x000001e235723800 DEOPT PACKING pc=0x000001e24d4b32ac sp=0x00000022379e6480
Event: 1.128 Thread 0x000001e235723800 DEOPT UNPACKING pc=0x000001e24583a1af sp=0x00000022379e63d0 mode 2
Event: 1.128 Thread 0x000001e235723800 Uncommon trap: trap_request=0xffffff4d fr.pc=0x000001e24d4ad9c4 relative=0x0000000000000104
Event: 1.128 Thread 0x000001e235723800 Uncommon trap: reason=unstable_if action=reinterpret pc=0x000001e24d4ad9c4 method=sun.reflect.annotation.AnnotationType.invocationHandlerReturnType(Ljava/lang/Class;)Ljava/lang/Class; @ 44 c2
Event: 1.128 Thread 0x000001e235723800 DEOPT PACKING pc=0x000001e24d4ad9c4 sp=0x00000022379e64c0
Event: 1.128 Thread 0x000001e235723800 DEOPT UNPACKING pc=0x000001e24583a1af sp=0x00000022379e6458 mode 2
Event: 1.128 Thread 0x000001e235723800 Uncommon trap: trap_request=0xffffff4d fr.pc=0x000001e24d4af228 relative=0x0000000000000a28
Event: 1.128 Thread 0x000001e235723800 Uncommon trap: reason=unstable_if action=reinterpret pc=0x000001e24d4af228 method=sun.reflect.annotation.AnnotationParser.parseConst(ILjava/nio/ByteBuffer;Ljdk/internal/reflect/ConstantPool;)Ljava/lang/Object; @ 9 c2
Event: 1.128 Thread 0x000001e235723800 DEOPT PACKING pc=0x000001e24d4af228 sp=0x00000022379e63f0
Event: 1.128 Thread 0x000001e235723800 DEOPT UNPACKING pc=0x000001e24583a1af sp=0x00000022379e6358 mode 2

Classes redefined (0 events):
No events

Internal exceptions (20 events):
Event: 0.570 Thread 0x000001e235723800 Exception <a 'java/security/PrivilegedActionException'{0x0000000620377300}> (0x0000000620377300) thrown at [s\src\hotspot\share\prims\jvm.cpp, line 1306]
Event: 0.570 Thread 0x000001e235723800 Exception <a 'java/security/PrivilegedActionException'{0x0000000620379288}> (0x0000000620379288) thrown at [s\src\hotspot\share\prims\jvm.cpp, line 1306]
Event: 0.570 Thread 0x000001e235723800 Exception <a 'java/security/PrivilegedActionException'{0x0000000620379d50}> (0x0000000620379d50) thrown at [s\src\hotspot\share\prims\jvm.cpp, line 1306]
Event: 0.570 Thread 0x000001e235723800 Exception <a 'java/security/PrivilegedActionException'{0x000000062037bb40}> (0x000000062037bb40) thrown at [s\src\hotspot\share\prims\jvm.cpp, line 1306]
Event: 0.570 Thread 0x000001e235723800 Exception <a 'java/security/PrivilegedActionException'{0x000000062037c608}> (0x000000062037c608) thrown at [s\src\hotspot\share\prims\jvm.cpp, line 1306]
Event: 0.570 Thread 0x000001e235723800 Exception <a 'java/security/PrivilegedActionException'{0x000000062037e5b8}> (0x000000062037e5b8) thrown at [s\src\hotspot\share\prims\jvm.cpp, line 1306]
Event: 0.570 Thread 0x000001e235723800 Exception <a 'java/security/PrivilegedActionException'{0x000000062037f080}> (0x000000062037f080) thrown at [s\src\hotspot\share\prims\jvm.cpp, line 1306]
Event: 0.571 Thread 0x000001e235723800 Exception <a 'java/security/PrivilegedActionException'{0x0000000620380e58}> (0x0000000620380e58) thrown at [s\src\hotspot\share\prims\jvm.cpp, line 1306]
Event: 0.571 Thread 0x000001e235723800 Exception <a 'java/security/PrivilegedActionException'{0x0000000620381920}> (0x0000000620381920) thrown at [s\src\hotspot\share\prims\jvm.cpp, line 1306]
Event: 0.571 Thread 0x000001e235723800 Exception <a 'java/security/PrivilegedActionException'{0x0000000620383750}> (0x0000000620383750) thrown at [s\src\hotspot\share\prims\jvm.cpp, line 1306]
Event: 0.571 Thread 0x000001e235723800 Exception <a 'java/security/PrivilegedActionException'{0x0000000620384218}> (0x0000000620384218) thrown at [s\src\hotspot\share\prims\jvm.cpp, line 1306]
Event: 0.571 Thread 0x000001e235723800 Exception <a 'java/security/PrivilegedActionException'{0x0000000620386270}> (0x0000000620386270) thrown at [s\src\hotspot\share\prims\jvm.cpp, line 1306]
Event: 0.571 Thread 0x000001e235723800 Exception <a 'java/security/PrivilegedActionException'{0x0000000620386d38}> (0x0000000620386d38) thrown at [s\src\hotspot\share\prims\jvm.cpp, line 1306]
Event: 0.571 Thread 0x000001e235723800 Exception <a 'java/security/PrivilegedActionException'{0x0000000620388b10}> (0x0000000620388b10) thrown at [s\src\hotspot\share\prims\jvm.cpp, line 1306]
Event: 0.571 Thread 0x000001e235723800 Exception <a 'java/security/PrivilegedActionException'{0x00000006203895d8}> (0x00000006203895d8) thrown at [s\src\hotspot\share\prims\jvm.cpp, line 1306]
Event: 0.571 Thread 0x000001e235723800 Exception <a 'java/security/PrivilegedActionException'{0x000000062038b390}> (0x000000062038b390) thrown at [s\src\hotspot\share\prims\jvm.cpp, line 1306]
Event: 0.571 Thread 0x000001e235723800 Exception <a 'java/security/PrivilegedActionException'{0x000000062038be58}> (0x000000062038be58) thrown at [s\src\hotspot\share\prims\jvm.cpp, line 1306]
Event: 0.592 Thread 0x000001e235723800 Exception <a 'java/lang/NoClassDefFoundError'{0x000000061fc9ff50}: org/jpype/classloader/DynamicClassLoader> (0x000000061fc9ff50) thrown at [s\src\hotspot\share\classfile\systemDictionary.cpp, line 222]
Event: 0.609 Thread 0x000001e235723800 Exception <a 'java/lang/NoSuchMethodError'{0x000000061fa02e28}: 'int java.lang.invoke.DirectMethodHandle$Holder.invokeStaticInit(java.lang.Object, java.lang.Object)'> (0x000000061fa02e28) thrown at [s\src\hotspot\share\interpreter\linkResolver.cpp, line 773]
Event: 0.610 Thread 0x000001e235723800 Exception <a 'java/lang/NoSuchMethodError'{0x000000061fa08518}: 'java.lang.Object java.lang.invoke.DirectMethodHandle$Holder.invokeStaticInit(java.lang.Object, int)'> (0x000000061fa08518) thrown at [s\src\hotspot\share\interpreter\linkResolver.cpp, line 773]

Events (20 events):
Event: 1.169 loading class org/scijava/plugin/AbstractTypedService
Event: 1.169 loading class org/scijava/plugin/AbstractTypedService done
Event: 1.169 Executing VM operation: G1CollectFull
Event: 1.184 Executing VM operation: G1CollectFull done
Event: 1.184 loading class org/scijava/io/location/DefaultLocationService
Event: 1.184 loading class org/scijava/io/location/DefaultLocationService done
Event: 1.185 loading class org/scijava/io/nio/DefaultNIOService
Event: 1.185 loading class org/scijava/io/nio/DefaultNIOService done
Event: 1.185 loading class org/scijava/io/nio/NIOService
Event: 1.185 loading class org/scijava/io/nio/NIOService done
Event: 1.186 loading class org/scijava/main/DefaultMainService
Event: 1.186 loading class org/scijava/main/DefaultMainService done
Event: 1.186 loading class org/scijava/menu/DefaultMenuService
Event: 1.186 loading class org/scijava/menu/DefaultMenuService done
Event: 1.186 loading class org/scijava/module/DefaultModuleService
Event: 1.186 loading class org/scijava/module/DefaultModuleService done
Event: 1.187 loading class org/scijava/object/DefaultObjectService
Event: 1.187 loading class org/scijava/object/DefaultObjectService done
Event: 1.187 loading class org/scijava/options/DefaultOptionsService
Event: 1.187 loading class org/scijava/options/DefaultOptionsService done


Dynamic libraries:
0x00007ff608220000 - 0x00007ff60823c000 	C:\Users\sakib\anaconda3\envs\pyimagej\python.exe
0x00007ffea9f50000 - 0x00007ffeaa148000 	C:\Windows\SYSTEM32\ntdll.dll
0x00007ffea9360000 - 0x00007ffea9422000 	C:\Windows\System32\KERNEL32.DLL
0x00007ffea79f0000 - 0x00007ffea7ce6000 	C:\Windows\System32\KERNELBASE.dll
0x00007ffea7740000 - 0x00007ffea7840000 	C:\Windows\System32\ucrtbase.dll
0x00007ffde1230000 - 0x00007ffde1788000 	C:\Users\sakib\anaconda3\envs\pyimagej\python39.dll
0x00007ffe5f820000 - 0x00007ffe5f83d000 	C:\Users\sakib\anaconda3\envs\pyimagej\VCRUNTIME140.dll
0x00007ffea99b0000 - 0x00007ffea9a1b000 	C:\Windows\System32\WS2_32.dll
0x00007ffea8000000 - 0x00007ffea8120000 	C:\Windows\System32\RPCRT4.dll
0x00007ffea2240000 - 0x00007ffea224a000 	C:\Windows\SYSTEM32\VERSION.dll
0x00007ffea9520000 - 0x00007ffea95d1000 	C:\Windows\System32\ADVAPI32.dll
0x00007ffea8a20000 - 0x00007ffea8abe000 	C:\Windows\System32\msvcrt.dll
0x00007ffea8c70000 - 0x00007ffea8d0f000 	C:\Windows\System32\sechost.dll
0x00007ffea4720000 - 0x00007ffea473a000 	C:\Users\sakib\anaconda3\envs\pyimagej\zlib.dll
0x00007ffea7910000 - 0x00007ffea7937000 	C:\Windows\System32\bcrypt.dll
0x00007ffea6f70000 - 0x00007ffea6f88000 	C:\Windows\SYSTEM32\CRYPTSP.dll
0x00007ffea65b0000 - 0x00007ffea65e8000 	C:\Windows\system32\rsaenh.dll
0x00007ffea6f60000 - 0x00007ffea6f6c000 	C:\Windows\SYSTEM32\CRYPTBASE.dll
0x00007ffea75e0000 - 0x00007ffea7662000 	C:\Windows\System32\bcryptPrimitives.dll
0x00007ffe6f620000 - 0x00007ffe6f62f000 	C:\Users\sakib\anaconda3\envs\pyimagej\python3.DLL
0x00007ffe5d1f0000 - 0x00007ffe5d200000 	C:\Users\sakib\anaconda3\envs\pyimagej\lib\site-packages\zmq\backend\cython\_device.cp39-win_amd64.pyd
0x00007ffe36fd0000 - 0x00007ffe37043000 	C:\Users\sakib\anaconda3\envs\pyimagej\Library\bin\libzmq-mt-4_3_5.dll
0x00007ffea6970000 - 0x00007ffea69ab000 	C:\Windows\SYSTEM32\IPHLPAPI.DLL
0x00007ffe27990000 - 0x00007ffe27a1d000 	C:\Users\sakib\anaconda3\envs\pyimagej\MSVCP140.dll
0x00007ffe37380000 - 0x00007ffe373cf000 	C:\Users\sakib\anaconda3\envs\pyimagej\Library\bin\libsodium.dll
0x00007ffe5c8e0000 - 0x00007ffe5c8ec000 	C:\Users\sakib\anaconda3\envs\pyimagej\VCRUNTIME140_1.dll
0x00007ffe584d0000 - 0x00007ffe584e3000 	C:\Users\sakib\anaconda3\envs\pyimagej\lib\site-packages\zmq\backend\cython\context.cp39-win_amd64.pyd
0x00007ffe36fa0000 - 0x00007ffe36fc5000 	C:\Users\sakib\anaconda3\envs\pyimagej\lib\site-packages\zmq\backend\cython\socket.cp39-win_amd64.pyd
0x00007ffe371c0000 - 0x00007ffe371d9000 	C:\Users\sakib\anaconda3\envs\pyimagej\lib\site-packages\zmq\backend\cython\message.cp39-win_amd64.pyd
0x00007ffe36f80000 - 0x00007ffe36f93000 	C:\Users\sakib\anaconda3\envs\pyimagej\lib\site-packages\zmq\backend\cython\_poll.cp39-win_amd64.pyd
0x00007ffe5c8d0000 - 0x00007ffe5c8e0000 	C:\Users\sakib\anaconda3\envs\pyimagej\lib\site-packages\zmq\backend\cython\_proxy_steerable.cp39-win_amd64.pyd
0x00007ffe5be20000 - 0x00007ffe5be2c000 	C:\Users\sakib\anaconda3\envs\pyimagej\lib\site-packages\zmq\backend\cython\_version.cp39-win_amd64.pyd
0x00007ffe5b5e0000 - 0x00007ffe5b5ed000 	C:\Users\sakib\anaconda3\envs\pyimagej\lib\site-packages\zmq\backend\cython\error.cp39-win_amd64.pyd
0x00007ffe59640000 - 0x00007ffe5964f000 	C:\Users\sakib\anaconda3\envs\pyimagej\lib\site-packages\zmq\backend\cython\utils.cp39-win_amd64.pyd
0x00007ffe5d3c0000 - 0x00007ffe5d3d7000 	C:\Users\sakib\anaconda3\envs\pyimagej\DLLs\_socket.pyd
0x00007ffe62f60000 - 0x00007ffe62f6a000 	C:\Users\sakib\anaconda3\envs\pyimagej\DLLs\select.pyd
0x00007ffe2ae20000 - 0x00007ffe2ae50000 	C:\Users\sakib\anaconda3\envs\pyimagej\DLLs\_ssl.pyd
0x00007ffea7e10000 - 0x00007ffea7f6d000 	C:\Windows\System32\CRYPT32.dll
0x00007ffde0c00000 - 0x00007ffde1227000 	C:\Users\sakib\anaconda3\envs\pyimagej\Library\bin\libcrypto-3-x64.dll
0x00007ffe0fbe0000 - 0x00007ffe0fd03000 	C:\Users\sakib\anaconda3\envs\pyimagej\Library\bin\libssl-3-x64.dll
0x00007ffea8ac0000 - 0x00007ffea8c61000 	C:\Windows\System32\USER32.dll
0x00007ffea7710000 - 0x00007ffea7732000 	C:\Windows\System32\win32u.dll
0x00007ffea92d0000 - 0x00007ffea92fb000 	C:\Windows\System32\GDI32.dll
0x00007ffea7cf0000 - 0x00007ffea7e09000 	C:\Windows\System32\gdi32full.dll
0x00007ffea7670000 - 0x00007ffea770d000 	C:\Windows\System32\msvcp_win.dll
0x00007ffea9770000 - 0x00007ffea979f000 	C:\Windows\System32\IMM32.DLL
0x00007ffe34710000 - 0x00007ffe34724000 	C:\Users\sakib\anaconda3\envs\pyimagej\DLLs\_asyncio.pyd
0x00007ffe36f70000 - 0x00007ffe36f7e000 	C:\Users\sakib\anaconda3\envs\pyimagej\DLLs\_overlapped.pyd
0x00007ffea6d00000 - 0x00007ffea6d6a000 	C:\Windows\system32\mswsock.dll
0x00007ffe6f470000 - 0x00007ffe6f47b000 	C:\Users\sakib\anaconda3\envs\pyimagej\DLLs\_bz2.pyd
0x00007ffe37400000 - 0x00007ffe37438000 	C:\Users\sakib\anaconda3\envs\pyimagej\Library\bin\LIBBZ2.dll
0x00007ffe6f010000 - 0x00007ffe6f01e000 	C:\Users\sakib\anaconda3\envs\pyimagej\DLLs\_lzma.pyd
0x00007ffe373d0000 - 0x00007ffe373fa000 	C:\Users\sakib\anaconda3\envs\pyimagej\Library\bin\liblzma.dll
0x00007ffe5d200000 - 0x00007ffe5d20a000 	C:\Users\sakib\anaconda3\envs\pyimagej\DLLs\_queue.pyd
0x00007ffe31f20000 - 0x00007ffe31f32000 	C:\Users\sakib\anaconda3\envs\pyimagej\DLLs\_hashlib.pyd
0x00007ffe2ae10000 - 0x00007ffe2ae17000 	C:\Users\sakib\anaconda3\envs\pyimagej\lib\site-packages\tornado\speedups.pyd
0x00007ffe27dc0000 - 0x00007ffe27de5000 	C:\Users\sakib\anaconda3\envs\pyimagej\DLLs\_ctypes.pyd
0x00007ffea8d10000 - 0x00007ffea8e3b000 	C:\Windows\System32\ole32.dll
0x00007ffea8f60000 - 0x00007ffea92b4000 	C:\Windows\System32\combase.dll
0x00007ffea96a0000 - 0x00007ffea976d000 	C:\Windows\System32\OLEAUT32.dll
0x00007ffe37370000 - 0x00007ffe3737c000 	C:\Users\sakib\anaconda3\envs\pyimagej\Library\bin\ffi-8.dll
0x00007ffe34730000 - 0x00007ffe34786000 	C:\Users\sakib\anaconda3\envs\pyimagej\DLLs\_decimal.pyd
0x00007ffe27d90000 - 0x00007ffe27d99000 	C:\Users\sakib\anaconda3\envs\pyimagej\DLLs\_uuid.pyd
0x00007ffe0d720000 - 0x00007ffe0d9f8000 	C:\Users\sakib\anaconda3\envs\pyimagej\lib\site-packages\numpy\core\_multiarray_umath.cp39-win_amd64.pyd
0x00007ffdde630000 - 0x00007ffde0bfb000 	C:\Users\sakib\anaconda3\envs\pyimagej\Library\bin\libcblas.dll
0x00007ffe27d70000 - 0x00007ffe27d84000 	C:\Users\sakib\anaconda3\envs\pyimagej\lib\site-packages\numpy\core\_multiarray_tests.cp39-win_amd64.pyd
0x00007ffe27ca0000 - 0x00007ffe27cbd000 	C:\Users\sakib\anaconda3\envs\pyimagej\lib\site-packages\numpy\linalg\_umath_linalg.cp39-win_amd64.pyd
0x00007ffddc060000 - 0x00007ffdde62b000 	C:\Users\sakib\anaconda3\envs\pyimagej\Library\bin\liblapack.dll
0x00007ffdd9a90000 - 0x00007ffddc05b000 	C:\Users\sakib\anaconda3\envs\pyimagej\Library\bin\libblas.dll
0x00007ffe27c80000 - 0x00007ffe27c9e000 	C:\Users\sakib\anaconda3\envs\pyimagej\lib\site-packages\numpy\fft\_pocketfft_internal.cp39-win_amd64.pyd
0x00007ffe1ce80000 - 0x00007ffe1cf17000 	C:\Users\sakib\anaconda3\envs\pyimagej\lib\site-packages\numpy\random\mtrand.cp39-win_amd64.pyd
0x00007ffe27960000 - 0x00007ffe2798c000 	C:\Users\sakib\anaconda3\envs\pyimagej\lib\site-packages\numpy\random\bit_generator.cp39-win_amd64.pyd
0x00007ffe26800000 - 0x00007ffe2682f000 	C:\Users\sakib\anaconda3\envs\pyimagej\lib\site-packages\numpy\random\_common.cp39-win_amd64.pyd
0x00007ffe26420000 - 0x00007ffe26464000 	C:\Users\sakib\anaconda3\envs\pyimagej\lib\site-packages\numpy\random\_bounded_integers.cp39-win_amd64.pyd
0x00007ffe27c60000 - 0x00007ffe27c77000 	C:\Users\sakib\anaconda3\envs\pyimagej\lib\site-packages\numpy\random\_mt19937.cp39-win_amd64.pyd
0x00007ffe267e0000 - 0x00007ffe267f5000 	C:\Users\sakib\anaconda3\envs\pyimagej\lib\site-packages\numpy\random\_philox.cp39-win_amd64.pyd
0x00007ffe21de0000 - 0x00007ffe21dfa000 	C:\Users\sakib\anaconda3\envs\pyimagej\lib\site-packages\numpy\random\_pcg64.cp39-win_amd64.pyd
0x00007ffe269d0000 - 0x00007ffe269e0000 	C:\Users\sakib\anaconda3\envs\pyimagej\lib\site-packages\numpy\random\_sfc64.cp39-win_amd64.pyd
0x00007ffe1c5d0000 - 0x00007ffe1c67f000 	C:\Users\sakib\anaconda3\envs\pyimagej\lib\site-packages\numpy\random\_generator.cp39-win_amd64.pyd
0x00007ffdd76a0000 - 0x00007ffdd9a81000 	C:\Users\sakib\anaconda3\envs\pyimagej\Library\bin\mkl_intel_thread.2.dll
0x00007ffdd2e00000 - 0x00007ffdd7699000 	C:\Users\sakib\anaconda3\envs\pyimagej\Library\bin\mkl_core.2.dll
0x00007ffdd0a50000 - 0x00007ffdd2df7000 	C:\Users\sakib\anaconda3\envs\pyimagej\Library\bin\mkl_def.2.dll
0x00007ffdd0150000 - 0x00007ffdd0a44000 	C:\Users\sakib\anaconda3\envs\pyimagej\Library\bin\mkl_vml_def.2.dll
0x00007ffe267d0000 - 0x00007ffe267d9000 	C:\Users\sakib\anaconda3\envs\pyimagej\lib\site-packages\matplotlib\_c_internal_utils.cp39-win_amd64.pyd
0x00007ffea8120000 - 0x00007ffea8890000 	C:\Windows\System32\SHELL32.dll
0x00007ffe1ce10000 - 0x00007ffe1ce76000 	C:\Users\sakib\anaconda3\envs\pyimagej\lib\site-packages\PIL\_imaging.cp39-win_amd64.pyd
0x00007ffe0ad40000 - 0x00007ffe0addb000 	C:\Users\sakib\anaconda3\envs\pyimagej\Library\bin\jpeg8.dll
0x00007ffe1b350000 - 0x00007ffe1b3ab000 	C:\Users\sakib\anaconda3\envs\pyimagej\Library\bin\openjp2.dll
0x00007ffe0d6a0000 - 0x00007ffe0d717000 	C:\Users\sakib\anaconda3\envs\pyimagej\Library\bin\tiff.dll
0x00007ffe8ff30000 - 0x00007ffe8ffd4000 	C:\Users\sakib\anaconda3\envs\pyimagej\Library\bin\zstd.dll
0x00007ffe0acb0000 - 0x00007ffe0ad34000 	C:\Users\sakib\anaconda3\envs\pyimagej\Library\bin\Lerc.dll
0x00007ffe21db0000 - 0x00007ffe21de0000 	C:\Users\sakib\anaconda3\envs\pyimagej\Library\bin\deflate.dll
0x00007ffe20880000 - 0x00007ffe208a6000 	C:\Users\sakib\anaconda3\envs\pyimagej\lib\site-packages\matplotlib\_path.cp39-win_amd64.pyd
0x00007ffe27da0000 - 0x00007ffe27dbd000 	C:\Users\sakib\anaconda3\envs\pyimagej\lib\site-packages\matplotlib\ft2font.cp39-win_amd64.pyd
0x00007ffe27890000 - 0x00007ffe27937000 	C:\Users\sakib\anaconda3\envs\pyimagej\Library\bin\freetype.dll
0x00007ffe27850000 - 0x00007ffe27885000 	C:\Users\sakib\anaconda3\envs\pyimagej\Library\bin\libpng16.dll
0x00007ffe27830000 - 0x00007ffe27850000 	C:\Users\sakib\anaconda3\envs\pyimagej\lib\site-packages\kiwisolver\_cext.cp39-win_amd64.pyd
0x00007ffe0ab90000 - 0x00007ffe0aca5000 	C:\Users\sakib\anaconda3\envs\pyimagej\DLLs\unicodedata.pyd
0x00007ffe1ffc0000 - 0x00007ffe1fffc000 	C:\Users\sakib\anaconda3\envs\pyimagej\lib\site-packages\matplotlib\backends\_backend_agg.cp39-win_amd64.pyd
0x00007ffe1e670000 - 0x00007ffe1e69e000 	C:\Users\sakib\anaconda3\envs\pyimagej\lib\site-packages\matplotlib\_image.cp39-win_amd64.pyd
0x00007ffe1c5b0000 - 0x00007ffe1c5c6000 	C:\Users\sakib\anaconda3\envs\pyimagej\DLLs\_sqlite3.pyd
0x00007ffe1cf20000 - 0x00007ffe1d092000 	C:\Users\sakib\anaconda3\envs\pyimagej\Library\bin\sqlite3.dll
0x00007ffe1c590000 - 0x00007ffe1c5a4000 	C:\Users\sakib\anaconda3\envs\pyimagej\DLLs\_tkinter.pyd
0x00007ffe0a9c0000 - 0x00007ffe0ab85000 	C:\Users\sakib\anaconda3\envs\pyimagej\Library\bin\tcl86t.dll
0x00007ffe0a630000 - 0x00007ffe0a7b0000 	C:\Users\sakib\anaconda3\envs\pyimagej\Library\bin\tk86t.dll
0x00007ffea8940000 - 0x00007ffea8a1a000 	C:\Windows\System32\COMDLG32.dll
0x00007ffea8890000 - 0x00007ffea893d000 	C:\Windows\System32\shcore.dll
0x00007ffea7fa0000 - 0x00007ffea7ffb000 	C:\Windows\System32\SHLWAPI.dll
0x00007ffea7490000 - 0x00007ffea74be000 	C:\Windows\SYSTEM32\USERENV.dll
0x00007ffe98b90000 - 0x00007ffe98ba9000 	C:\Windows\SYSTEM32\NETAPI32.dll
0x00007ffe99240000 - 0x00007ffe994db000 	C:\Windows\WinSxS\amd64_microsoft.windows.common-controls_6595b64144ccf1df_6.0.19041.6456_none_60b8a6cb71f64256\COMCTL32.dll
0x00007ffe0a990000 - 0x00007ffe0a9ba000 	C:\Users\sakib\anaconda3\envs\pyimagej\Library\bin\zlib1.dll
0x00007ffea6b00000 - 0x00007ffea6b43000 	C:\Windows\SYSTEM32\LOGONCLI.DLL
0x00007ffea6af0000 - 0x00007ffea6afc000 	C:\Windows\SYSTEM32\NETUTILS.DLL
0x00007ffe97160000 - 0x00007ffe97179000 	C:\Windows\SYSTEM32\SAMCLI.DLL
0x00007ffe27820000 - 0x00007ffe27829000 	C:\Users\sakib\anaconda3\envs\pyimagej\lib\site-packages\matplotlib\backends\_tkagg.cp39-win_amd64.pyd
0x00007ffea95e0000 - 0x00007ffea95e8000 	C:\Windows\System32\PSAPI.DLL
0x00007ffe26410000 - 0x00007ffe2641b000 	C:\Users\sakib\anaconda3\envs\pyimagej\lib\site-packages\pandas\_libs\pandas_parser.cp39-win_amd64.pyd
0x00007ffe21da0000 - 0x00007ffe21dab000 	C:\Users\sakib\anaconda3\envs\pyimagej\lib\site-packages\pandas\_libs\pandas_datetime.cp39-win_amd64.pyd
0x00007ffdd0030000 - 0x00007ffdd0141000 	C:\Users\sakib\anaconda3\envs\pyimagej\lib\site-packages\pandas\_libs\interval.cp39-win_amd64.pyd
0x00007ffdcfe60000 - 0x00007ffdd0024000 	C:\Users\sakib\anaconda3\envs\pyimagej\lib\site-packages\pandas\_libs\hashtable.cp39-win_amd64.pyd
0x00007ffe0a960000 - 0x00007ffe0a98f000 	C:\Users\sakib\anaconda3\envs\pyimagej\lib\site-packages\pandas\_libs\missing.cp39-win_amd64.pyd
0x00007ffe0a930000 - 0x00007ffe0a95d000 	C:\Users\sakib\anaconda3\envs\pyimagej\lib\site-packages\pandas\_libs\tslibs\dtypes.cp39-win_amd64.pyd
0x00007ffe0d680000 - 0x00007ffe0d694000 	C:\Users\sakib\anaconda3\envs\pyimagej\lib\site-packages\pandas\_libs\tslibs\ccalendar.cp39-win_amd64.pyd
0x00007ffe0a910000 - 0x00007ffe0a930000 	C:\Users\sakib\anaconda3\envs\pyimagej\lib\site-packages\pandas\_libs\tslibs\np_datetime.cp39-win_amd64.pyd
0x00007ffe0a8d0000 - 0x00007ffe0a90b000 	C:\Users\sakib\anaconda3\envs\pyimagej\lib\site-packages\pandas\_libs\tslibs\conversion.cp39-win_amd64.pyd
0x00007ffe0a610000 - 0x00007ffe0a621000 	C:\Users\sakib\anaconda3\envs\pyimagej\lib\site-packages\pandas\_libs\tslibs\base.cp39-win_amd64.pyd
0x00007ffdcfd80000 - 0x00007ffdcfe5b000 	C:\Users\sakib\anaconda3\envs\pyimagej\lib\site-packages\pandas\_libs\tslibs\offsets.cp39-win_amd64.pyd

dbghelp: loaded successfully - version: 4.0.5 - missing functions: none
symbol engine: initialized successfully - sym options: 0x614 - pdb path: .;C:\Users\sakib\anaconda3\envs\pyimagej;C:\Windows\SYSTEM32;C:\Users\sakib\anaconda3\envs\pyimagej\lib\site-packages\zmq\backend\cython;C:\Users\sakib\anaconda3\envs\pyimagej\Library\bin;C:\Users\sakib\anaconda3\envs\pyimagej\DLLs;C:\Users\sakib\anaconda3\envs\pyimagej\lib\site-packages\tornado;C:\Users\sakib\anaconda3\envs\pyimagej\lib\site-packages\numpy\core;C:\Users\sakib\anaconda3\envs\pyimagej\lib\site-packages\numpy\linalg;C:\Users\sakib\anaconda3\envs\pyimagej\lib\site-packages\numpy\fft;C:\Users\sakib\anaconda3\envs\pyimagej\lib\site-packages\numpy\random;C:\Users\sakib\anaconda3\envs\pyimagej\lib\site-packages\matplotlib;C:\Users\sakib\anaconda3\envs\pyimagej\lib\site-packages\PIL;C:\Users\sakib\anaconda3\envs\pyimagej\lib\site-packages\kiwisolver;C:\Users\sakib\anaconda3\envs\pyimagej\lib\site-packages\matplotlib\backends;C:\Windows\WinSxS\amd64_microsoft.windows.common-controls_6595b64144ccf1df_6.0.19041.6456_none_60b8a6cb71f64256;C:\Users\sakib\anaconda3\envs\pyimagej\lib\site-packages\pandas\_libs;C:\Users\sakib\anaconda3\envs\pyimagej\lib\site-packages\pandas\_libs\tslibs;C:\Users\sakib\anaconda3\envs\pyimagej\lib\site-packages\pandas\_libs\window;C:\Users\sakib\anaconda3\envs\pyimagej\lib\site-packages\psutil;C:\Users\sakib\anaconda3\envs\pyimagej\lib\site-packages\debugpy\_vendored\pydevd\_pydevd_bundle;C:\Users\sakib\anaconda3\envs\pyimagej\lib\site-packages;C:\Users\sakib\anaconda3\envs\pyimagej\lib\site-packages\scipy\_lib;C:\Users\sakib\anaconda3\envs\pyimagej\lib\site-packages\scipy\linalg;C:\Users\sakib\anaconda3\envs\pyimagej\lib\site-packages\scipy\sparse;C:\Users\sakib\anaconda3\envs\pyimagej\lib\site-packages\scipy\sparse\linalg\_dsolve;C:\Users\sakib\anaconda3\envs\pyimagej\lib\site-packages\scipy\sparse\linalg\_eigen\arpack;C:\Users\sakib\anaconda3\envs\pyimagej\lib\site-packages\scipy\sparse\linalg\_propack;C:\Users\sakib\anaconda3\envs\pyimagej\lib\site-packages\scipy\sparse\csgraph;C:\Users\sakib\anaconda3\envs\pyimagej\lib\site-packages\scipy\optimize;C:\Users\sakib\anaconda3\envs\pyimagej\lib\site-packages\scipy\optimize\_trlib;C:\Users\sakib\anaconda3\envs\pyimagej\lib\site-packages\scipy\optimize\_lsq;C:\Users\sakib\anaconda3\envs\pyimagej\lib\site-packages\scipy\optimize\_highs;C:\Users\sakib\anaconda3\envs\pyimagej\lib\site-packages\scipy\spatial;C:\Users\sakib\anaconda3\envs\pyimagej\lib\site-packages\scipy\special;C:\Users\sakib\anaconda3\envs\pyimagej\lib\site-packages\scipy\spatial\transform;A:\Program Files\Common Files\microsoft shared\ink;C:\Windows\WinSxS\amd64_microsoft.windows.gdiplus_6595b64144ccf1df_1.1.19041.6456_none_91a399b0cc88bc24;A:\Program Files\Microsoft OneDrive\25.243.1211.0001;C:\Users\sakib\anaconda3\envs\pyimagej\Library\lib\jvm\bin\server;C:\Users\sakib\anaconda3\envs\pyimagej\Library\lib\jvm\bin

VM Arguments:
jvm_args: --add-opens=java.base/java.lang=ALL-UNNAMED --add-opens=java.base/java.util=ALL-UNNAMED 
java_command: <unknown>
java_class_path (initial): C:\Users\sakib\.jgo\sc.fiji\fiji\2.14.0\6ad50f45b0f3491affd3b43750c8c212c3c855c46dbb6becfc0463856a3d9f35\3D_Blob_Segmentation-3.0.2.jar;C:\Users\sakib\.jgo\sc.fiji\fiji\2.14.0\6ad50f45b0f3491affd3b43750c8c212c3c855c46dbb6becfc0463856a3d9f35\3D_Objects_Counter-2.0.1.jar;C:\Users\sakib\.jgo\sc.fiji\fiji\2.14.0\6ad50f45b0f3491affd3b43750c8c212c3c855c46dbb6becfc0463856a3d9f35\3D_Viewer-4.0.5.jar;C:\Users\sakib\.jgo\sc.fiji\fiji\2.14.0\6ad50f45b0f3491affd3b43750c8c212c3c855c46dbb6becfc0463856a3d9f35\ahocorasick-0.2.4.jar;C:\Users\sakib\.jgo\sc.fiji\fiji\2.14.0\6ad50f45b0f3491affd3b43750c8c212c3c855c46dbb6becfc0463856a3d9f35\aircompressor-0.21.jar;C:\Users\sakib\.jgo\sc.fiji\fiji\2.14.0\6ad50f45b0f3491affd3b43750c8c212c3c855c46dbb6becfc0463856a3d9f35\alphanumeric-comparator-1.4.1.jar;C:\Users\sakib\.jgo\sc.fiji\fiji\2.14.0\6ad50f45b0f3491affd3b43750c8c212c3c855c46dbb6becfc0463856a3d9f35\AnalyzeSkeleton_-3.4.2.jar;C:\Users\sakib\.jgo\sc.fiji\fiji\2.14.0\6ad50f45b0f3491affd3b43750c8c212c3c855c46dbb6becfc0463856a3d9f35\animal-sniffer-annotations-1.23.jar;C:\Users\sakib\.jgo\sc.fiji\fiji\2.14.0\6ad50f45b0f3491affd3b43750c8c212c3c855c46dbb6becfc0463856a3d9f35\Anisotropic_Diffusion_2D-2.0.1.jar;C:\Users\sakib\.jgo\sc.fiji\fiji\2.14.0\6ad50f45b0f3491affd3b43750c8c212c3c855c46dbb6becfc0463856a3d9f35\annotations-13.0.jar;C:\Users\sakib\.jgo\sc.fiji\fiji\2.14.0\6ad50f45b0f3491affd3b43750c8c212c3c855c46dbb6becfc0463856a3d9f35\annotations-4.1.1.4.jar;C:\Users\sakib\.jgo\sc.fiji\fiji\2.14.0\6ad50f45b0f3491affd3b43750c8c212c3c855c46dbb6becfc0463856a3d9f35\ant-1.10.13.jar;C:\Users\sakib\.jgo\sc.fiji\fiji\2.14.0\6ad50f45b0f3491affd3b43750c8c212c3c855c46dbb6becfc0463856a3d9f35\ant-launcher-1.10.13.jar;C:\Users\sakib\.jgo\sc.fiji\fiji\2.14.0\6ad50f45b0f3491affd3b43750c8c212c3c855c46dbb6becfc0463856a3d9f35\antlr-2.7.7.jar;C:\Users\sakib\.jgo\sc.fiji\fiji\2.14.0\6ad50f45b0f3491affd3b43750c8c212c3c855c46dbb6becfc0463856a3d9f35\antlr-3.5.3.jar;C:\Users\sakib\.jgo\s
Launcher Type: generic

[Global flags]
     intx CICompilerCount                          = 12                                        {product} {ergonomic}
     uint ConcGCThreads                            = 5                                         {product} {ergonomic}
     uint G1ConcRefinementThreads                  = 18                                        {product} {ergonomic}
   size_t G1HeapRegionSize                         = 2097152                                   {product} {ergonomic}
    uintx GCDrainStackTargetSize                   = 64                                        {product} {ergonomic}
   size_t InitialHeapSize                          = 536870912                                 {product} {ergonomic}
   size_t MarkStackSize                            = 4194304                                   {product} {ergonomic}
   size_t MaxHeapSize                              = 8566865920                                {product} {ergonomic}
   size_t MaxNewSize                               = 5140119552                                {product} {ergonomic}
   size_t MinHeapDeltaBytes                        = 2097152                                   {product} {ergonomic}
    uintx NonNMethodCodeHeapSize                   = 7594288                                {pd product} {ergonomic}
    uintx NonProfiledCodeHeapSize                  = 122031976                              {pd product} {ergonomic}
    uintx ProfiledCodeHeapSize                     = 122031976                              {pd product} {ergonomic}
    uintx ReservedCodeCacheSize                    = 251658240                              {pd product} {ergonomic}
     bool SegmentedCodeCache                       = true                                      {product} {ergonomic}
     bool UseCompressedClassPointers               = true                                 {lp64_product} {ergonomic}
     bool UseCompressedOops                        = true                                 {lp64_product} {ergonomic}
     bool UseG1GC                                  = true                                      {product} {ergonomic}
     bool UseLargePagesIndividualAllocation        = false                                  {pd product} {ergonomic}

Logging:
Log output configuration:
 #0: stdout all=warning uptime,level,tags
 #1: stderr all=off uptime,level,tags

Environment Variables:
JAVA_HOME=C:\Users\sakib\anaconda3\envs\pyimagej\Library\lib\jvm
PATH=C:\Users\sakib\anaconda3\envs\pyimagej;C:\Users\sakib\anaconda3\envs\pyimagej\Library\mingw-w64\bin;C:\Users\sakib\anaconda3\envs\pyimagej\Library\usr\bin;C:\Users\sakib\anaconda3\envs\pyimagej\Library\bin;C:\Users\sakib\anaconda3\envs\pyimagej\Scripts;C:\Users\sakib\anaconda3\envs\pyimagej\bin;C:\Users\sakib\anaconda3\condabin;C:\Users\sakib\anaconda3;C:\Users\sakib\anaconda3\Library\mingw-w64\bin;C:\Users\sakib\anaconda3\Library\usr\bin;C:\Users\sakib\anaconda3\Library\bin;C:\Users\sakib\anaconda3\Scripts;A:\Program Files\Zulu\zulu-11\bin;A:\Program Files\Zulu\zulu-21\bin;A:\Program Files (x86)\Common Files\Oracle\Java\javapath;C:\Windows\system32;C:\Windows;C:\Windows\System32\Wbem;C:\Windows\System32\WindowsPowerShell\v1.0;C:\Windows\System32\OpenSSH;C:\Program Files (x86)\ATI Technologies\ATI.ACE\Core-Static;A:\Program Files\Wolfram Research\WolframScript;A:\Program Files\dotnet;A:\Program Files (x86)\IVI Foundation\VISA\WinNT\Bin;A:\Program Files\IVI Foundation\VISA\Win64\Bin;A:\Program Files (x86)\National Instruments\Shared\LabVIEW CLI;A:\Program Files (x86)\IVI Foundation\IVI\Bin;A:\Program Files\IVI Foundation\IVI\Bin;A:\Program Files (x86)\IVI Foundation\VISA\WinNT\Bin;A:\Program Files\Carl Zeiss\MicroscopyInstaller;A:\Program Files\Microsoft SQL Server\120\Tools\Binn;A:\Program Files (x86)\Windows Kits\10\Windows Performance Toolkit;A:\Program Files\Git\cmd;A:\Program Files\gs\gs10.06.0\bin;A:\Program Files\gs\gs10.06.0\lib;A:\Program Files\Zulu\zulu-11\bin;A:\Program Files\Zulu\zulu-21\bin;A:\Program Files (x86)\Common Files\Oracle\Java\javapath;C:\Windows\system32;C:\Windows;C:\Windows\System32\Wbem;C:\Windows\System32\WindowsPowerShell\v1.0;C:\Windows\System32\OpenSSH;C:\Program Files (x86)\ATI Technologies\ATI.ACE\Core-Static;A:\Program Files\Wolfram Research\WolframScript;A:\Program Files\dotnet;A:\Program Files (x86)\IVI Foundation\VISA\WinNT\Bin;A:\Program Files\IVI Foundation\VISA\Win64\Bin;A:\Program Files (x86)\National Instruments\Shared\Lab
USERNAME=sakib
LANG=en
TERM=xterm-color
OS=Windows_NT
PROCESSOR_IDENTIFIER=AMD64 Family 25 Model 33 Stepping 2, AuthenticAMD
TMP=C:\Users\sakib\AppData\Local\Temp
TEMP=C:\Users\sakib\AppData\Local\Temp



---------------  S Y S T E M  ---------------

OS: Windows 10 , 64 bit Build 19041 (10.0.19041.5915)
OS uptime: 0 days 0:42 hours

CPU:total 24 (initial active 24) (24 cores per cpu, 2 threads per core) family 25 model 33 stepping 2 microcode 0x0, cmov, cx8, fxsr, mmx, sse, sse2, sse3, ssse3, sse4.1, sse4.2, popcnt, avx, avx2, aes, clmul, erms, mmxext, 3dnowpref, lzcnt, sse4a, ht, tsc, tscinvbit, tscinv, bmi1, bmi2, adx, sha, fma

Memory: 4k page, system-wide physical 32678M (18449M free)
TotalPageFile size 37542M (AvailPageFile size 22122M)
current process WorkingSet (physical memory assigned to process): 418M, peak: 420M
current process commit charge ("private bytes"): 703M, peak: 886M

vm_info: OpenJDK 64-Bit Server VM (11.0.22+7-LTS) for windows-amd64 JRE (Zulu11.70+15-CA) (11.0.22+7-LTS), built on Jan  5 2024 14:01:50 by "zulu_re" with MS VC++ 15.9 (VS2017)

END.
