#
# A fatal error has been detected by the Java Runtime Environment:
#
#  EXCEPTION_UNCAUGHT_CXX_EXCEPTION (0xe06d7363) at pc=0x00007ffea7a15369, pid=4464, tid=0x0000000000002c8c
#
# JRE version: Java(TM) SE Runtime Environment (8.0_381) (build 1.8.0_381-b09)
# Java VM: Java HotSpot(TM) 64-Bit Server VM (25.381-b09 mixed mode windows-amd64 compressed oops)
# Problematic frame:
# C  [KERNELBASE.dll+0x25369]
#
# Failed to write core dump. Minidumps are not enabled by default on client versions of Windows
#
# If you would like to submit a bug report, please visit:
#   http://bugreport.java.com/bugreport/crash.jsp
# The crash happened outside the Java Virtual Machine in native code.
# See problematic frame for where to report the bug.
#

---------------  T H R E A D  ---------------

Current thread (0x0000022b911ff000):  JavaThread "main" [_thread_in_native, id=11404, stack(0x00000041de400000,0x00000041de5f0000)]

siginfo: ExceptionCode=0xe06d7363, ExceptionInformation=0x0000000019930520 0x00000041de5e54b8 0x00007ffe741b90a0 0x00007ffe74150000 

Registers:
RAX=0x0000000000000000, RBX=0x00007ffe741b90a0, RCX=0x00000041de5e4be8, RDX=0x00000041de5e4c48
RSP=0x00000041de5e5300, RBP=0x00000041de5e5540, RSI=0x00000041de5e54b8, RDI=0x0000000019930520
R8 =0x00000041de5e4bf8, R9 =0x0000022bb7a31b55, R10=0x00000041de5e4c70, R11=0x0000022bb7a32c30
R12=0x00000041de5e5630, R13=0x0000022bc2bfef30, R14=0x0000000000000000, R15=0x0000022b934855c0
RIP=0x00007ffea7a15369, EFLAGS=0x0000000000000206

Top of Stack: (sp=0x00000041de5e5300)
0x00000041de5e5300:   00000041de5e5630 00007ffe741b90a0
0x00000041de5e5310:   00000041de5e54b8 0000000000000000
0x00000041de5e5320:   00000001e06d7363 0000000000000000
0x00000041de5e5330:   00007ffea7a15369 0000000000000004
0x00000041de5e5340:   0000000019930520 00000041de5e54b8
0x00000041de5e5350:   00007ffe741b90a0 00007ffe74150000
0x00000041de5e5360:   0000022bc2bfef30 00000041de5e5630
0x00000041de5e5370:   00000041de5e54b8 00000041de5e5540
0x00000041de5e5380:   00000041de5e5400 00007ffea9f84a5f
0x00000041de5e5390:   0000000019930520 00007ffe00000000
0x00000041de5e53a0:   0000000000000000 00007ffe7416bcba
0x00000041de5e53b0:   00007ffe741c0000 00007ffe74150000
0x00000041de5e53c0:   000037d55c913ec2 00007ffe5f8268de
0x00000041de5e53d0:   00007ffe741b90a0 00007ffe5f826ba7
0x00000041de5e53e0:   00000041de5e5478 0000022bbd449798
0x00000041de5e53f0:   00000041de5e5540 00007ffe74168d01 

Instructions: (pc=0x00007ffea7a15369)
0x00007ffea7a15349:   8b d1 44 0f 47 c0 44 89 44 24 38 49 c1 e0 03 e8
0x00007ffea7a15359:   ba 19 09 00 48 8d 4c 24 20 48 ff 15 6f df 1b 00
0x00007ffea7a15369:   0f 1f 44 00 00 48 8b 8c 24 c0 00 00 00 48 33 cc
0x00007ffea7a15379:   e8 c2 99 06 00 48 81 c4 d8 00 00 00 c3 cc 83 64 


Register to memory mapping:

RAX=0x0000000000000000 is an unknown value
RBX=0x00007ffe741b90a0 is an unknown value
RCX=0x00000041de5e4be8 is pointing into the stack for thread: 0x0000022b911ff000
RDX=0x00000041de5e4c48 is pointing into the stack for thread: 0x0000022b911ff000
RSP=0x00000041de5e5300 is pointing into the stack for thread: 0x0000022b911ff000
RBP=0x00000041de5e5540 is pointing into the stack for thread: 0x0000022b911ff000
RSI=0x00000041de5e54b8 is pointing into the stack for thread: 0x0000022b911ff000
RDI=0x0000000019930520 is an unknown value
R8 =0x00000041de5e4bf8 is pointing into the stack for thread: 0x0000022b911ff000
R9 =0x0000022bb7a31b55 is pointing into metadata
R10=0x00000041de5e4c70 is pointing into the stack for thread: 0x0000022b911ff000
R11=0x0000022bb7a32c30 is pointing into metadata
R12=0x00000041de5e5630 is pointing into the stack for thread: 0x0000022b911ff000
R13=0x0000022bc2bfef30 is an unknown value
R14=0x0000000000000000 is an unknown value
R15=0x0000022b934855c0 is an unknown value


Stack: [0x00000041de400000,0x00000041de5f0000],  sp=0x00000041de5e5300,  free space=1940k
Native frames: (J=compiled Java code, j=interpreted, Vv=VM code, C=native code)
C  [KERNELBASE.dll+0x25369]
C  [VCRUNTIME140.dll+0x6ba7]
C  0x00007ffe7418d645
C  0x00007ffe7417be1b
C  0x0000022b97cb9158

Java frames: (J=compiled Java code, j=interpreted, Vv=VM code)
J 7789  org.jpype.manager.TypeFactoryNative.newWrapper(JJ)V (0 bytes) @ 0x0000022b97cb90bb [0x0000022b97cb9080+0x3b]
j  org.jpype.JPypeContext.newWrapper(J)V+16
v  ~StubRoutines::call_stub
j  org.jpype.manager.TypeFactoryNative.newWrapper(JJ)V+0
j  org.jpype.JPypeContext.newWrapper(J)V+16
v  ~StubRoutines::call_stub
j  org.jpype.manager.TypeFactoryNative.newWrapper(JJ)V+0
j  org.jpype.JPypeContext.newWrapper(J)V+16
v  ~StubRoutines::call_stub

---------------  P R O C E S S  ---------------

Java Threads: ( => current thread )
  0x0000022bbec72000 JavaThread "pool-1-thread-24" [_thread_blocked, id=11964, stack(0x00000041ec8e0000,0x00000041ecad0000)]
  0x0000022bbec6a800 JavaThread "pool-1-thread-23" [_thread_blocked, id=3496, stack(0x00000041ec6f0000,0x00000041ec8e0000)]
  0x0000022bbec6c800 JavaThread "pool-1-thread-22" [_thread_blocked, id=3960, stack(0x00000041ec500000,0x00000041ec6f0000)]
  0x0000022bb7f6e800 JavaThread "pool-1-thread-21" [_thread_blocked, id=18460, stack(0x00000041ec310000,0x00000041ec500000)]
  0x0000022bc2a72000 JavaThread "pool-1-thread-20" [_thread_blocked, id=2212, stack(0x00000041ec120000,0x00000041ec310000)]
  0x0000022bc2a73800 JavaThread "pool-1-thread-19" [_thread_blocked, id=1912, stack(0x00000041ebf30000,0x00000041ec120000)]
  0x0000022bc2a79000 JavaThread "pool-1-thread-18" [_thread_blocked, id=10124, stack(0x00000041ebd40000,0x00000041ebf30000)]
  0x0000022bc2a71800 JavaThread "pool-1-thread-17" [_thread_blocked, id=14832, stack(0x00000041ebb50000,0x00000041ebd40000)]
  0x0000022bc19c5000 JavaThread "pool-1-thread-16" [_thread_blocked, id=8112, stack(0x00000041eb960000,0x00000041ebb50000)]
  0x0000022bc19ba800 JavaThread "pool-1-thread-15" [_thread_blocked, id=13056, stack(0x00000041eb770000,0x00000041eb960000)]
  0x0000022bc19c1000 JavaThread "pool-1-thread-14" [_thread_blocked, id=7032, stack(0x00000041eb580000,0x00000041eb770000)]
  0x0000022bc19bf800 JavaThread "pool-1-thread-13" [_thread_blocked, id=12000, stack(0x00000041eb390000,0x00000041eb580000)]
  0x0000022bc19b9800 JavaThread "pool-1-thread-12" [_thread_blocked, id=16228, stack(0x00000041eb1a0000,0x00000041eb390000)]
  0x0000022bc207a000 JavaThread "pool-1-thread-11" [_thread_blocked, id=19420, stack(0x00000041eafb0000,0x00000041eb1a0000)]
  0x0000022bc207d000 JavaThread "pool-1-thread-10" [_thread_blocked, id=14176, stack(0x00000041eadc0000,0x00000041eafb0000)]
  0x0000022bc2071800 JavaThread "pool-1-thread-9" [_thread_blocked, id=6620, stack(0x00000041eabd0000,0x00000041eadc0000)]
  0x0000022bc2078800 JavaThread "pool-1-thread-8" [_thread_blocked, id=21196, stack(0x00000041ea9e0000,0x00000041eabd0000)]
  0x0000022bc2078000 JavaThread "pool-1-thread-7" [_thread_blocked, id=19068, stack(0x00000041ea7f0000,0x00000041ea9e0000)]
  0x0000022bc206f800 JavaThread "pool-1-thread-6" [_thread_blocked, id=2140, stack(0x00000041ea600000,0x00000041ea7f0000)]
  0x0000022bc2075800 JavaThread "pool-1-thread-5" [_thread_blocked, id=1500, stack(0x00000041ea410000,0x00000041ea600000)]
  0x0000022bc2072800 JavaThread "pool-1-thread-4" [_thread_blocked, id=13212, stack(0x00000041ea220000,0x00000041ea410000)]
  0x0000022bc2070000 JavaThread "pool-1-thread-3" [_thread_blocked, id=7736, stack(0x00000041ea030000,0x00000041ea220000)]
  0x0000022bb8994800 JavaThread "pool-1-thread-2" [_thread_blocked, id=4016, stack(0x00000041e9e40000,0x00000041ea030000)]
  0x0000022bb8997000 JavaThread "pool-1-thread-1" [_thread_blocked, id=20112, stack(0x00000041e9c50000,0x00000041e9e40000)]
  0x0000022bc2079800 JavaThread "SciJava-3153ddfc-Thread-1" daemon [_thread_blocked, id=8400, stack(0x00000041e9670000,0x00000041e9860000)]
  0x0000022bc19bc000 JavaThread "D3D Screen Updater" daemon [_thread_blocked, id=18892, stack(0x00000041e9320000,0x00000041e9510000)]
  0x0000022bc19bb000 JavaThread "TimerQueue" daemon [_thread_blocked, id=8188, stack(0x00000041e9130000,0x00000041e9320000)]
  0x0000022bc19c0800 JavaThread "AWT-EventQueue-0" [_thread_blocked, id=11448, stack(0x00000041e8d50000,0x00000041e8f40000)]
  0x0000022bb7f77000 JavaThread "AWT-Windows" daemon [_thread_in_native, id=21440, stack(0x00000041e8970000,0x00000041e8b60000)]
  0x0000022bb7f7a800 JavaThread "AWT-Shutdown" [_thread_blocked, id=18180, stack(0x00000041e8780000,0x00000041e8970000)]
  0x0000022bb7f76000 JavaThread "Java2D Disposer" daemon [_thread_blocked, id=576, stack(0x00000041e8590000,0x00000041e8780000)]
  0x0000022bbe284000 JavaThread "SciJava-3153ddfc-Thread-0" daemon [_thread_blocked, id=12092, stack(0x00000041e83a0000,0x00000041e8590000)]
  0x0000022bbd757000 JavaThread "Python Reference Queue" daemon [_thread_blocked, id=728, stack(0x00000041e81b0000,0x00000041e83a0000)]
  0x0000022bb808e800 JavaThread "Service Thread" daemon [_thread_blocked, id=18384, stack(0x00000041e7dd0000,0x00000041e7fc0000)]
  0x0000022bb7f6d000 JavaThread "C1 CompilerThread11" daemon [_thread_blocked, id=21192, stack(0x00000041e7be0000,0x00000041e7dd0000)]
  0x0000022bb7f74000 JavaThread "C1 CompilerThread10" daemon [_thread_blocked, id=1596, stack(0x00000041e79f0000,0x00000041e7be0000)]
  0x0000022bb7f71800 JavaThread "C1 CompilerThread9" daemon [_thread_blocked, id=13892, stack(0x00000041e7800000,0x00000041e79f0000)]
  0x0000022bb7f73000 JavaThread "C1 CompilerThread8" daemon [_thread_blocked, id=12088, stack(0x00000041e7610000,0x00000041e7800000)]
  0x0000022bb7f70000 JavaThread "C2 CompilerThread7" daemon [_thread_blocked, id=5748, stack(0x00000041e7420000,0x00000041e7610000)]
  0x0000022b91186000 JavaThread "C2 CompilerThread6" daemon [_thread_blocked, id=5328, stack(0x00000041e7230000,0x00000041e7420000)]
  0x0000022b91185800 JavaThread "C2 CompilerThread5" daemon [_thread_blocked, id=4224, stack(0x00000041e7040000,0x00000041e7230000)]
  0x0000022b91187000 JavaThread "C2 CompilerThread4" daemon [_thread_blocked, id=11340, stack(0x00000041e6e50000,0x00000041e7040000)]
  0x0000022b91187800 JavaThread "C2 CompilerThread3" daemon [_thread_blocked, id=10076, stack(0x00000041e6c60000,0x00000041e6e50000)]
  0x0000022b91184800 JavaThread "C2 CompilerThread2" daemon [_thread_blocked, id=19820, stack(0x00000041e6a70000,0x00000041e6c60000)]
  0x0000022bb7f61800 JavaThread "C2 CompilerThread1" daemon [_thread_blocked, id=4172, stack(0x00000041e6880000,0x00000041e6a70000)]
  0x0000022b913ad000 JavaThread "C2 CompilerThread0" daemon [_thread_blocked, id=13700, stack(0x00000041e6690000,0x00000041e6880000)]
  0x0000022b913a9800 JavaThread "Attach Listener" daemon [_thread_blocked, id=5520, stack(0x00000041e64a0000,0x00000041e6690000)]
  0x0000022b913a8800 JavaThread "Signal Dispatcher" daemon [_thread_blocked, id=4764, stack(0x00000041e62b0000,0x00000041e64a0000)]
  0x0000022bb7f39800 JavaThread "Finalizer" daemon [_thread_blocked, id=14652, stack(0x00000041e60c0000,0x00000041e62b0000)]
  0x0000022b90f8e800 JavaThread "Reference Handler" daemon [_thread_blocked, id=12072, stack(0x00000041e5ed0000,0x00000041e60c0000)]
=>0x0000022b911ff000 JavaThread "main" [_thread_in_native, id=11404, stack(0x00000041de400000,0x00000041de5f0000)]

Other Threads:
  0x0000022b90eee800 VMThread [stack: 0x00000041e5ce0000,0x00000041e5ed0000] [id=2264]
  0x0000022bb8105800 WatcherThread [stack: 0x00000041e7fc0000,0x00000041e81b0000] [id=6232]

VM state:not at safepoint (normal execution)

VM Mutex/Monitor currently owned by a thread: None

heap address: 0x00000005c1600000, size: 8170 MB, Compressed Oops mode: Zero based, Oop shift amount: 3
Narrow klass base: 0x0000000000000000, Narrow klass shift: 3
Compressed class space size: 1073741824 Address: 0x00000007c0000000

Heap:
 PSYoungGen      total 547840K, used 457768K [0x0000000715d00000, 0x0000000738900000, 0x00000007c0000000)
  eden space 526336K, 86% used [0x0000000715d00000,0x0000000731c0a060,0x0000000735f00000)
  from space 21504K, 0% used [0x0000000737400000,0x0000000737400000,0x0000000738900000)
  to   space 21504K, 0% used [0x0000000735f00000,0x0000000735f00000,0x0000000737400000)
 ParOldGen       total 349696K, used 27297K [0x00000005c1600000, 0x00000005d6b80000, 0x0000000715d00000)
  object space 349696K, 7% used [0x00000005c1600000,0x00000005c30a86e8,0x00000005d6b80000)
 Metaspace       used 61472K, capacity 62577K, committed 62848K, reserved 1103872K
  class space    used 8476K, capacity 8728K, committed 8832K, reserved 1048576K

Card table byte_map: [0x0000022ba5570000,0x0000022ba6570000] byte_map_base: 0x0000022ba2765000

Marking Bits: (ParMarkBitMap*) 0x00007ffdc8306040
 Begin Bits: [0x0000022ba6570000, 0x0000022bae518000)
 End Bits:   [0x0000022bae518000, 0x0000022bb64c0000)

Polling page: 0x0000022b91900000

CodeCache: size=245760Kb used=23837Kb max_used=23846Kb free=221922Kb
 bounds [0x0000022b96570000, 0x0000022b97ce0000, 0x0000022ba5570000]
 total_blobs=7257 nmethods=6487 adapters=677
 compilation: enabled

Compilation events (10 events):
Event: 22.853 Thread 0x0000022bb7f73000 7809       1       javax.swing.table.TableColumn::getModelIndex (5 bytes)
Event: 22.853 Thread 0x0000022bb7f73000 nmethod 7809 0x0000022b97cc7150 code [0x0000022b97cc72a0, 0x0000022b97cc73b8]
Event: 22.853 Thread 0x0000022bb7f71800 nmethod 7801 0x0000022b97cc7410 code [0x0000022b97cc7740, 0x0000022b97cc9260]
Event: 22.854 Thread 0x0000022bb7f74000 nmethod 7803 0x0000022b97cca590 code [0x0000022b97cca940, 0x0000022b97cccaf0]
Event: 22.854 Thread 0x0000022bb7f6d000 nmethod 7807 0x0000022b97ccdd90 code [0x0000022b97cce080, 0x0000022b97ccfa40]
Event: 22.854 Thread 0x0000022bb7f61800 7810       4       net.miginfocom.layout.LayoutUtil::calculateSerial (616 bytes)
Event: 22.855 Thread 0x0000022bb7f73000 7811       1       java.awt.geom.AffineTransform::getTranslateX (5 bytes)
Event: 22.855 Thread 0x0000022bb7f71800 7812       1       java.awt.geom.AffineTransform::getTranslateY (5 bytes)
Event: 22.855 Thread 0x0000022bb7f73000 nmethod 7811 0x0000022b97cd0690 code [0x0000022b97cd07e0, 0x0000022b97cd08f8]
Event: 22.855 Thread 0x0000022bb7f71800 nmethod 7812 0x0000022b97cd0950 code [0x0000022b97cd0aa0, 0x0000022b97cd0bb8]

GC Heap History (10 events):
Event: 3.171 GC heap before
{Heap before GC invocations=26 (full 12):
 PSYoungGen      total 547840K, used 11556K [0x0000000715d00000, 0x0000000738900000, 0x00000007c0000000)
  eden space 526336K, 0% used [0x0000000715d00000,0x0000000715d00000,0x0000000735f00000)
  from space 21504K, 53% used [0x0000000737400000,0x0000000737f49250,0x0000000738900000)
  to   space 21504K, 0% used [0x0000000735f00000,0x0000000735f00000,0x0000000737400000)
 ParOldGen       total 349696K, used 23567K [0x00000005c1600000, 0x00000005d6b80000, 0x0000000715d00000)
  object space 349696K, 6% used [0x00000005c1600000,0x00000005c2d03c78,0x00000005d6b80000)
 Metaspace       used 42498K, capacity 43001K, committed 43648K, reserved 1087488K
  class space    used 5719K, capacity 5893K, committed 6016K, reserved 1048576K
Event: 3.255 GC heap after
Heap after GC invocations=26 (full 12):
 PSYoungGen      total 547840K, used 0K [0x0000000715d00000, 0x0000000738900000, 0x00000007c0000000)
  eden space 526336K, 0% used [0x0000000715d00000,0x0000000715d00000,0x0000000735f00000)
  from space 21504K, 0% used [0x0000000737400000,0x0000000737400000,0x0000000738900000)
  to   space 21504K, 0% used [0x0000000735f00000,0x0000000735f00000,0x0000000737400000)
 ParOldGen       total 349696K, used 25574K [0x00000005c1600000, 0x00000005d6b80000, 0x0000000715d00000)
  object space 349696K, 7% used [0x00000005c1600000,0x00000005c2ef98c0,0x00000005d6b80000)
 Metaspace       used 42498K, capacity 43001K, committed 43648K, reserved 1087488K
  class space    used 5719K, capacity 5893K, committed 6016K, reserved 1048576K
}
Event: 4.042 GC heap before
{Heap before GC invocations=27 (full 12):
 PSYoungGen      total 547840K, used 183471K [0x0000000715d00000, 0x0000000738900000, 0x00000007c0000000)
  eden space 526336K, 34% used [0x0000000715d00000,0x000000072102be28,0x0000000735f00000)
  from space 21504K, 0% used [0x0000000737400000,0x0000000737400000,0x0000000738900000)
  to   space 21504K, 0% used [0x0000000735f00000,0x0000000735f00000,0x0000000737400000)
 ParOldGen       total 349696K, used 25574K [0x00000005c1600000, 0x00000005d6b80000, 0x0000000715d00000)
  object space 349696K, 7% used [0x00000005c1600000,0x00000005c2ef98c0,0x00000005d6b80000)
 Metaspace       used 50261K, capacity 51191K, committed 51584K, reserved 1093632K
  class space    used 7180K, capacity 7438K, committed 7552K, reserved 1048576K
Event: 4.048 GC heap after
Heap after GC invocations=27 (full 12):
 PSYoungGen      total 547840K, used 11786K [0x0000000715d00000, 0x0000000738900000, 0x00000007c0000000)
  eden space 526336K, 0% used [0x0000000715d00000,0x0000000715d00000,0x0000000735f00000)
  from space 21504K, 54% used [0x0000000735f00000,0x0000000736a82b00,0x0000000737400000)
  to   space 21504K, 0% used [0x0000000737400000,0x0000000737400000,0x0000000738900000)
 ParOldGen       total 349696K, used 25582K [0x00000005c1600000, 0x00000005d6b80000, 0x0000000715d00000)
  object space 349696K, 7% used [0x00000005c1600000,0x00000005c2efb8c0,0x00000005d6b80000)
 Metaspace       used 50261K, capacity 51191K, committed 51584K, reserved 1093632K
  class space    used 7180K, capacity 7438K, committed 7552K, reserved 1048576K
}
Event: 4.048 GC heap before
{Heap before GC invocations=28 (full 13):
 PSYoungGen      total 547840K, used 11786K [0x0000000715d00000, 0x0000000738900000, 0x00000007c0000000)
  eden space 526336K, 0% used [0x0000000715d00000,0x0000000715d00000,0x0000000735f00000)
  from space 21504K, 54% used [0x0000000735f00000,0x0000000736a82b00,0x0000000737400000)
  to   space 21504K, 0% used [0x0000000737400000,0x0000000737400000,0x0000000738900000)
 ParOldGen       total 349696K, used 25582K [0x00000005c1600000, 0x00000005d6b80000, 0x0000000715d00000)
  object space 349696K, 7% used [0x00000005c1600000,0x00000005c2efb8c0,0x00000005d6b80000)
 Metaspace       used 50261K, capacity 51191K, committed 51584K, reserved 1093632K
  class space    used 7180K, capacity 7438K, committed 7552K, reserved 1048576K
Event: 4.144 GC heap after
Heap after GC invocations=28 (full 13):
 PSYoungGen      total 547840K, used 0K [0x0000000715d00000, 0x0000000738900000, 0x00000007c0000000)
  eden space 526336K, 0% used [0x0000000715d00000,0x0000000715d00000,0x0000000735f00000)
  from space 21504K, 0% used [0x0000000735f00000,0x0000000735f00000,0x0000000737400000)
  to   space 21504K, 0% used [0x0000000737400000,0x0000000737400000,0x0000000738900000)
 ParOldGen       total 349696K, used 30999K [0x00000005c1600000, 0x00000005d6b80000, 0x0000000715d00000)
  object space 349696K, 8% used [0x00000005c1600000,0x00000005c3445e78,0x00000005d6b80000)
 Metaspace       used 50261K, capacity 51191K, committed 51584K, reserved 1093632K
  class space    used 7180K, capacity 7438K, committed 7552K, reserved 1048576K
}
Event: 4.184 GC heap before
{Heap before GC invocations=29 (full 13):
 PSYoungGen      total 547840K, used 13650K [0x0000000715d00000, 0x0000000738900000, 0x00000007c0000000)
  eden space 526336K, 2% used [0x0000000715d00000,0x0000000716a54978,0x0000000735f00000)
  from space 21504K, 0% used [0x0000000735f00000,0x0000000735f00000,0x0000000737400000)
  to   space 21504K, 0% used [0x0000000737400000,0x0000000737400000,0x0000000738900000)
 ParOldGen       total 349696K, used 30999K [0x00000005c1600000, 0x00000005d6b80000, 0x0000000715d00000)
  object space 349696K, 8% used [0x00000005c1600000,0x00000005c3445e78,0x00000005d6b80000)
 Metaspace       used 50261K, capacity 51191K, committed 51584K, reserved 1093632K
  class space    used 7180K, capacity 7438K, committed 7552K, reserved 1048576K
Event: 4.185 GC heap after
Heap after GC invocations=29 (full 13):
 PSYoungGen      total 547840K, used 160K [0x0000000715d00000, 0x0000000738900000, 0x00000007c0000000)
  eden space 526336K, 0% used [0x0000000715d00000,0x0000000715d00000,0x0000000735f00000)
  from space 21504K, 0% used [0x0000000737400000,0x0000000737428000,0x0000000738900000)
  to   space 21504K, 0% used [0x0000000735f00000,0x0000000735f00000,0x0000000737400000)
 ParOldGen       total 349696K, used 30999K [0x00000005c1600000, 0x00000005d6b80000, 0x0000000715d00000)
  object space 349696K, 8% used [0x00000005c1600000,0x00000005c3445e78,0x00000005d6b80000)
 Metaspace       used 50261K, capacity 51191K, committed 51584K, reserved 1093632K
  class space    used 7180K, capacity 7438K, committed 7552K, reserved 1048576K
}
Event: 4.185 GC heap before
{Heap before GC invocations=30 (full 14):
 PSYoungGen      total 547840K, used 160K [0x0000000715d00000, 0x0000000738900000, 0x00000007c0000000)
  eden space 526336K, 0% used [0x0000000715d00000,0x0000000715d00000,0x0000000735f00000)
  from space 21504K, 0% used [0x0000000737400000,0x0000000737428000,0x0000000738900000)
  to   space 21504K, 0% used [0x0000000735f00000,0x0000000735f00000,0x0000000737400000)
 ParOldGen       total 349696K, used 30999K [0x00000005c1600000, 0x00000005d6b80000, 0x0000000715d00000)
  object space 349696K, 8% used [0x00000005c1600000,0x00000005c3445e78,0x00000005d6b80000)
 Metaspace       used 50261K, capacity 51191K, committed 51584K, reserved 1093632K
  class space    used 7180K, capacity 7438K, committed 7552K, reserved 1048576K
Event: 4.275 GC heap after
Heap after GC invocations=30 (full 14):
 PSYoungGen      total 547840K, used 0K [0x0000000715d00000, 0x0000000738900000, 0x00000007c0000000)
  eden space 526336K, 0% used [0x0000000715d00000,0x0000000715d00000,0x0000000735f00000)
  from space 21504K, 0% used [0x0000000737400000,0x0000000737400000,0x0000000738900000)
  to   space 21504K, 0% used [0x0000000735f00000,0x0000000735f00000,0x0000000737400000)
 ParOldGen       total 349696K, used 27297K [0x00000005c1600000, 0x00000005d6b80000, 0x0000000715d00000)
  object space 349696K, 7% used [0x00000005c1600000,0x00000005c30a86e8,0x00000005d6b80000)
 Metaspace       used 50261K, capacity 51191K, committed 51584K, reserved 1093632K
  class space    used 7180K, capacity 7438K, committed 7552K, reserved 1048576K
}

Deoptimization events (10 events):
Event: 7.824 Thread 0x0000022bbe284000 Uncommon trap: reason=unstable_if action=reinterpret pc=0x0000022b9791ff74 method=com.sun.imageio.plugins.png.PNGImageWriter.encodePass(Ljavax/imageio/stream/ImageOutputStream;Ljava/awt/image/RenderedImage;IIII)V @ 303
Event: 10.484 Thread 0x0000022bbe284000 Uncommon trap: reason=unstable_if action=reinterpret pc=0x0000022b974fc618 method=java.util.Arrays.fill([II)V @ 7
Event: 10.993 Thread 0x0000022bc19c0800 Uncommon trap: reason=unstable_if action=reinterpret pc=0x0000022b97a51244 method=java.lang.Math.round(F)I @ 36
Event: 15.179 Thread 0x0000022bbe284000 Uncommon trap: reason=unstable_if action=reinterpret pc=0x0000022b979f5cd4 method=java.text.DigitList.set(ZLjava/lang/String;ZZIZ)V @ 222
Event: 22.771 Thread 0x0000022bbe284000 Uncommon trap: reason=unstable_if action=reinterpret pc=0x0000022b9791b340 method=ij.macro.Interpreter.getToken()V @ 4
Event: 22.780 Thread 0x0000022bc19c0800 Uncommon trap: reason=unstable_if action=reinterpret pc=0x0000022b97a0aae0 method=sun.misc.FloatingDecimal$BinaryToASCIIBuffer.dtoa(IJIZ)V @ 386
Event: 22.793 Thread 0x0000022bc19c0800 Uncommon trap: reason=speculate_class_check action=maybe_recompile pc=0x0000022b973299a0 method=org.scijava.UIDetails.compareTo(Lorg/scijava/Prioritized;)I @ 52
Event: 22.793 Thread 0x0000022bc19c0800 Uncommon trap: reason=speculate_class_check action=maybe_recompile pc=0x0000022b973299a0 method=org.scijava.UIDetails.compareTo(Lorg/scijava/Prioritized;)I @ 52
Event: 22.845 Thread 0x0000022bc19c0800 Uncommon trap: reason=unstable_if action=reinterpret pc=0x0000022b976ce314 method=sun.awt.SunToolkit.isInstanceOf(Ljava/lang/Class;Ljava/lang/String;)Z @ 14
Event: 22.851 Thread 0x0000022bbe284000 Uncommon trap: reason=unstable_if action=reinterpret pc=0x0000022b96b079d8 method=java.util.concurrent.SynchronousQueue$TransferStack.awaitFulfill(Ljava/util/concurrent/SynchronousQueue$TransferStack$SNode;ZJ)Ljava/util/concurrent/SynchronousQueue$Transfe

Classes redefined (0 events):
No events

Internal exceptions (10 events):
Event: 22.546 Thread 0x0000022bbe284000 Exception <a 'java/lang/NullPointerException'> (0x0000000730ebb778) thrown at [C:\jenkins\workspace\8-2-build-windows-x64-cygwin-sans-NAS\jdk8u381\237\hotspot\src\share\vm\runtime\sharedRuntime.cpp, line 609]
Event: 22.547 Thread 0x0000022bbe284000 Implicit null exception at 0x0000022b97b68870 to 0x0000022b97b68ab2
Event: 22.547 Thread 0x0000022bbe284000 Exception <a 'java/lang/NullPointerException'> (0x0000000730ebe320) thrown at [C:\jenkins\workspace\8-2-build-windows-x64-cygwin-sans-NAS\jdk8u381\237\hotspot\src\share\vm\runtime\sharedRuntime.cpp, line 609]
Event: 22.549 Thread 0x0000022bbe284000 Implicit null exception at 0x0000022b97b68870 to 0x0000022b97b68ab2
Event: 22.549 Thread 0x0000022bbe284000 Exception <a 'java/lang/NullPointerException'> (0x0000000730eca078) thrown at [C:\jenkins\workspace\8-2-build-windows-x64-cygwin-sans-NAS\jdk8u381\237\hotspot\src\share\vm\runtime\sharedRuntime.cpp, line 609]
Event: 22.551 Thread 0x0000022bbe284000 Implicit null exception at 0x0000022b97b68870 to 0x0000022b97b68ab2
Event: 22.551 Thread 0x0000022bbe284000 Exception <a 'java/lang/NullPointerException'> (0x0000000730ed3a38) thrown at [C:\jenkins\workspace\8-2-build-windows-x64-cygwin-sans-NAS\jdk8u381\237\hotspot\src\share\vm\runtime\sharedRuntime.cpp, line 609]
Event: 22.709 Thread 0x0000022bbe284000 Exception <a 'java/lang/ClassCastException': java.awt.MenuItem cannot be cast to java.awt.CheckboxMenuItem> (0x00000007310f36f0) thrown at [C:\jenkins\workspace\8-2-build-windows-x64-cygwin-sans-NAS\jdk8u381\237\hotspot\src\share\vm\interpreter\interprete
Event: 22.709 Thread 0x0000022bbe284000 Exception <a 'java/lang/ClassCastException': java.awt.MenuItem cannot be cast to java.awt.CheckboxMenuItem> (0x00000007310f39a0) thrown at [C:\jenkins\workspace\8-2-build-windows-x64-cygwin-sans-NAS\jdk8u381\237\hotspot\src\share\vm\interpreter\interprete
Event: 22.713 Thread 0x0000022bbe284000 Exception <a 'java/lang/ClassCastException': java.awt.MenuItem cannot be cast to java.awt.CheckboxMenuItem> (0x00000007310f4918) thrown at [C:\jenkins\workspace\8-2-build-windows-x64-cygwin-sans-NAS\jdk8u381\237\hotspot\src\share\vm\interpreter\interprete

Events (10 events):
Event: 22.845 Thread 0x0000022bc19c0800 Uncommon trap: trap_request=0xffffff65 fr.pc=0x0000022b976ce314
Event: 22.845 Thread 0x0000022bc19c0800 DEOPT PACKING pc=0x0000022b976ce314 sp=0x00000041e8f3b000
Event: 22.845 Thread 0x0000022bc19c0800 DEOPT UNPACKING pc=0x0000022b965b58c3 sp=0x00000041e8f3afc8 mode 2
Event: 22.848 loading class java/awt/KeyboardFocusManager$4
Event: 22.848 loading class java/awt/KeyboardFocusManager$4 done
Event: 22.851 loading class com/formdev/flatlaf/ui/FlatTableUI$1
Event: 22.851 loading class com/formdev/flatlaf/ui/FlatTableUI$1 done
Event: 22.851 Thread 0x0000022bbe284000 Uncommon trap: trap_request=0xffffff65 fr.pc=0x0000022b96b079d8
Event: 22.851 Thread 0x0000022bbe284000 DEOPT PACKING pc=0x0000022b96b079d8 sp=0x00000041e858f1b0
Event: 22.851 Thread 0x0000022bbe284000 DEOPT UNPACKING pc=0x0000022b965b58c3 sp=0x00000041e858f128 mode 2


Dynamic libraries:
0x00007ff608220000 - 0x00007ff60823c000 	C:\Users\sakib\anaconda3\envs\pyimagej\python.exe
0x00007ffea9f50000 - 0x00007ffeaa148000 	C:\Windows\SYSTEM32\ntdll.dll
0x00007ffea9360000 - 0x00007ffea9422000 	C:\Windows\System32\KERNEL32.DLL
0x00007ffea79f0000 - 0x00007ffea7ce6000 	C:\Windows\System32\KERNELBASE.dll
0x00007ffea7740000 - 0x00007ffea7840000 	C:\Windows\System32\ucrtbase.dll
0x00007ffe5f820000 - 0x00007ffe5f83d000 	C:\Users\sakib\anaconda3\envs\pyimagej\VCRUNTIME140.dll
0x00007ffde1230000 - 0x00007ffde1788000 	C:\Users\sakib\anaconda3\envs\pyimagej\python39.dll
0x00007ffea99b0000 - 0x00007ffea9a1b000 	C:\Windows\System32\WS2_32.dll
0x00007ffea8000000 - 0x00007ffea8120000 	C:\Windows\System32\RPCRT4.dll
0x00007ffea9520000 - 0x00007ffea95d1000 	C:\Windows\System32\ADVAPI32.dll
0x00007ffea2240000 - 0x00007ffea224a000 	C:\Windows\SYSTEM32\VERSION.dll
0x00007ffea8a20000 - 0x00007ffea8abe000 	C:\Windows\System32\msvcrt.dll
0x00007ffea8c70000 - 0x00007ffea8d0f000 	C:\Windows\System32\sechost.dll
0x00007ffea7910000 - 0x00007ffea7937000 	C:\Windows\System32\bcrypt.dll
0x00007ffea4720000 - 0x00007ffea473a000 	C:\Users\sakib\anaconda3\envs\pyimagej\zlib.dll
0x00007ffea6f70000 - 0x00007ffea6f88000 	C:\Windows\SYSTEM32\CRYPTSP.dll
0x00007ffea65b0000 - 0x00007ffea65e8000 	C:\Windows\system32\rsaenh.dll
0x00007ffea6f60000 - 0x00007ffea6f6c000 	C:\Windows\SYSTEM32\CRYPTBASE.dll
0x00007ffea75e0000 - 0x00007ffea7662000 	C:\Windows\System32\bcryptPrimitives.dll
0x00007ffe701a0000 - 0x00007ffe701af000 	C:\Users\sakib\anaconda3\envs\pyimagej\python3.DLL
0x00007ffe6f620000 - 0x00007ffe6f630000 	C:\Users\sakib\anaconda3\envs\pyimagej\lib\site-packages\zmq\backend\cython\_device.cp39-win_amd64.pyd
0x00007ffe584d0000 - 0x00007ffe58543000 	C:\Users\sakib\anaconda3\envs\pyimagej\Library\bin\libzmq-mt-4_3_5.dll
0x00007ffea6970000 - 0x00007ffea69ab000 	C:\Windows\SYSTEM32\IPHLPAPI.DLL
0x00007ffe36fc0000 - 0x00007ffe3704d000 	C:\Users\sakib\anaconda3\envs\pyimagej\MSVCP140.dll
0x00007ffe37120000 - 0x00007ffe3716f000 	C:\Users\sakib\anaconda3\envs\pyimagej\Library\bin\libsodium.dll
0x00007ffe6f470000 - 0x00007ffe6f47c000 	C:\Users\sakib\anaconda3\envs\pyimagej\VCRUNTIME140_1.dll
0x00007ffe5d3d0000 - 0x00007ffe5d3e3000 	C:\Users\sakib\anaconda3\envs\pyimagej\lib\site-packages\zmq\backend\cython\context.cp39-win_amd64.pyd
0x00007ffe5cfc0000 - 0x00007ffe5cfe5000 	C:\Users\sakib\anaconda3\envs\pyimagej\lib\site-packages\zmq\backend\cython\socket.cp39-win_amd64.pyd
0x00007ffe5d1f0000 - 0x00007ffe5d209000 	C:\Users\sakib\anaconda3\envs\pyimagej\lib\site-packages\zmq\backend\cython\message.cp39-win_amd64.pyd
0x00007ffe5c8d0000 - 0x00007ffe5c8e3000 	C:\Users\sakib\anaconda3\envs\pyimagej\lib\site-packages\zmq\backend\cython\_poll.cp39-win_amd64.pyd
0x00007ffe62f60000 - 0x00007ffe62f70000 	C:\Users\sakib\anaconda3\envs\pyimagej\lib\site-packages\zmq\backend\cython\_proxy_steerable.cp39-win_amd64.pyd
0x00007ffe5d3c0000 - 0x00007ffe5d3cc000 	C:\Users\sakib\anaconda3\envs\pyimagej\lib\site-packages\zmq\backend\cython\_version.cp39-win_amd64.pyd
0x00007ffe5be40000 - 0x00007ffe5be4d000 	C:\Users\sakib\anaconda3\envs\pyimagej\lib\site-packages\zmq\backend\cython\error.cp39-win_amd64.pyd
0x00007ffe5be30000 - 0x00007ffe5be3f000 	C:\Users\sakib\anaconda3\envs\pyimagej\lib\site-packages\zmq\backend\cython\utils.cp39-win_amd64.pyd
0x00007ffe371c0000 - 0x00007ffe371d7000 	C:\Users\sakib\anaconda3\envs\pyimagej\DLLs\_socket.pyd
0x00007ffe5be20000 - 0x00007ffe5be2a000 	C:\Users\sakib\anaconda3\envs\pyimagej\DLLs\select.pyd
0x00007ffe36f90000 - 0x00007ffe36fc0000 	C:\Users\sakib\anaconda3\envs\pyimagej\DLLs\_ssl.pyd
0x00007ffea7e10000 - 0x00007ffea7f6d000 	C:\Windows\System32\CRYPT32.dll
0x00007ffe1cbd0000 - 0x00007ffe1ccf3000 	C:\Users\sakib\anaconda3\envs\pyimagej\Library\bin\libssl-3-x64.dll
0x00007ffde0c00000 - 0x00007ffde1227000 	C:\Users\sakib\anaconda3\envs\pyimagej\Library\bin\libcrypto-3-x64.dll
0x00007ffea8ac0000 - 0x00007ffea8c61000 	C:\Windows\System32\USER32.dll
0x00007ffea7710000 - 0x00007ffea7732000 	C:\Windows\System32\win32u.dll
0x00007ffea92d0000 - 0x00007ffea92fb000 	C:\Windows\System32\GDI32.dll
0x00007ffea7cf0000 - 0x00007ffea7e09000 	C:\Windows\System32\gdi32full.dll
0x00007ffea7670000 - 0x00007ffea770d000 	C:\Windows\System32\msvcp_win.dll
0x00007ffea9770000 - 0x00007ffea979f000 	C:\Windows\System32\IMM32.DLL
0x00007ffe36f70000 - 0x00007ffe36f84000 	C:\Users\sakib\anaconda3\envs\pyimagej\DLLs\_asyncio.pyd
0x00007ffe5b5e0000 - 0x00007ffe5b5ee000 	C:\Users\sakib\anaconda3\envs\pyimagej\DLLs\_overlapped.pyd
0x00007ffea6d00000 - 0x00007ffea6d6a000 	C:\Windows\system32\mswsock.dll
0x00007ffe59640000 - 0x00007ffe5964b000 	C:\Users\sakib\anaconda3\envs\pyimagej\DLLs\_bz2.pyd
0x00007ffe36460000 - 0x00007ffe36498000 	C:\Users\sakib\anaconda3\envs\pyimagej\Library\bin\LIBBZ2.dll
0x00007ffe36450000 - 0x00007ffe3645e000 	C:\Users\sakib\anaconda3\envs\pyimagej\DLLs\_lzma.pyd
0x00007ffe36420000 - 0x00007ffe3644a000 	C:\Users\sakib\anaconda3\envs\pyimagej\Library\bin\liblzma.dll
0x00007ffe36410000 - 0x00007ffe3641a000 	C:\Users\sakib\anaconda3\envs\pyimagej\DLLs\_queue.pyd
0x00007ffe363f0000 - 0x00007ffe36402000 	C:\Users\sakib\anaconda3\envs\pyimagej\DLLs\_hashlib.pyd
0x00007ffe363e0000 - 0x00007ffe363e7000 	C:\Users\sakib\anaconda3\envs\pyimagej\lib\site-packages\tornado\speedups.pyd
0x00007ffe34760000 - 0x00007ffe34785000 	C:\Users\sakib\anaconda3\envs\pyimagej\DLLs\_ctypes.pyd
0x00007ffea8d10000 - 0x00007ffea8e3b000 	C:\Windows\System32\ole32.dll
0x00007ffea8f60000 - 0x00007ffea92b4000 	C:\Windows\System32\combase.dll
0x00007ffea96a0000 - 0x00007ffea976d000 	C:\Windows\System32\OLEAUT32.dll
0x00007ffe34750000 - 0x00007ffe3475c000 	C:\Users\sakib\anaconda3\envs\pyimagej\Library\bin\ffi-8.dll
0x00007ffe27d90000 - 0x00007ffe27de6000 	C:\Users\sakib\anaconda3\envs\pyimagej\DLLs\_decimal.pyd
0x00007ffe34740000 - 0x00007ffe34749000 	C:\Users\sakib\anaconda3\envs\pyimagej\DLLs\_uuid.pyd
0x00007ffe0ab00000 - 0x00007ffe0add8000 	C:\Users\sakib\anaconda3\envs\pyimagej\lib\site-packages\numpy\core\_multiarray_umath.cp39-win_amd64.pyd
0x00007ffdde630000 - 0x00007ffde0bfb000 	C:\Users\sakib\anaconda3\envs\pyimagej\Library\bin\libcblas.dll
0x00007ffe34720000 - 0x00007ffe34734000 	C:\Users\sakib\anaconda3\envs\pyimagej\lib\site-packages\numpy\core\_multiarray_tests.cp39-win_amd64.pyd
0x00007ffe31f20000 - 0x00007ffe31f3d000 	C:\Users\sakib\anaconda3\envs\pyimagej\lib\site-packages\numpy\linalg\_umath_linalg.cp39-win_amd64.pyd
0x00007ffdd9a90000 - 0x00007ffddc05b000 	C:\Users\sakib\anaconda3\envs\pyimagej\Library\bin\liblapack.dll
0x00007ffddc060000 - 0x00007ffdde62b000 	C:\Users\sakib\anaconda3\envs\pyimagej\Library\bin\libblas.dll
0x00007ffe2ae30000 - 0x00007ffe2ae4e000 	C:\Users\sakib\anaconda3\envs\pyimagej\lib\site-packages\numpy\fft\_pocketfft_internal.cp39-win_amd64.pyd
0x00007ffe279e0000 - 0x00007ffe27a77000 	C:\Users\sakib\anaconda3\envs\pyimagej\lib\site-packages\numpy\random\mtrand.cp39-win_amd64.pyd
0x00007ffe27c90000 - 0x00007ffe27cbc000 	C:\Users\sakib\anaconda3\envs\pyimagej\lib\site-packages\numpy\random\bit_generator.cp39-win_amd64.pyd
0x00007ffe27c60000 - 0x00007ffe27c8f000 	C:\Users\sakib\anaconda3\envs\pyimagej\lib\site-packages\numpy\random\_common.cp39-win_amd64.pyd
0x00007ffe27990000 - 0x00007ffe279d4000 	C:\Users\sakib\anaconda3\envs\pyimagej\lib\site-packages\numpy\random\_bounded_integers.cp39-win_amd64.pyd
0x00007ffe2ae10000 - 0x00007ffe2ae27000 	C:\Users\sakib\anaconda3\envs\pyimagej\lib\site-packages\numpy\random\_mt19937.cp39-win_amd64.pyd
0x00007ffe27d70000 - 0x00007ffe27d85000 	C:\Users\sakib\anaconda3\envs\pyimagej\lib\site-packages\numpy\random\_philox.cp39-win_amd64.pyd
0x00007ffe27ab0000 - 0x00007ffe27aca000 	C:\Users\sakib\anaconda3\envs\pyimagej\lib\site-packages\numpy\random\_pcg64.cp39-win_amd64.pyd
0x00007ffe34710000 - 0x00007ffe34720000 	C:\Users\sakib\anaconda3\envs\pyimagej\lib\site-packages\numpy\random\_sfc64.cp39-win_amd64.pyd
0x00007ffe27890000 - 0x00007ffe2793f000 	C:\Users\sakib\anaconda3\envs\pyimagej\lib\site-packages\numpy\random\_generator.cp39-win_amd64.pyd
0x00007ffdd76a0000 - 0x00007ffdd9a81000 	C:\Users\sakib\anaconda3\envs\pyimagej\Library\bin\mkl_intel_thread.2.dll
0x00007ffdd2e00000 - 0x00007ffdd7699000 	C:\Users\sakib\anaconda3\envs\pyimagej\Library\bin\mkl_core.2.dll
0x00007ffdd0a50000 - 0x00007ffdd2df7000 	C:\Users\sakib\anaconda3\envs\pyimagej\Library\bin\mkl_def.2.dll
0x00007ffdd0150000 - 0x00007ffdd0a44000 	C:\Users\sakib\anaconda3\envs\pyimagej\Library\bin\mkl_vml_def.2.dll
0x00007ffe27980000 - 0x00007ffe27989000 	C:\Users\sakib\anaconda3\envs\pyimagej\lib\site-packages\matplotlib\_c_internal_utils.cp39-win_amd64.pyd
0x00007ffea8120000 - 0x00007ffea8890000 	C:\Windows\System32\SHELL32.dll
0x00007ffe27820000 - 0x00007ffe27886000 	C:\Users\sakib\anaconda3\envs\pyimagej\lib\site-packages\PIL\_imaging.cp39-win_amd64.pyd
0x00007ffe267d0000 - 0x00007ffe2682b000 	C:\Users\sakib\anaconda3\envs\pyimagej\Library\bin\openjp2.dll
0x00007ffe1c620000 - 0x00007ffe1c697000 	C:\Users\sakib\anaconda3\envs\pyimagej\Library\bin\tiff.dll
0x00007ffe1b350000 - 0x00007ffe1b3eb000 	C:\Users\sakib\anaconda3\envs\pyimagej\Library\bin\jpeg8.dll
0x00007ffe26440000 - 0x00007ffe26470000 	C:\Users\sakib\anaconda3\envs\pyimagej\Library\bin\deflate.dll
0x00007ffe1c590000 - 0x00007ffe1c614000 	C:\Users\sakib\anaconda3\envs\pyimagej\Library\bin\Lerc.dll
0x00007ffe8ff30000 - 0x00007ffe8ffd4000 	C:\Users\sakib\anaconda3\envs\pyimagej\Library\bin\zstd.dll
0x00007ffe26410000 - 0x00007ffe26436000 	C:\Users\sakib\anaconda3\envs\pyimagej\lib\site-packages\matplotlib\_path.cp39-win_amd64.pyd
0x00007ffe27960000 - 0x00007ffe2797d000 	C:\Users\sakib\anaconda3\envs\pyimagej\lib\site-packages\matplotlib\ft2font.cp39-win_amd64.pyd
0x00007ffe0fc60000 - 0x00007ffe0fd07000 	C:\Users\sakib\anaconda3\envs\pyimagej\Library\bin\freetype.dll
0x00007ffe21dc0000 - 0x00007ffe21df5000 	C:\Users\sakib\anaconda3\envs\pyimagej\Library\bin\libpng16.dll
0x00007ffe21da0000 - 0x00007ffe21dc0000 	C:\Users\sakib\anaconda3\envs\pyimagej\lib\site-packages\kiwisolver\_cext.cp39-win_amd64.pyd
0x00007ffe0a9e0000 - 0x00007ffe0aaf5000 	C:\Users\sakib\anaconda3\envs\pyimagej\DLLs\unicodedata.pyd
0x00007ffe1ffc0000 - 0x00007ffe1fffc000 	C:\Users\sakib\anaconda3\envs\pyimagej\lib\site-packages\matplotlib\backends\_backend_agg.cp39-win_amd64.pyd
0x00007ffe1e670000 - 0x00007ffe1e69e000 	C:\Users\sakib\anaconda3\envs\pyimagej\lib\site-packages\matplotlib\_image.cp39-win_amd64.pyd
0x00007ffe20890000 - 0x00007ffe208a6000 	C:\Users\sakib\anaconda3\envs\pyimagej\DLLs\_sqlite3.pyd
0x00007ffe37370000 - 0x00007ffe374e2000 	C:\Users\sakib\anaconda3\envs\pyimagej\Library\bin\sqlite3.dll
0x00007ffe1ce50000 - 0x00007ffe1ce64000 	C:\Users\sakib\anaconda3\envs\pyimagej\DLLs\_tkinter.pyd
0x00007ffe0a630000 - 0x00007ffe0a7b0000 	C:\Users\sakib\anaconda3\envs\pyimagej\Library\bin\tk86t.dll
0x00007ffdcff80000 - 0x00007ffdd0145000 	C:\Users\sakib\anaconda3\envs\pyimagej\Library\bin\tcl86t.dll
0x00007ffea8940000 - 0x00007ffea8a1a000 	C:\Windows\System32\COMDLG32.dll
0x00007ffea8890000 - 0x00007ffea893d000 	C:\Windows\System32\shcore.dll
0x00007ffea7fa0000 - 0x00007ffea7ffb000 	C:\Windows\System32\SHLWAPI.dll
0x00007ffe98b90000 - 0x00007ffe98ba9000 	C:\Windows\SYSTEM32\NETAPI32.dll
0x00007ffea7490000 - 0x00007ffea74be000 	C:\Windows\SYSTEM32\USERENV.dll
0x00007ffe1ce20000 - 0x00007ffe1ce4a000 	C:\Users\sakib\anaconda3\envs\pyimagej\Library\bin\zlib1.dll
0x00007ffe99240000 - 0x00007ffe994db000 	C:\Windows\WinSxS\amd64_microsoft.windows.common-controls_6595b64144ccf1df_6.0.19041.6456_none_60b8a6cb71f64256\COMCTL32.dll
0x00007ffea6b00000 - 0x00007ffea6b43000 	C:\Windows\SYSTEM32\LOGONCLI.DLL
0x00007ffea6af0000 - 0x00007ffea6afc000 	C:\Windows\SYSTEM32\NETUTILS.DLL
0x00007ffe97160000 - 0x00007ffe97179000 	C:\Windows\SYSTEM32\SAMCLI.DLL
0x00007ffe269d0000 - 0x00007ffe269d9000 	C:\Users\sakib\anaconda3\envs\pyimagej\lib\site-packages\matplotlib\backends\_tkagg.cp39-win_amd64.pyd
0x00007ffea95e0000 - 0x00007ffea95e8000 	C:\Windows\System32\PSAPI.DLL
0x00007ffe20880000 - 0x00007ffe2088b000 	C:\Users\sakib\anaconda3\envs\pyimagej\lib\site-packages\pandas\_libs\pandas_parser.cp39-win_amd64.pyd
0x00007ffe1ce10000 - 0x00007ffe1ce1b000 	C:\Users\sakib\anaconda3\envs\pyimagej\lib\site-packages\pandas\_libs\pandas_datetime.cp39-win_amd64.pyd
0x00007ffdcfe60000 - 0x00007ffdcff71000 	C:\Users\sakib\anaconda3\envs\pyimagej\lib\site-packages\pandas\_libs\interval.cp39-win_amd64.pyd
0x00007ffdcfc90000 - 0x00007ffdcfe54000 	C:\Users\sakib\anaconda3\envs\pyimagej\lib\site-packages\pandas\_libs\hashtable.cp39-win_amd64.pyd
0x00007ffe1c8d0000 - 0x00007ffe1c8ff000 	C:\Users\sakib\anaconda3\envs\pyimagej\lib\site-packages\pandas\_libs\missing.cp39-win_amd64.pyd
0x00007ffe0a600000 - 0x00007ffe0a62d000 	C:\Users\sakib\anaconda3\envs\pyimagej\lib\site-packages\pandas\_libs\tslibs\dtypes.cp39-win_amd64.pyd
0x00007ffe0fbd0000 - 0x00007ffe0fbe4000 	C:\Users\sakib\anaconda3\envs\pyimagej\lib\site-packages\pandas\_libs\tslibs\ccalendar.cp39-win_amd64.pyd
0x00007ffe0a8d0000 - 0x00007ffe0a8f0000 	C:\Users\sakib\anaconda3\envs\pyimagej\lib\site-packages\pandas\_libs\tslibs\np_datetime.cp39-win_amd64.pyd
0x00007ffe0a5c0000 - 0x00007ffe0a5fb000 	C:\Users\sakib\anaconda3\envs\pyimagej\lib\site-packages\pandas\_libs\tslibs\conversion.cp39-win_amd64.pyd
0x00007ffe0a5a0000 - 0x00007ffe0a5b1000 	C:\Users\sakib\anaconda3\envs\pyimagej\lib\site-packages\pandas\_libs\tslibs\base.cp39-win_amd64.pyd
0x00007ffdcfa90000 - 0x00007ffdcfb6b000 	C:\Users\sakib\anaconda3\envs\pyimagej\lib\site-packages\pandas\_libs\tslibs\offsets.cp39-win_amd64.pyd

VM Arguments:
java_command: <unknown>
java_class_path (initial): C:\Users\sakib\.jgo\sc.fiji\fiji\2.14.0\6ad50f45b0f3491affd3b43750c8c212c3c855c46dbb6becfc0463856a3d9f35\3D_Blob_Segmentation-3.0.2.jar;C:\Users\sakib\.jgo\sc.fiji\fiji\2.14.0\6ad50f45b0f3491affd3b43750c8c212c3c855c46dbb6becfc0463856a3d9f35\3D_Objects_Counter-2.0.1.jar;C:\Users\sakib\.jgo\sc.fiji\fiji\2.14.0\6ad50f45b0f3491affd3b43750c8c212c3c855c46dbb6becfc0463856a3d9f35\3D_Viewer-4.0.5.jar;C:\Users\sakib\.jgo\sc.fiji\fiji\2.14.0\6ad50f45b0f3491affd3b43750c8c212c3c855c46dbb6becfc0463856a3d9f35\ahocorasick-0.2.4.jar;C:\Users\sakib\.jgo\sc.fiji\fiji\2.14.0\6ad50f45b0f3491affd3b43750c8c212c3c855c46dbb6becfc0463856a3d9f35\aircompressor-0.21.jar;C:\Users\sakib\.jgo\sc.fiji\fiji\2.14.0\6ad50f45b0f3491affd3b43750c8c212c3c855c46dbb6becfc0463856a3d9f35\alphanumeric-comparator-1.4.1.jar;C:\Users\sakib\.jgo\sc.fiji\fiji\2.14.0\6ad50f45b0f3491affd3b43750c8c212c3c855c46dbb6becfc0463856a3d9f35\AnalyzeSkeleton_-3.4.2.jar;C:\Users\sakib\.jgo\sc.fiji\fiji\2.14.0\6ad50f45b0f3491affd3b43750c8c212c3c855c46dbb6becfc0463856a3d9f35\animal-sniffer-annotations-1.23.jar;C:\Users\sakib\.jgo\sc.fiji\fiji\2.14.0\6ad50f45b0f3491affd3b43750c8c212c3c855c46dbb6becfc0463856a3d9f35\Anisotropic_Diffusion_2D-2.0.1.jar;C:\Users\sakib\.jgo\sc.fiji\fiji\2.14.0\6ad50f45b0f3491affd3b43750c8c212c3c855c46dbb6becfc0463856a3d9f35\annotations-13.0.jar;C:\Users\sakib\.jgo\sc.fiji\fiji\2.14.0\6ad50f45b0f3491affd3b43750c8c212c3c855c46dbb6becfc0463856a3d9f35\annotations-4.1.1.4.jar;C:\Users\sakib\.jgo\sc.fiji\fiji\2.14.0\6ad50f45b0f3491affd3b43750c8c212c3c855c46dbb6becfc0463856a3d9f35\ant-1.10.13.jar;C:\Users\sakib\.jgo\sc.fiji\fiji\2.14.0\6ad50f45b0f3491affd3b43750c8c212c3c855c46dbb6becfc0463856a3d9f35\ant-launcher-1.10.13.jar;C:\Users\sakib\.jgo\sc.fiji\fiji\2.14.0\6ad50f45b0f3491affd3b43750c8c212c3c855c46dbb6becfc0463856a3d9f35\antlr-2.7.7.jar;C:\Users\sakib\.jgo\sc.fiji\fiji\2.14.0\6ad50f45b0f3491affd3b43750c8c212c3c855c46dbb6becfc0463856a3d9f35\antlr-3.5.3.jar;C:\Users\sakib\.jgo\s
Launcher Type: generic

Environment Variables:
JAVA_HOME=A:\Program Files\Java\jre-1.8\legal\jdk
USERNAME=sakib
OS=Windows_NT
PROCESSOR_IDENTIFIER=AMD64 Family 25 Model 33 Stepping 2, AuthenticAMD



---------------  S Y S T E M  ---------------

OS: Windows 10 , 64 bit Build 19041 (10.0.19041.5915)

CPU:total 24 (initial active 24) (24 cores per cpu, 1 threads per core) family 25 model 33 stepping 2, cmov, cx8, fxsr, mmx, sse, sse2, sse3, ssse3, sse4.1, sse4.2, popcnt, avx, avx2, aes, clmul, erms, mmxext, 3dnowpref, lzcnt, sse4a, tsc, tscinvbit, tscinv, bmi1

Memory: 4k page, physical 33462296k(17836864k free), swap 38443032k(21047564k free)

vm_info: Java HotSpot(TM) 64-Bit Server VM (25.381-b09) for windows-amd64 JRE (1.8.0_381-b09), built on Jun 14 2023 13:50:38 by "java_re" with MS VC++ 17.1 (VS2022)

time: Mon Jan 26 23:17:31 2026
timezone: Eastern Standard Time
elapsed time: 22.926977 seconds (0d 0h 0m 22s)

