#
# A fatal error has been detected by the Java Runtime Environment:
#
#  EXCEPTION_ACCESS_VIOLATION (0xc0000005) at pc=0x00007ffde136e601, pid=22088, tid=0x00000000000035b8
#
# JRE version: Java(TM) SE Runtime Environment (8.0_381) (build 1.8.0_381-b09)
# Java VM: Java HotSpot(TM) 64-Bit Server VM (25.381-b09 mixed mode windows-amd64 compressed oops)
# Problematic frame:
# C  [python39.dll+0x13e601]
#
# Failed to write core dump. Minidumps are not enabled by default on client versions of Windows
#
# If you would like to submit a bug report, please visit:
#   http://bugreport.java.com/bugreport/crash.jsp
#

---------------  T H R E A D  ---------------

Current thread (0x000001cdd67f4000):  JavaThread "Java2D Disposer" daemon [_thread_in_native_trans, id=13752, stack(0x0000009d1e1a0000,0x0000009d1e390000)]

siginfo: ExceptionCode=0xc0000005, reading address 0x00000000000000a8

Registers:
RAX=0x00007ffde14759a0, RBX=0x0000000000000003, RCX=0x000001cdd0af8720, RDX=0x0000000000000000
RSP=0x0000009d1e38dc30, RBP=0x000001cdd0afe190, RSI=0x0000000000000000, RDI=0x0000000000000000
R8 =0x0000000000000000, R9 =0x0000009d1e38dbd8, R10=0x0000000000000013, R11=0x0000009d1e38dbe0
R12=0x0000000000000000, R13=0x0000000000000000, R14=0x00007ffde14759a0, R15=0x000001cd82431bb0
RIP=0x00007ffde136e601, EFLAGS=0x0000000000010206

Top of Stack: (sp=0x0000009d1e38dc30)
0x0000009d1e38dc30:   00007ffde14759a0 0000000000000001
0x0000009d1e38dc40:   0000000000000000 0000000000000000
0x0000009d1e38dc50:   0000000000000000 00007ffde1530005
0x0000009d1e38dc60:   0000000000000003 000001cdd0afe190
0x0000009d1e38dc70:   0000000000000001 00007ffea7753036
0x0000009d1e38dc80:   0000000000000000 000001cdcc38a160
0x0000009d1e38dc90:   0000000000000000 00007ffde1530250
0x0000009d1e38dca0:   000001cd82431bb0 00007ffde1706360
0x0000009d1e38dcb0:   0000000000000003 0000000000000000
0x0000009d1e38dcc0:   0000000000000007 000000000000001b
0x0000009d1e38dcd0:   00007ffde14759a0 00007ffde15306f9
0x0000009d1e38dce0:   0000000000000000 0000000000000000
0x0000009d1e38dcf0:   0000000000000003 0000000000000009
0x0000009d1e38dd00:   6334363530303030 00007ffea9fa1900
0x0000009d1e38dd10:   00000ff8691b5ad0 00007ffea77b12ce
0x0000009d1e38dd20:   0000000000000000 000001cdd5a36610 

Instructions: (pc=0x00007ffde136e601)
0x00007ffde136e5e1:   89 5c 24 08 48 89 6c 24 10 48 89 74 24 18 57 48
0x00007ffde136e5f1:   83 ec 20 48 8b e9 8b f2 48 8b 49 78 4c 8b 41 08
0x00007ffde136e601:   41 f7 80 a8 00 00 00 00 00 00 08 75 24 4d 8b 40
0x00007ffde136e611:   18 48 8d 15 6f 4c 30 00 48 8b 0d 58 f5 37 00 e8 


Register to memory mapping:

RAX=0x00007ffde14759a0 is an unknown value
RBX=0x0000000000000003 is an unknown value
RCX=0x000001cdd0af8720 is an unknown value
RDX=0x0000000000000000 is an unknown value
RSP=0x0000009d1e38dc30 is pointing into the stack for thread: 0x000001cdd67f4000
RBP=0x000001cdd0afe190 is an unknown value
RSI=0x0000000000000000 is an unknown value
RDI=0x0000000000000000 is an unknown value
R8 =0x0000000000000000 is an unknown value
R9 =0x0000009d1e38dbd8 is pointing into the stack for thread: 0x000001cdd67f4000
R10=0x0000000000000013 is an unknown value
R11=0x0000009d1e38dbe0 is pointing into the stack for thread: 0x000001cdd67f4000
R12=0x0000000000000000 is an unknown value
R13=0x0000000000000000 is an unknown value
R14=0x00007ffde14759a0 is an unknown value
R15=0x000001cd82431bb0 is an unknown value


Stack: [0x0000009d1e1a0000,0x0000009d1e390000],  sp=0x0000009d1e38dc30,  free space=1975k
Native frames: (J=compiled Java code, j=interpreted, Vv=VM code, C=native code)
C  [python39.dll+0x13e601]
C  [python39.dll+0x300005]
C  [python39.dll+0x300250]
C  [python39.dll+0x3006f9]
C  [python39.dll+0x8eb9e]
C  [python39.dll+0x8f1dd]
C  [ntdll.dll+0x79b4c]
C  [ntdll.dll+0x52376]
C  [ntdll.dll+0xa147e]
C  0x000001cddd0d8a95

Java frames: (J=compiled Java code, j=interpreted, Vv=VM code)
J 6415  sun.java2d.d3d.D3DRenderQueue.flushBuffer(JILjava/lang/Runnable;)V (0 bytes) @ 0x000001cddd0d89d4 [0x000001cddd0d8980+0x54]
J 9607 C2 sun.java2d.d3d.D3DRenderQueue.flushBuffer(Ljava/lang/Runnable;)V (46 bytes) @ 0x000001cddd9c7ef4 [0x000001cddd9c7ea0+0x54]
J 9345 C1 sun.java2d.d3d.D3DSurfaceData.dispose(J)V (54 bytes) @ 0x000001cddd7ec6d4 [0x000001cddd7eb320+0x13b4]
v  ~StubRoutines::call_stub
J 6741  sun.java2d.DefaultDisposerRecord.invokeNativeDispose(JJ)V (0 bytes) @ 0x000001cddc92d704 [0x000001cddc92d6c0+0x44]
J 7562 C1 sun.java2d.DefaultDisposerRecord.dispose()V (12 bytes) @ 0x000001cdddb59da4 [0x000001cdddb59d60+0x44]
j  sun.java2d.Disposer.run()V+26
j  java.lang.Thread.run()V+11
v  ~StubRoutines::call_stub

---------------  P R O C E S S  ---------------

Java Threads: ( => current thread )
  0x000001cd83c44800 JavaThread "Timer-0" daemon [_thread_blocked, id=23188, stack(0x0000009d182b0000,0x0000009d184a0000)]
  0x000001cd86fa8800 JavaThread "pool-1-thread-24" [_thread_blocked, id=11400, stack(0x0000009d223a0000,0x0000009d22590000)]
  0x000001cd86faa800 JavaThread "pool-1-thread-23" [_thread_blocked, id=756, stack(0x0000009d221b0000,0x0000009d223a0000)]
  0x000001cd87291000 JavaThread "pool-1-thread-22" [_thread_blocked, id=17284, stack(0x0000009d21fc0000,0x0000009d221b0000)]
  0x000001cd87290000 JavaThread "pool-1-thread-21" [_thread_blocked, id=9072, stack(0x0000009d21dd0000,0x0000009d21fc0000)]
  0x000001cd88e52000 JavaThread "pool-1-thread-20" [_thread_blocked, id=21668, stack(0x0000009d21be0000,0x0000009d21dd0000)]
  0x000001cd88e51000 JavaThread "pool-1-thread-19" [_thread_blocked, id=22580, stack(0x0000009d219f0000,0x0000009d21be0000)]
  0x000001cd88e4f000 JavaThread "pool-1-thread-18" [_thread_blocked, id=9484, stack(0x0000009d21800000,0x0000009d219f0000)]
  0x000001cd88e54000 JavaThread "pool-1-thread-17" [_thread_blocked, id=7140, stack(0x0000009d21610000,0x0000009d21800000)]
  0x000001cd88e46800 JavaThread "pool-1-thread-16" [_thread_blocked, id=21856, stack(0x0000009d21420000,0x0000009d21610000)]
  0x000001cd88909000 JavaThread "pool-1-thread-15" [_thread_blocked, id=11180, stack(0x0000009d21230000,0x0000009d21420000)]
  0x000001cd888fe800 JavaThread "pool-1-thread-14" [_thread_blocked, id=23456, stack(0x0000009d21040000,0x0000009d21230000)]
  0x000001cd888fe000 JavaThread "pool-1-thread-13" [_thread_blocked, id=22592, stack(0x0000009d20e50000,0x0000009d21040000)]
  0x000001cd888fd000 JavaThread "pool-1-thread-12" [_thread_blocked, id=21936, stack(0x0000009d20c60000,0x0000009d20e50000)]
  0x000001cd88903000 JavaThread "pool-1-thread-11" [_thread_blocked, id=21996, stack(0x0000009d20a70000,0x0000009d20c60000)]
  0x000001cd88902800 JavaThread "pool-1-thread-10" [_thread_blocked, id=22780, stack(0x0000009d20880000,0x0000009d20a70000)]
  0x000001cdd66b6000 JavaThread "pool-1-thread-9" [_thread_blocked, id=22564, stack(0x0000009d20690000,0x0000009d20880000)]
  0x000001cdd66b7800 JavaThread "pool-1-thread-8" [_thread_blocked, id=6568, stack(0x0000009d204a0000,0x0000009d20690000)]
  0x000001cdd66b5000 JavaThread "pool-1-thread-7" [_thread_blocked, id=22568, stack(0x0000009d202b0000,0x0000009d204a0000)]
  0x000001cdd66b3800 JavaThread "pool-1-thread-6" [_thread_blocked, id=22980, stack(0x0000009d200c0000,0x0000009d202b0000)]
  0x000001cdd66b3000 JavaThread "pool-1-thread-5" [_thread_blocked, id=23004, stack(0x0000009d1fed0000,0x0000009d200c0000)]
  0x000001cdd66b6800 JavaThread "pool-1-thread-4" [_thread_blocked, id=10800, stack(0x0000009d1fce0000,0x0000009d1fed0000)]
  0x000001cdd66b4800 JavaThread "pool-1-thread-3" [_thread_blocked, id=22992, stack(0x0000009d1faf0000,0x0000009d1fce0000)]
  0x000001cdd66ab000 JavaThread "pool-1-thread-2" [_thread_blocked, id=22596, stack(0x0000009d1f900000,0x0000009d1faf0000)]
  0x000001cdd66b2000 JavaThread "pool-1-thread-1" [_thread_blocked, id=21400, stack(0x0000009d1f710000,0x0000009d1f900000)]
  0x000001cd88e4c800 JavaThread "SciJava-3704122f-Thread-1" daemon [_thread_blocked, id=22664, stack(0x0000009d1f130000,0x0000009d1f320000)]
  0x000001cd86fa4800 JavaThread "D3D Screen Updater" daemon [_thread_blocked, id=23284, stack(0x0000009d1ef30000,0x0000009d1f120000)]
  0x000001cd86faa000 JavaThread "TimerQueue" daemon [_thread_blocked, id=23256, stack(0x0000009d1ed40000,0x0000009d1ef30000)]
  0x000001cd86fa9000 JavaThread "AWT-EventQueue-0" [_thread_blocked, id=23084, stack(0x0000009d1e960000,0x0000009d1eb50000)]
  0x000001cdd67ee000 JavaThread "AWT-Windows" daemon [_thread_in_native, id=22724, stack(0x0000009d1e580000,0x0000009d1e770000)]
  0x000001cdd67f4800 JavaThread "AWT-Shutdown" [_thread_blocked, id=22700, stack(0x0000009d1e390000,0x0000009d1e580000)]
=>0x000001cdd67f4000 JavaThread "Java2D Disposer" daemon [_thread_in_native_trans, id=13752, stack(0x0000009d1e1a0000,0x0000009d1e390000)]
  0x000001cd849ff800 JavaThread "SciJava-3704122f-Thread-0" daemon [_thread_blocked, id=19196, stack(0x0000009d1dfb0000,0x0000009d1e1a0000)]
  0x000001cd8320b000 JavaThread "Python Reference Queue" daemon [_thread_in_native, id=21604, stack(0x0000009d1ddc0000,0x0000009d1dfb0000)]
  0x000001cdfe29f000 JavaThread "Service Thread" daemon [_thread_blocked, id=21624, stack(0x0000009d1d9e0000,0x0000009d1dbd0000)]
  0x000001cdd67eb000 JavaThread "C1 CompilerThread11" daemon [_thread_blocked, id=21628, stack(0x0000009d1d7f0000,0x0000009d1d9e0000)]
  0x000001cdd67ea000 JavaThread "C1 CompilerThread10" daemon [_thread_blocked, id=3512, stack(0x0000009d1d600000,0x0000009d1d7f0000)]
  0x000001cdd67ee800 JavaThread "C1 CompilerThread9" daemon [_thread_blocked, id=22684, stack(0x0000009d1d410000,0x0000009d1d600000)]
  0x000001cdd67ec800 JavaThread "C1 CompilerThread8" daemon [_thread_blocked, id=22688, stack(0x0000009d1d220000,0x0000009d1d410000)]
  0x000001cdd67ef800 JavaThread "C2 CompilerThread7" daemon [_thread_blocked, id=22692, stack(0x0000009d1d030000,0x0000009d1d220000)]
  0x000001cdd67ed000 JavaThread "C2 CompilerThread6" daemon [_thread_blocked, id=22696, stack(0x0000009d1ce40000,0x0000009d1d030000)]
  0x000001cdd6630800 JavaThread "C2 CompilerThread5" daemon [_thread_blocked, id=11432, stack(0x0000009d1cc50000,0x0000009d1ce40000)]
  0x000001cdd6633800 JavaThread "C2 CompilerThread4" daemon [_thread_blocked, id=20448, stack(0x0000009d1ca60000,0x0000009d1cc50000)]
  0x000001cdd6631000 JavaThread "C2 CompilerThread3" daemon [_thread_blocked, id=13972, stack(0x0000009d1c870000,0x0000009d1ca60000)]
  0x000001cdd6632000 JavaThread "C2 CompilerThread2" daemon [_thread_blocked, id=17728, stack(0x0000009d1c680000,0x0000009d1c870000)]
  0x000001cdd6632800 JavaThread "C2 CompilerThread1" daemon [_thread_blocked, id=11664, stack(0x0000009d1c490000,0x0000009d1c680000)]
  0x000001cdd6490800 JavaThread "C2 CompilerThread0" daemon [_thread_blocked, id=22680, stack(0x0000009d1c2a0000,0x0000009d1c490000)]
  0x000001cdd66c9000 JavaThread "Attach Listener" daemon [_thread_blocked, id=22236, stack(0x0000009d1c0b0000,0x0000009d1c2a0000)]
  0x000001cdd66c8800 JavaThread "Signal Dispatcher" daemon [_thread_blocked, id=5288, stack(0x0000009d1bec0000,0x0000009d1c0b0000)]
  0x000001cdd6694000 JavaThread "Finalizer" daemon [_thread_blocked, id=7392, stack(0x0000009d1bcd0000,0x0000009d1bec0000)]
  0x000001cdd6551000 JavaThread "Reference Handler" daemon [_thread_blocked, id=22116, stack(0x0000009d1bae0000,0x0000009d1bcd0000)]
  0x000001cdd6606000 JavaThread "main" [_thread_in_native, id=22092, stack(0x0000009d14200000,0x0000009d143f0000)]

Other Threads:
  0x000001cdd6969800 VMThread [stack: 0x0000009d1b8f0000,0x0000009d1bae0000] [id=11520]
  0x000001cdfe2ff800 WatcherThread [stack: 0x0000009d1dbd0000,0x0000009d1ddc0000] [id=21632]

VM state:synchronizing (normal execution)

VM Mutex/Monitor currently owned by a thread:  ([mutex/lock_event])
[0x000001cdd63f67a0] Safepoint_lock - owner thread: 0x000001cdd6969800
[0x000001cdd63f5c20] Threads_lock - owner thread: 0x000001cdd6969800

heap address: 0x00000005c1600000, size: 8170 MB, Compressed Oops mode: Zero based, Oop shift amount: 3
Narrow klass base: 0x0000000000000000, Narrow klass shift: 3
Compressed class space size: 1073741824 Address: 0x00000007c0000000

Heap:
 PSYoungGen      total 1054720K, used 1221K [0x0000000715d00000, 0x0000000757500000, 0x00000007c0000000)
  eden space 1052672K, 0% used [0x0000000715d00000,0x0000000715e315e8,0x0000000756100000)
  from space 2048K, 0% used [0x0000000756100000,0x0000000756100000,0x0000000756300000)
  to   space 10240K, 0% used [0x0000000756b00000,0x0000000756b00000,0x0000000757500000)
 ParOldGen       total 349696K, used 33703K [0x00000005c1600000, 0x00000005d6b80000, 0x0000000715d00000)
  object space 349696K, 9% used [0x00000005c1600000,0x00000005c36e9c00,0x00000005d6b80000)
 Metaspace       used 65181K, capacity 66889K, committed 66944K, reserved 1107968K
  class space    used 8640K, capacity 9042K, committed 9088K, reserved 1048576K

Card table byte_map: [0x000001cdeb510000,0x000001cdec510000] byte_map_base: 0x000001cde8705000

Marking Bits: (ParMarkBitMap*) 0x00007ffdb7636040
 Begin Bits: [0x000001cdecfc0000, 0x000001cdf4f68000)
 End Bits:   [0x000001cdf4f68000, 0x000001cdfcf10000)

Polling page: 0x000001cdd7750000

CodeCache: size=245760Kb used=35629Kb max_used=35668Kb free=210130Kb
 bounds [0x000001cddc510000, 0x000001cdde840000, 0x000001cdeb510000]
 total_blobs=10506 nmethods=9735 adapters=677
 compilation: enabled

Compilation events (10 events):
Event: 409.133 Thread 0x000001cdd67ee800 nmethod 12296 0x000001cddcb39750 code [0x000001cddcb39900, 0x000001cddcb39ec0]
Event: 409.137 Thread 0x000001cdd6632800 12297       4       javax.swing.JLabel::setDisplayedMnemonicIndex (102 bytes)
Event: 409.137 Thread 0x000001cdd6632800 nmethod 12297 0x000001cdddb8d950 code [0x000001cdddb8daa0, 0x000001cdddb8db78]
Event: 409.138 Thread 0x000001cdd67eb000 12298   !   3       javax.swing.JViewport::paint (648 bytes)
Event: 409.138 Thread 0x000001cdd6633800 12299       4       java.awt.Component::setBackground (44 bytes)
Event: 409.138 Thread 0x000001cdd6631000 12300       4       java.lang.Integer::formatUnsignedInt (48 bytes)
Event: 409.138 Thread 0x000001cdd6633800 nmethod 12299 0x000001cddcb99dd0 code [0x000001cddcb99f20, 0x000001cddcb9a098]
Event: 409.139 Thread 0x000001cdd6631000 nmethod 12300 0x000001cddd44eb90 code [0x000001cddd44ece0, 0x000001cddd44ee98]
Event: 409.141 Thread 0x000001cdd67eb000 nmethod 12298 0x000001cdde821650 code [0x000001cdde821f40, 0x000001cdde828de0]
Event: 409.196 Thread 0x000001cdd67ed000 nmethod 12290 0x000001cdde82dd50 code [0x000001cdde82e2c0, 0x000001cdde8339d0]

GC Heap History (10 events):
Event: 387.072 GC heap before
{Heap before GC invocations=109 (full 52):
 PSYoungGen      total 1054720K, used 1794K [0x0000000715d00000, 0x0000000757800000, 0x00000007c0000000)
  eden space 1052672K, 0% used [0x0000000715d00000,0x0000000715d00000,0x0000000756100000)
  from space 2048K, 87% used [0x0000000756100000,0x00000007562c0b10,0x0000000756300000)
  to   space 11776K, 0% used [0x0000000756c80000,0x0000000756c80000,0x0000000757800000)
 ParOldGen       total 349696K, used 32181K [0x00000005c1600000, 0x00000005d6b80000, 0x0000000715d00000)
  object space 349696K, 9% used [0x00000005c1600000,0x00000005c356d5a8,0x00000005d6b80000)
 Metaspace       used 65093K, capacity 66819K, committed 66944K, reserved 1107968K
  class space    used 8639K, capacity 9041K, committed 9088K, reserved 1048576K
Event: 387.116 GC heap after
Heap after GC invocations=109 (full 52):
 PSYoungGen      total 1054720K, used 0K [0x0000000715d00000, 0x0000000757800000, 0x00000007c0000000)
  eden space 1052672K, 0% used [0x0000000715d00000,0x0000000715d00000,0x0000000756100000)
  from space 2048K, 0% used [0x0000000756100000,0x0000000756100000,0x0000000756300000)
  to   space 11776K, 0% used [0x0000000756c80000,0x0000000756c80000,0x0000000757800000)
 ParOldGen       total 349696K, used 33505K [0x00000005c1600000, 0x00000005d6b80000, 0x0000000715d00000)
  object space 349696K, 9% used [0x00000005c1600000,0x00000005c36b8698,0x00000005d6b80000)
 Metaspace       used 65093K, capacity 66819K, committed 66944K, reserved 1107968K
  class space    used 8639K, capacity 9041K, committed 9088K, reserved 1048576K
}
Event: 388.349 GC heap before
{Heap before GC invocations=110 (full 52):
 PSYoungGen      total 1054720K, used 2198K [0x0000000715d00000, 0x0000000757800000, 0x00000007c0000000)
  eden space 1052672K, 0% used [0x0000000715d00000,0x0000000715f25be0,0x0000000756100000)
  from space 2048K, 0% used [0x0000000756100000,0x0000000756100000,0x0000000756300000)
  to   space 11776K, 0% used [0x0000000756c80000,0x0000000756c80000,0x0000000757800000)
 ParOldGen       total 349696K, used 33505K [0x00000005c1600000, 0x00000005d6b80000, 0x0000000715d00000)
  object space 349696K, 9% used [0x00000005c1600000,0x00000005c36b8698,0x00000005d6b80000)
 Metaspace       used 65093K, capacity 66819K, committed 66944K, reserved 1107968K
  class space    used 8639K, capacity 9041K, committed 9088K, reserved 1048576K
Event: 388.351 GC heap after
Heap after GC invocations=110 (full 52):
 PSYoungGen      total 1063424K, used 32K [0x0000000715d00000, 0x0000000757700000, 0x00000007c0000000)
  eden space 1052672K, 0% used [0x0000000715d00000,0x0000000715d00000,0x0000000756100000)
  from space 10752K, 0% used [0x0000000756c80000,0x0000000756c88000,0x0000000757700000)
  to   space 11264K, 0% used [0x0000000756100000,0x0000000756100000,0x0000000756c00000)
 ParOldGen       total 349696K, used 33505K [0x00000005c1600000, 0x00000005d6b80000, 0x0000000715d00000)
  object space 349696K, 9% used [0x00000005c1600000,0x00000005c36b8698,0x00000005d6b80000)
 Metaspace       used 65093K, capacity 66819K, committed 66944K, reserved 1107968K
  class space    used 8639K, capacity 9041K, committed 9088K, reserved 1048576K
}
Event: 388.351 GC heap before
{Heap before GC invocations=111 (full 53):
 PSYoungGen      total 1063424K, used 32K [0x0000000715d00000, 0x0000000757700000, 0x00000007c0000000)
  eden space 1052672K, 0% used [0x0000000715d00000,0x0000000715d00000,0x0000000756100000)
  from space 10752K, 0% used [0x0000000756c80000,0x0000000756c88000,0x0000000757700000)
  to   space 11264K, 0% used [0x0000000756100000,0x0000000756100000,0x0000000756c00000)
 ParOldGen       total 349696K, used 33505K [0x00000005c1600000, 0x00000005d6b80000, 0x0000000715d00000)
  object space 349696K, 9% used [0x00000005c1600000,0x00000005c36b8698,0x00000005d6b80000)
 Metaspace       used 65093K, capacity 66819K, committed 66944K, reserved 1107968K
  class space    used 8639K, capacity 9041K, committed 9088K, reserved 1048576K
Event: 388.382 GC heap after
Heap after GC invocations=111 (full 53):
 PSYoungGen      total 1063424K, used 0K [0x0000000715d00000, 0x0000000757700000, 0x00000007c0000000)
  eden space 1052672K, 0% used [0x0000000715d00000,0x0000000715d00000,0x0000000756100000)
  from space 10752K, 0% used [0x0000000756c80000,0x0000000756c80000,0x0000000757700000)
  to   space 11264K, 0% used [0x0000000756100000,0x0000000756100000,0x0000000756c00000)
 ParOldGen       total 349696K, used 32360K [0x00000005c1600000, 0x00000005d6b80000, 0x0000000715d00000)
  object space 349696K, 9% used [0x00000005c1600000,0x00000005c359a0e8,0x00000005d6b80000)
 Metaspace       used 65093K, capacity 66819K, committed 66944K, reserved 1107968K
  class space    used 8639K, capacity 9041K, committed 9088K, reserved 1048576K
}
Event: 411.286 GC heap before
{Heap before GC invocations=112 (full 53):
 PSYoungGen      total 1063424K, used 359041K [0x0000000715d00000, 0x0000000757700000, 0x00000007c0000000)
  eden space 1052672K, 34% used [0x0000000715d00000,0x000000072bba0750,0x0000000756100000)
  from space 10752K, 0% used [0x0000000756c80000,0x0000000756c80000,0x0000000757700000)
  to   space 11264K, 0% used [0x0000000756100000,0x0000000756100000,0x0000000756c00000)
 ParOldGen       total 349696K, used 32360K [0x00000005c1600000, 0x00000005d6b80000, 0x0000000715d00000)
  object space 349696K, 9% used [0x00000005c1600000,0x00000005c359a0e8,0x00000005d6b80000)
 Metaspace       used 65181K, capacity 66889K, committed 66944K, reserved 1107968K
  class space    used 8640K, capacity 9042K, committed 9088K, reserved 1048576K
Event: 411.289 GC heap after
Heap after GC invocations=112 (full 53):
 PSYoungGen      total 1054720K, used 1840K [0x0000000715d00000, 0x0000000757500000, 0x00000007c0000000)
  eden space 1052672K, 0% used [0x0000000715d00000,0x0000000715d00000,0x0000000756100000)
  from space 2048K, 89% used [0x0000000756100000,0x00000007562cc330,0x0000000756300000)
  to   space 10240K, 0% used [0x0000000756b00000,0x0000000756b00000,0x0000000757500000)
 ParOldGen       total 349696K, used 32360K [0x00000005c1600000, 0x00000005d6b80000, 0x0000000715d00000)
  object space 349696K, 9% used [0x00000005c1600000,0x00000005c359a0e8,0x00000005d6b80000)
 Metaspace       used 65181K, capacity 66889K, committed 66944K, reserved 1107968K
  class space    used 8640K, capacity 9042K, committed 9088K, reserved 1048576K
}
Event: 411.289 GC heap before
{Heap before GC invocations=113 (full 54):
 PSYoungGen      total 1054720K, used 1840K [0x0000000715d00000, 0x0000000757500000, 0x00000007c0000000)
  eden space 1052672K, 0% used [0x0000000715d00000,0x0000000715d00000,0x0000000756100000)
  from space 2048K, 89% used [0x0000000756100000,0x00000007562cc330,0x0000000756300000)
  to   space 10240K, 0% used [0x0000000756b00000,0x0000000756b00000,0x0000000757500000)
 ParOldGen       total 349696K, used 32360K [0x00000005c1600000, 0x00000005d6b80000, 0x0000000715d00000)
  object space 349696K, 9% used [0x00000005c1600000,0x00000005c359a0e8,0x00000005d6b80000)
 Metaspace       used 65181K, capacity 66889K, committed 66944K, reserved 1107968K
  class space    used 8640K, capacity 9042K, committed 9088K, reserved 1048576K
Event: 411.323 GC heap after
Heap after GC invocations=113 (full 54):
 PSYoungGen      total 1054720K, used 0K [0x0000000715d00000, 0x0000000757500000, 0x00000007c0000000)
  eden space 1052672K, 0% used [0x0000000715d00000,0x0000000715d00000,0x0000000756100000)
  from space 2048K, 0% used [0x0000000756100000,0x0000000756100000,0x0000000756300000)
  to   space 10240K, 0% used [0x0000000756b00000,0x0000000756b00000,0x0000000757500000)
 ParOldGen       total 349696K, used 33703K [0x00000005c1600000, 0x00000005d6b80000, 0x0000000715d00000)
  object space 349696K, 9% used [0x00000005c1600000,0x00000005c36e9c00,0x00000005d6b80000)
 Metaspace       used 65181K, capacity 66889K, committed 66944K, reserved 1107968K
  class space    used 8640K, capacity 9042K, committed 9088K, reserved 1048576K
}

Deoptimization events (10 events):
Event: 163.306 Thread 0x000001cd86fa9000 Uncommon trap: reason=unstable_if action=reinterpret pc=0x000001cdddcfe558 method=ij.text.TextCanvas.getChars(II)[C @ 30
Event: 163.309 Thread 0x000001cd86fa9000 Uncommon trap: reason=unstable_if action=reinterpret pc=0x000001cddddee9b8 method=ij.text.TextCanvas.paint(Ljava/awt/Graphics;)V @ 456
Event: 182.441 Thread 0x000001cd88e4c800 Uncommon trap: reason=intrinsic action=make_not_entrant pc=0x000001cdde3a6630 method=loci.formats.in.ZeissCZIReader.openBytes(I[BIIII)[B @ 510
Event: 182.442 Thread 0x000001cd88e4c800 Uncommon trap: reason=intrinsic action=make_not_entrant pc=0x000001cdde1fa9c8 method=loci.formats.in.ZeissCZIReader.openBytes(I[BIIII)[B @ 510
Event: 182.448 Thread 0x000001cd88e4c800 Uncommon trap: reason=intrinsic action=make_not_entrant pc=0x000001cdde2c1c78 method=loci.formats.in.ZeissCZIReader.openBytes(I[BIIII)[B @ 510
Event: 253.008 Thread 0x000001cd849ff800 Uncommon trap: reason=bimorphic action=maybe_recompile pc=0x000001cdde518c8c method=java.util.ArrayList.<init>(Ljava/util/Collection;)V @ 5
Event: 276.026 Thread 0x000001cd88e4c800 Uncommon trap: reason=bimorphic action=maybe_recompile pc=0x000001cdde518c8c method=java.util.ArrayList.<init>(Ljava/util/Collection;)V @ 5
Event: 298.913 Thread 0x000001cd849ff800 Uncommon trap: reason=bimorphic action=maybe_recompile pc=0x000001cdde518c8c method=java.util.ArrayList.<init>(Ljava/util/Collection;)V @ 5
Event: 322.034 Thread 0x000001cd88e4c800 Uncommon trap: reason=bimorphic action=maybe_recompile pc=0x000001cdde518c8c method=java.util.ArrayList.<init>(Ljava/util/Collection;)V @ 5
Event: 351.204 Thread 0x000001cd86fa9000 Uncommon trap: reason=range_check action=make_not_entrant pc=0x000001cdde3f315c method=ij.text.TextCanvas.drawColumnLabels(I)V @ 114

Classes redefined (0 events):
No events

Internal exceptions (10 events):
Event: 396.336 Thread 0x000001cd849ff800 Exception <a 'java/lang/ClassCastException'> (0x0000000721ff4618) thrown at [C:\jenkins\workspace\8-2-build-windows-x64-cygwin-sans-NAS\jdk8u381\237\hotspot\src\share\vm\runtime\sharedRuntime.cpp, line 609]
Event: 397.144 Thread 0x000001cd849ff800 Exception <a 'java/lang/ClassCastException'> (0x000000072203f8c8) thrown at [C:\jenkins\workspace\8-2-build-windows-x64-cygwin-sans-NAS\jdk8u381\237\hotspot\src\share\vm\runtime\sharedRuntime.cpp, line 609]
Event: 397.222 Thread 0x000001cd849ff800 Exception <a 'java/lang/ClassCastException'> (0x00000007233e2b68) thrown at [C:\jenkins\workspace\8-2-build-windows-x64-cygwin-sans-NAS\jdk8u381\237\hotspot\src\share\vm\runtime\sharedRuntime.cpp, line 609]
Event: 397.222 Thread 0x000001cd849ff800 Exception <a 'java/lang/ClassCastException'> (0x00000007233e3020) thrown at [C:\jenkins\workspace\8-2-build-windows-x64-cygwin-sans-NAS\jdk8u381\237\hotspot\src\share\vm\runtime\sharedRuntime.cpp, line 609]
Event: 398.028 Thread 0x000001cd849ff800 Exception <a 'java/lang/ClassCastException'> (0x00000007233ea598) thrown at [C:\jenkins\workspace\8-2-build-windows-x64-cygwin-sans-NAS\jdk8u381\237\hotspot\src\share\vm\runtime\sharedRuntime.cpp, line 609]
Event: 398.112 Thread 0x000001cd849ff800 Exception <a 'java/lang/ClassCastException'> (0x000000072460c640) thrown at [C:\jenkins\workspace\8-2-build-windows-x64-cygwin-sans-NAS\jdk8u381\237\hotspot\src\share\vm\runtime\sharedRuntime.cpp, line 609]
Event: 398.113 Thread 0x000001cd849ff800 Exception <a 'java/lang/ClassCastException'> (0x000000072460caf8) thrown at [C:\jenkins\workspace\8-2-build-windows-x64-cygwin-sans-NAS\jdk8u381\237\hotspot\src\share\vm\runtime\sharedRuntime.cpp, line 609]
Event: 408.052 Thread 0x000001cd849ff800 Exception <a 'java/lang/ClassCastException'> (0x000000072b7b04c0) thrown at [C:\jenkins\workspace\8-2-build-windows-x64-cygwin-sans-NAS\jdk8u381\237\hotspot\src\share\vm\runtime\sharedRuntime.cpp, line 609]
Event: 408.053 Thread 0x000001cd849ff800 Exception <a 'java/lang/ClassCastException'> (0x000000072b7b07b8) thrown at [C:\jenkins\workspace\8-2-build-windows-x64-cygwin-sans-NAS\jdk8u381\237\hotspot\src\share\vm\runtime\sharedRuntime.cpp, line 609]
Event: 408.057 Thread 0x000001cd849ff800 Exception <a 'java/lang/ClassCastException'> (0x000000072b7b1740) thrown at [C:\jenkins\workspace\8-2-build-windows-x64-cygwin-sans-NAS\jdk8u381\237\hotspot\src\share\vm\runtime\sharedRuntime.cpp, line 609]

Events (10 events):
Event: 409.196 Thread 0x000001cdd67ed000 flushing nmethod 0x000001cddd852350
Event: 411.286 Executing VM operation: ParallelGCSystemGC
Event: 411.323 Executing VM operation: ParallelGCSystemGC done
Event: 411.324 Executing VM operation: RevokeBias
Event: 411.325 Executing VM operation: RevokeBias done
Event: 411.325 Executing VM operation: RevokeBias
Event: 411.339 Executing VM operation: RevokeBias done
Event: 411.339 Executing VM operation: RevokeBias
Event: 411.339 Executing VM operation: RevokeBias done
Event: 411.339 Executing VM operation: RevokeBias


Dynamic libraries:
0x00007ff608220000 - 0x00007ff60823c000 	C:\Users\sakib\anaconda3\envs\pyimagej\python.exe
0x00007ffea9f50000 - 0x00007ffeaa148000 	C:\Windows\SYSTEM32\ntdll.dll
0x00007ffea9360000 - 0x00007ffea9422000 	C:\Windows\System32\KERNEL32.DLL
0x00007ffea79f0000 - 0x00007ffea7ce6000 	C:\Windows\System32\KERNELBASE.dll
0x00007ffea7740000 - 0x00007ffea7840000 	C:\Windows\System32\ucrtbase.dll
0x00007ffe5f820000 - 0x00007ffe5f83d000 	C:\Users\sakib\anaconda3\envs\pyimagej\VCRUNTIME140.dll
0x00007ffde1230000 - 0x00007ffde1788000 	C:\Users\sakib\anaconda3\envs\pyimagej\python39.dll
0x00007ffea99b0000 - 0x00007ffea9a1b000 	C:\Windows\System32\WS2_32.dll
0x00007ffea8000000 - 0x00007ffea8120000 	C:\Windows\System32\RPCRT4.dll
0x00007ffea2240000 - 0x00007ffea224a000 	C:\Windows\SYSTEM32\VERSION.dll
0x00007ffea9520000 - 0x00007ffea95d1000 	C:\Windows\System32\ADVAPI32.dll
0x00007ffea8a20000 - 0x00007ffea8abe000 	C:\Windows\System32\msvcrt.dll
0x00007ffea8c70000 - 0x00007ffea8d0f000 	C:\Windows\System32\sechost.dll
0x00007ffea7910000 - 0x00007ffea7937000 	C:\Windows\System32\bcrypt.dll
0x00007ffea4720000 - 0x00007ffea473a000 	C:\Users\sakib\anaconda3\envs\pyimagej\zlib.dll
0x00007ffea6f70000 - 0x00007ffea6f88000 	C:\Windows\SYSTEM32\CRYPTSP.dll
0x00007ffea65b0000 - 0x00007ffea65e8000 	C:\Windows\system32\rsaenh.dll
0x00007ffea6f60000 - 0x00007ffea6f6c000 	C:\Windows\SYSTEM32\CRYPTBASE.dll
0x00007ffea75e0000 - 0x00007ffea7662000 	C:\Windows\System32\bcryptPrimitives.dll
0x00007ffe701a0000 - 0x00007ffe701af000 	C:\Users\sakib\anaconda3\envs\pyimagej\python3.DLL
0x00007ffe6f620000 - 0x00007ffe6f630000 	C:\Users\sakib\anaconda3\envs\pyimagej\lib\site-packages\zmq\backend\cython\_device.cp39-win_amd64.pyd
0x00007ffe584d0000 - 0x00007ffe58543000 	C:\Users\sakib\anaconda3\envs\pyimagej\Library\bin\libzmq-mt-4_3_5.dll
0x00007ffea6970000 - 0x00007ffea69ab000 	C:\Windows\SYSTEM32\IPHLPAPI.DLL
0x00007ffe36fc0000 - 0x00007ffe3704d000 	C:\Users\sakib\anaconda3\envs\pyimagej\MSVCP140.dll
0x00007ffe37120000 - 0x00007ffe3716f000 	C:\Users\sakib\anaconda3\envs\pyimagej\Library\bin\libsodium.dll
0x00007ffe6f470000 - 0x00007ffe6f47c000 	C:\Users\sakib\anaconda3\envs\pyimagej\VCRUNTIME140_1.dll
0x00007ffe5d3d0000 - 0x00007ffe5d3e3000 	C:\Users\sakib\anaconda3\envs\pyimagej\lib\site-packages\zmq\backend\cython\context.cp39-win_amd64.pyd
0x00007ffe5cfc0000 - 0x00007ffe5cfe5000 	C:\Users\sakib\anaconda3\envs\pyimagej\lib\site-packages\zmq\backend\cython\socket.cp39-win_amd64.pyd
0x00007ffe5d1f0000 - 0x00007ffe5d209000 	C:\Users\sakib\anaconda3\envs\pyimagej\lib\site-packages\zmq\backend\cython\message.cp39-win_amd64.pyd
0x00007ffe5c8d0000 - 0x00007ffe5c8e3000 	C:\Users\sakib\anaconda3\envs\pyimagej\lib\site-packages\zmq\backend\cython\_poll.cp39-win_amd64.pyd
0x00007ffe62f60000 - 0x00007ffe62f70000 	C:\Users\sakib\anaconda3\envs\pyimagej\lib\site-packages\zmq\backend\cython\_proxy_steerable.cp39-win_amd64.pyd
0x00007ffe5d3c0000 - 0x00007ffe5d3cc000 	C:\Users\sakib\anaconda3\envs\pyimagej\lib\site-packages\zmq\backend\cython\_version.cp39-win_amd64.pyd
0x00007ffe5be40000 - 0x00007ffe5be4d000 	C:\Users\sakib\anaconda3\envs\pyimagej\lib\site-packages\zmq\backend\cython\error.cp39-win_amd64.pyd
0x00007ffe5be30000 - 0x00007ffe5be3f000 	C:\Users\sakib\anaconda3\envs\pyimagej\lib\site-packages\zmq\backend\cython\utils.cp39-win_amd64.pyd
0x00007ffe371c0000 - 0x00007ffe371d7000 	C:\Users\sakib\anaconda3\envs\pyimagej\DLLs\_socket.pyd
0x00007ffe5be20000 - 0x00007ffe5be2a000 	C:\Users\sakib\anaconda3\envs\pyimagej\DLLs\select.pyd
0x00007ffe36f90000 - 0x00007ffe36fc0000 	C:\Users\sakib\anaconda3\envs\pyimagej\DLLs\_ssl.pyd
0x00007ffea7e10000 - 0x00007ffea7f6d000 	C:\Windows\System32\CRYPT32.dll
0x00007ffe1cbd0000 - 0x00007ffe1ccf3000 	C:\Users\sakib\anaconda3\envs\pyimagej\Library\bin\libssl-3-x64.dll
0x00007ffde0c00000 - 0x00007ffde1227000 	C:\Users\sakib\anaconda3\envs\pyimagej\Library\bin\libcrypto-3-x64.dll
0x00007ffea8ac0000 - 0x00007ffea8c61000 	C:\Windows\System32\USER32.dll
0x00007ffea7710000 - 0x00007ffea7732000 	C:\Windows\System32\win32u.dll
0x00007ffea92d0000 - 0x00007ffea92fb000 	C:\Windows\System32\GDI32.dll
0x00007ffea7cf0000 - 0x00007ffea7e09000 	C:\Windows\System32\gdi32full.dll
0x00007ffea7670000 - 0x00007ffea770d000 	C:\Windows\System32\msvcp_win.dll
0x00007ffea9770000 - 0x00007ffea979f000 	C:\Windows\System32\IMM32.DLL
0x00007ffe36f70000 - 0x00007ffe36f84000 	C:\Users\sakib\anaconda3\envs\pyimagej\DLLs\_asyncio.pyd
0x00007ffe5b5e0000 - 0x00007ffe5b5ee000 	C:\Users\sakib\anaconda3\envs\pyimagej\DLLs\_overlapped.pyd
0x00007ffea6d00000 - 0x00007ffea6d6a000 	C:\Windows\system32\mswsock.dll
0x00007ffe59640000 - 0x00007ffe5964b000 	C:\Users\sakib\anaconda3\envs\pyimagej\DLLs\_bz2.pyd
0x00007ffe36460000 - 0x00007ffe36498000 	C:\Users\sakib\anaconda3\envs\pyimagej\Library\bin\LIBBZ2.dll
0x00007ffe36450000 - 0x00007ffe3645e000 	C:\Users\sakib\anaconda3\envs\pyimagej\DLLs\_lzma.pyd
0x00007ffe36420000 - 0x00007ffe3644a000 	C:\Users\sakib\anaconda3\envs\pyimagej\Library\bin\liblzma.dll
0x00007ffe36410000 - 0x00007ffe3641a000 	C:\Users\sakib\anaconda3\envs\pyimagej\DLLs\_queue.pyd
0x00007ffe363f0000 - 0x00007ffe36402000 	C:\Users\sakib\anaconda3\envs\pyimagej\DLLs\_hashlib.pyd
0x00007ffe363e0000 - 0x00007ffe363e7000 	C:\Users\sakib\anaconda3\envs\pyimagej\lib\site-packages\tornado\speedups.pyd
0x00007ffe34760000 - 0x00007ffe34785000 	C:\Users\sakib\anaconda3\envs\pyimagej\DLLs\_ctypes.pyd
0x00007ffea8d10000 - 0x00007ffea8e3b000 	C:\Windows\System32\ole32.dll
0x00007ffea8f60000 - 0x00007ffea92b4000 	C:\Windows\System32\combase.dll
0x00007ffea96a0000 - 0x00007ffea976d000 	C:\Windows\System32\OLEAUT32.dll
0x00007ffe34750000 - 0x00007ffe3475c000 	C:\Users\sakib\anaconda3\envs\pyimagej\Library\bin\ffi-8.dll
0x00007ffe27d90000 - 0x00007ffe27de6000 	C:\Users\sakib\anaconda3\envs\pyimagej\DLLs\_decimal.pyd
0x00007ffe34740000 - 0x00007ffe34749000 	C:\Users\sakib\anaconda3\envs\pyimagej\DLLs\_uuid.pyd
0x00007ffe0ab00000 - 0x00007ffe0add8000 	C:\Users\sakib\anaconda3\envs\pyimagej\lib\site-packages\numpy\core\_multiarray_umath.cp39-win_amd64.pyd
0x00007ffdde630000 - 0x00007ffde0bfb000 	C:\Users\sakib\anaconda3\envs\pyimagej\Library\bin\libcblas.dll
0x00007ffe34720000 - 0x00007ffe34734000 	C:\Users\sakib\anaconda3\envs\pyimagej\lib\site-packages\numpy\core\_multiarray_tests.cp39-win_amd64.pyd
0x00007ffe31f20000 - 0x00007ffe31f3d000 	C:\Users\sakib\anaconda3\envs\pyimagej\lib\site-packages\numpy\linalg\_umath_linalg.cp39-win_amd64.pyd
0x00007ffdd9a90000 - 0x00007ffddc05b000 	C:\Users\sakib\anaconda3\envs\pyimagej\Library\bin\liblapack.dll
0x00007ffddc060000 - 0x00007ffdde62b000 	C:\Users\sakib\anaconda3\envs\pyimagej\Library\bin\libblas.dll
0x00007ffe2ae30000 - 0x00007ffe2ae4e000 	C:\Users\sakib\anaconda3\envs\pyimagej\lib\site-packages\numpy\fft\_pocketfft_internal.cp39-win_amd64.pyd
0x00007ffe279e0000 - 0x00007ffe27a77000 	C:\Users\sakib\anaconda3\envs\pyimagej\lib\site-packages\numpy\random\mtrand.cp39-win_amd64.pyd
0x00007ffe27c90000 - 0x00007ffe27cbc000 	C:\Users\sakib\anaconda3\envs\pyimagej\lib\site-packages\numpy\random\bit_generator.cp39-win_amd64.pyd
0x00007ffe27c60000 - 0x00007ffe27c8f000 	C:\Users\sakib\anaconda3\envs\pyimagej\lib\site-packages\numpy\random\_common.cp39-win_amd64.pyd
0x00007ffe27990000 - 0x00007ffe279d4000 	C:\Users\sakib\anaconda3\envs\pyimagej\lib\site-packages\numpy\random\_bounded_integers.cp39-win_amd64.pyd
0x00007ffe2ae10000 - 0x00007ffe2ae27000 	C:\Users\sakib\anaconda3\envs\pyimagej\lib\site-packages\numpy\random\_mt19937.cp39-win_amd64.pyd
0x00007ffe27d70000 - 0x00007ffe27d85000 	C:\Users\sakib\anaconda3\envs\pyimagej\lib\site-packages\numpy\random\_philox.cp39-win_amd64.pyd
0x00007ffe27ab0000 - 0x00007ffe27aca000 	C:\Users\sakib\anaconda3\envs\pyimagej\lib\site-packages\numpy\random\_pcg64.cp39-win_amd64.pyd
0x00007ffe34710000 - 0x00007ffe34720000 	C:\Users\sakib\anaconda3\envs\pyimagej\lib\site-packages\numpy\random\_sfc64.cp39-win_amd64.pyd
0x00007ffe27890000 - 0x00007ffe2793f000 	C:\Users\sakib\anaconda3\envs\pyimagej\lib\site-packages\numpy\random\_generator.cp39-win_amd64.pyd
0x00007ffdd76a0000 - 0x00007ffdd9a81000 	C:\Users\sakib\anaconda3\envs\pyimagej\Library\bin\mkl_intel_thread.2.dll
0x00007ffdd2e00000 - 0x00007ffdd7699000 	C:\Users\sakib\anaconda3\envs\pyimagej\Library\bin\mkl_core.2.dll
0x00007ffdd0a50000 - 0x00007ffdd2df7000 	C:\Users\sakib\anaconda3\envs\pyimagej\Library\bin\mkl_def.2.dll
0x00007ffdd0150000 - 0x00007ffdd0a44000 	C:\Users\sakib\anaconda3\envs\pyimagej\Library\bin\mkl_vml_def.2.dll
0x00007ffe27980000 - 0x00007ffe27989000 	C:\Users\sakib\anaconda3\envs\pyimagej\lib\site-packages\matplotlib\_c_internal_utils.cp39-win_amd64.pyd
0x00007ffea8120000 - 0x00007ffea8890000 	C:\Windows\System32\SHELL32.dll
0x00007ffe27820000 - 0x00007ffe27886000 	C:\Users\sakib\anaconda3\envs\pyimagej\lib\site-packages\PIL\_imaging.cp39-win_amd64.pyd
0x00007ffe1b350000 - 0x00007ffe1b3eb000 	C:\Users\sakib\anaconda3\envs\pyimagej\Library\bin\jpeg8.dll
0x00007ffe267d0000 - 0x00007ffe2682b000 	C:\Users\sakib\anaconda3\envs\pyimagej\Library\bin\openjp2.dll
0x00007ffe1c620000 - 0x00007ffe1c697000 	C:\Users\sakib\anaconda3\envs\pyimagej\Library\bin\tiff.dll
0x00007ffe8ff30000 - 0x00007ffe8ffd4000 	C:\Users\sakib\anaconda3\envs\pyimagej\Library\bin\zstd.dll
0x00007ffe26440000 - 0x00007ffe26470000 	C:\Users\sakib\anaconda3\envs\pyimagej\Library\bin\deflate.dll
0x00007ffe1c590000 - 0x00007ffe1c614000 	C:\Users\sakib\anaconda3\envs\pyimagej\Library\bin\Lerc.dll
0x00007ffe26410000 - 0x00007ffe26436000 	C:\Users\sakib\anaconda3\envs\pyimagej\lib\site-packages\matplotlib\_path.cp39-win_amd64.pyd
0x00007ffe27960000 - 0x00007ffe2797d000 	C:\Users\sakib\anaconda3\envs\pyimagej\lib\site-packages\matplotlib\ft2font.cp39-win_amd64.pyd
0x00007ffe0fc60000 - 0x00007ffe0fd07000 	C:\Users\sakib\anaconda3\envs\pyimagej\Library\bin\freetype.dll
0x00007ffe21dc0000 - 0x00007ffe21df5000 	C:\Users\sakib\anaconda3\envs\pyimagej\Library\bin\libpng16.dll
0x00007ffe21da0000 - 0x00007ffe21dc0000 	C:\Users\sakib\anaconda3\envs\pyimagej\lib\site-packages\kiwisolver\_cext.cp39-win_amd64.pyd
0x00007ffe0a9e0000 - 0x00007ffe0aaf5000 	C:\Users\sakib\anaconda3\envs\pyimagej\DLLs\unicodedata.pyd
0x00007ffe1ffc0000 - 0x00007ffe1fffc000 	C:\Users\sakib\anaconda3\envs\pyimagej\lib\site-packages\matplotlib\backends\_backend_agg.cp39-win_amd64.pyd
0x00007ffe1e670000 - 0x00007ffe1e69e000 	C:\Users\sakib\anaconda3\envs\pyimagej\lib\site-packages\matplotlib\_image.cp39-win_amd64.pyd
0x00007ffe20890000 - 0x00007ffe208a6000 	C:\Users\sakib\anaconda3\envs\pyimagej\DLLs\_sqlite3.pyd
0x00007ffe37370000 - 0x00007ffe374e2000 	C:\Users\sakib\anaconda3\envs\pyimagej\Library\bin\sqlite3.dll
0x00007ffe1ce50000 - 0x00007ffe1ce64000 	C:\Users\sakib\anaconda3\envs\pyimagej\DLLs\_tkinter.pyd
0x00007ffe0a630000 - 0x00007ffe0a7b0000 	C:\Users\sakib\anaconda3\envs\pyimagej\Library\bin\tk86t.dll
0x00007ffdcff80000 - 0x00007ffdd0145000 	C:\Users\sakib\anaconda3\envs\pyimagej\Library\bin\tcl86t.dll
0x00007ffea8940000 - 0x00007ffea8a1a000 	C:\Windows\System32\COMDLG32.dll
0x00007ffea8890000 - 0x00007ffea893d000 	C:\Windows\System32\shcore.dll
0x00007ffea7fa0000 - 0x00007ffea7ffb000 	C:\Windows\System32\SHLWAPI.dll
0x00007ffe98b90000 - 0x00007ffe98ba9000 	C:\Windows\SYSTEM32\NETAPI32.dll
0x00007ffea7490000 - 0x00007ffea74be000 	C:\Windows\SYSTEM32\USERENV.dll
0x00007ffe99240000 - 0x00007ffe994db000 	C:\Windows\WinSxS\amd64_microsoft.windows.common-controls_6595b64144ccf1df_6.0.19041.6456_none_60b8a6cb71f64256\COMCTL32.dll
0x00007ffe1ce20000 - 0x00007ffe1ce4a000 	C:\Users\sakib\anaconda3\envs\pyimagej\Library\bin\zlib1.dll
0x00007ffea6b00000 - 0x00007ffea6b43000 	C:\Windows\SYSTEM32\LOGONCLI.DLL
0x00007ffea6af0000 - 0x00007ffea6afc000 	C:\Windows\SYSTEM32\NETUTILS.DLL
0x00007ffe97160000 - 0x00007ffe97179000 	C:\Windows\SYSTEM32\SAMCLI.DLL
0x00007ffe269d0000 - 0x00007ffe269d9000 	C:\Users\sakib\anaconda3\envs\pyimagej\lib\site-packages\matplotlib\backends\_tkagg.cp39-win_amd64.pyd
0x00007ffea95e0000 - 0x00007ffea95e8000 	C:\Windows\System32\PSAPI.DLL
0x00007ffe20880000 - 0x00007ffe2088b000 	C:\Users\sakib\anaconda3\envs\pyimagej\lib\site-packages\pandas\_libs\pandas_parser.cp39-win_amd64.pyd
0x00007ffe1ce10000 - 0x00007ffe1ce1b000 	C:\Users\sakib\anaconda3\envs\pyimagej\lib\site-packages\pandas\_libs\pandas_datetime.cp39-win_amd64.pyd
0x00007ffdcfe60000 - 0x00007ffdcff71000 	C:\Users\sakib\anaconda3\envs\pyimagej\lib\site-packages\pandas\_libs\interval.cp39-win_amd64.pyd
0x00007ffdcfc90000 - 0x00007ffdcfe54000 	C:\Users\sakib\anaconda3\envs\pyimagej\lib\site-packages\pandas\_libs\hashtable.cp39-win_amd64.pyd
0x00007ffe1c8d0000 - 0x00007ffe1c8ff000 	C:\Users\sakib\anaconda3\envs\pyimagej\lib\site-packages\pandas\_libs\missing.cp39-win_amd64.pyd
0x00007ffe0a600000 - 0x00007ffe0a62d000 	C:\Users\sakib\anaconda3\envs\pyimagej\lib\site-packages\pandas\_libs\tslibs\dtypes.cp39-win_amd64.pyd
0x00007ffe0fbd0000 - 0x00007ffe0fbe4000 	C:\Users\sakib\anaconda3\envs\pyimagej\lib\site-packages\pandas\_libs\tslibs\ccalendar.cp39-win_amd64.pyd
0x00007ffe0a8d0000 - 0x00007ffe0a8f0000 	C:\Users\sakib\anaconda3\envs\pyimagej\lib\site-packages\pandas\_libs\tslibs\np_datetime.cp39-win_amd64.pyd
0x00007ffe0a5c0000 - 0x00007ffe0a5fb000 	C:\Users\sakib\anaconda3\envs\pyimagej\lib\site-packages\pandas\_libs\tslibs\conversion.cp39-win_amd64.pyd
0x00007ffe0a5a0000 - 0x00007ffe0a5b1000 	C:\Users\sakib\anaconda3\envs\pyimagej\lib\site-packages\pandas\_libs\tslibs\base.cp39-win_amd64.pyd
0x00007ffdcfa90000 - 0x00007ffdcfb6b000 	C:\Users\sakib\anaconda3\envs\pyimagej\lib\site-packages\pandas\_libs\tslibs\offsets.cp39-win_amd64.pyd

VM Arguments:
java_command: <unknown>
java_class_path (initial): C:\Users\sakib\.jgo\sc.fiji\fiji\2.14.0\6ad50f45b0f3491affd3b43750c8c212c3c855c46dbb6becfc0463856a3d9f35\3D_Blob_Segmentation-3.0.2.jar;C:\Users\sakib\.jgo\sc.fiji\fiji\2.14.0\6ad50f45b0f3491affd3b43750c8c212c3c855c46dbb6becfc0463856a3d9f35\3D_Objects_Counter-2.0.1.jar;C:\Users\sakib\.jgo\sc.fiji\fiji\2.14.0\6ad50f45b0f3491affd3b43750c8c212c3c855c46dbb6becfc0463856a3d9f35\3D_Viewer-4.0.5.jar;C:\Users\sakib\.jgo\sc.fiji\fiji\2.14.0\6ad50f45b0f3491affd3b43750c8c212c3c855c46dbb6becfc0463856a3d9f35\ahocorasick-0.2.4.jar;C:\Users\sakib\.jgo\sc.fiji\fiji\2.14.0\6ad50f45b0f3491affd3b43750c8c212c3c855c46dbb6becfc0463856a3d9f35\aircompressor-0.21.jar;C:\Users\sakib\.jgo\sc.fiji\fiji\2.14.0\6ad50f45b0f3491affd3b43750c8c212c3c855c46dbb6becfc0463856a3d9f35\alphanumeric-comparator-1.4.1.jar;C:\Users\sakib\.jgo\sc.fiji\fiji\2.14.0\6ad50f45b0f3491affd3b43750c8c212c3c855c46dbb6becfc0463856a3d9f35\AnalyzeSkeleton_-3.4.2.jar;C:\Users\sakib\.jgo\sc.fiji\fiji\2.14.0\6ad50f45b0f3491affd3b43750c8c212c3c855c46dbb6becfc0463856a3d9f35\animal-sniffer-annotations-1.23.jar;C:\Users\sakib\.jgo\sc.fiji\fiji\2.14.0\6ad50f45b0f3491affd3b43750c8c212c3c855c46dbb6becfc0463856a3d9f35\Anisotropic_Diffusion_2D-2.0.1.jar;C:\Users\sakib\.jgo\sc.fiji\fiji\2.14.0\6ad50f45b0f3491affd3b43750c8c212c3c855c46dbb6becfc0463856a3d9f35\annotations-13.0.jar;C:\Users\sakib\.jgo\sc.fiji\fiji\2.14.0\6ad50f45b0f3491affd3b43750c8c212c3c855c46dbb6becfc0463856a3d9f35\annotations-4.1.1.4.jar;C:\Users\sakib\.jgo\sc.fiji\fiji\2.14.0\6ad50f45b0f3491affd3b43750c8c212c3c855c46dbb6becfc0463856a3d9f35\ant-1.10.13.jar;C:\Users\sakib\.jgo\sc.fiji\fiji\2.14.0\6ad50f45b0f3491affd3b43750c8c212c3c855c46dbb6becfc0463856a3d9f35\ant-launcher-1.10.13.jar;C:\Users\sakib\.jgo\sc.fiji\fiji\2.14.0\6ad50f45b0f3491affd3b43750c8c212c3c855c46dbb6becfc0463856a3d9f35\antlr-2.7.7.jar;C:\Users\sakib\.jgo\sc.fiji\fiji\2.14.0\6ad50f45b0f3491affd3b43750c8c212c3c855c46dbb6becfc0463856a3d9f35\antlr-3.5.3.jar;C:\Users\sakib\.jgo\s
Launcher Type: generic

Environment Variables:
JAVA_HOME=A:\Program Files\Java\jre-1.8\legal\jdk
USERNAME=sakib
OS=Windows_NT
PROCESSOR_IDENTIFIER=AMD64 Family 25 Model 33 Stepping 2, AuthenticAMD



---------------  S Y S T E M  ---------------

OS: Windows 10 , 64 bit Build 19041 (10.0.19041.5915)

CPU:total 24 (initial active 24) (24 cores per cpu, 1 threads per core) family 25 model 33 stepping 2, cmov, cx8, fxsr, mmx, sse, sse2, sse3, ssse3, sse4.1, sse4.2, popcnt, avx, avx2, aes, clmul, erms, mmxext, 3dnowpref, lzcnt, sse4a, tsc, tscinvbit, tscinv, bmi1

Memory: 4k page, physical 33462296k(21625292k free), swap 38443032k(18511964k free)

vm_info: Java HotSpot(TM) 64-Bit Server VM (25.381-b09) for windows-amd64 JRE (1.8.0_381-b09), built on Jun 14 2023 13:50:38 by "java_re" with MS VC++ 17.1 (VS2022)

time: Tue Jan 27 01:25:11 2026
timezone: Eastern Standard Time
elapsed time: 411.402150 seconds (0d 0h 6m 51s)

