#
# A fatal error has been detected by the Java Runtime Environment:
#
#  EXCEPTION_ACCESS_VIOLATION (0xc0000005) at pc=0x00007ffde14a5370, pid=3012, tid=13048
#
# JRE version: OpenJDK Runtime Environment Zulu11.70+15-CA (11.0.22+7) (build 11.0.22+7-LTS)
# Java VM: OpenJDK 64-Bit Server VM Zulu11.70+15-CA (11.0.22+7-LTS, mixed mode, tiered, compressed oops, g1 gc, windows-amd64)
# Problematic frame:
# C  [python39.dll+0x275370]  too_many_positional+0x100
#
# No core dump will be written. Minidumps are not enabled by default on client versions of Windows
#
# If you would like to submit a bug report, please visit:
#   http://www.azul.com/support/
# The crash happened outside the Java Virtual Machine in native code.
# See problematic frame for where to report the bug.
#

---------------  S U M M A R Y ------------

Command Line: --add-opens=java.base/java.lang=ALL-UNNAMED --add-opens=java.base/java.util=ALL-UNNAMED 

Host: AMD Ryzen 9 5900X 12-Core Processor            , 24 cores, 31G,  Windows 10 , 64 bit Build 19041 (10.0.19041.5915)
Time: Mon Jan 26 22:07:25 2026 Eastern Standard Time elapsed time: 2.166702 seconds (0d 0h 0m 2s)

---------------  T H R E A D  ---------------

Current thread (0x0000014159006800):  JavaThread "Python Reference Queue" daemon [_thread_in_native, id=13048, stack(0x00000021b2fe0000,0x00000021b31d0000)]

Stack: [0x00000021b2fe0000,0x00000021b31d0000],  sp=0x00000021b31cec90,  free space=1979k
Native frames: (J=compiled Java code, j=interpreted, Vv=VM code, C=native code)
C  [python39.dll+0x275370]  too_many_positional+0x100  (ceval.c:3966)
C  [python39.dll+0x275dd3]  _PyEval_EvalCode+0x5b3  (ceval.c:4219)
C  [python39.dll+0x138784]  _PyFunction_Vectorcall+0x184  (call.c:396)
C  [python39.dll+0x13ad81]  _PyObject_VectorcallTstate+0x51  (abstract.h:118)
C  [python39.dll+0x13afad]  method_vectorcall+0x6d  (classobject.c:53)
C  [python39.dll+0x114a07]  _PyObject_VectorcallTstate+0x47  (abstract.h:119)
C  [python39.dll+0x114abf]  PyObject_CallOneArg+0x2f  (abstract.h:189)
C  [python39.dll+0x11a676]  object_recursive_isinstance+0x136  (abstract.c:2533)
C  [python39.dll+0x268a32]  builtin_isinstance+0x22  (bltinmodule.c.h:818)
C  [python39.dll+0x181cd1]  cfunction_vectorcall_FASTCALL+0xc1  (methodobject.c:431)
C  [python39.dll+0x26e8c1]  _PyObject_VectorcallTstate+0x51  (abstract.h:118)
C  [python39.dll+0x277d6f]  call_function+0x7f  (ceval.c:5083)
C  [python39.dll+0x271731]  _PyEval_EvalFrameDefault+0x1141  (ceval.c:3522)
C  [python39.dll+0x138591]  function_code_fastcall+0x71  (call.c:332)
C  [python39.dll+0x13867e]  _PyFunction_Vectorcall+0x7e  (call.c:404)
C  [python39.dll+0x13ad81]  _PyObject_VectorcallTstate+0x51  (abstract.h:118)
C  [python39.dll+0x13b04a]  method_vectorcall+0x10a  (classobject.c:83)
C  [python39.dll+0x137cd9]  _PyObject_VectorcallTstate+0x49  (abstract.h:119)
C  [python39.dll+0x138b85]  _PyObject_CallFunctionVa+0xe5  (call.c:543)
C  [python39.dll+0x138c34]  PyObject_CallFunction+0x34  (call.c:569)
C  [python39.dll+0x92ae0]  invoke_gc_callback+0xc0  (gcmodule.c:1365)
C  [python39.dll+0x92b7d]  collect_with_callback+0x2d  (gcmodule.c:1387)
C  [python39.dll+0x9447e]  PyGC_Collect+0x9e  (gcmodule.c:2075)
C  0x00007ffe741b9054
C  0x0000014161cef777

Java frames: (J=compiled Java code, j=interpreted, Vv=VM code)
j  org.jpype.ref.JPypeReferenceNative.wake()V+0
j  org.jpype.ref.JPypeReferenceQueue$Worker.run()V+42
j  java.lang.Thread.run()V+11 java.base@11.0.22
v  ~StubRoutines::call_stub

siginfo: EXCEPTION_ACCESS_VIOLATION (0xc0000005), reading address 0x0000014054b00168


Register to memory mapping:

RIP=0x00007ffde14a5370 python39.dll::too_many_positional + 0x100
RAX=0x0000000000000002 is an unknown value
RBX=0x0 is NULL
RCX=0x0000014109c6aef0 points into unknown readable memory: 0x0000000000000000 | 00 00 00 00 00 00 00 00
RDX=0x00000141481e30e0 points into unknown readable memory: 0x0000000000000002 | 02 00 00 00 00 00 00 00
RSP=0x00000021b31cec90 is pointing into the stack for thread: 0x0000014159006800
RBP=0x0000014109c6aef0 points into unknown readable memory: 0x0000000000000000 | 00 00 00 00 00 00 00 00
RSI=0x0 is NULL
RDI=0x000001414af45ce8 points into unknown readable memory: 0x0000000000000000 | 00 00 00 00 00 00 00 00
R8 =0xffffffffe1377490 is an unknown value
R9 =0x0 is NULL
R10=0xffffffffe1377490 is an unknown value
R11=0xffffffffe1377492 is an unknown value
R12=0x0000014109c6aef0 points into unknown readable memory: 0x0000000000000000 | 00 00 00 00 00 00 00 00
R13=0x00000141481e30e0 points into unknown readable memory: 0x0000000000000002 | 02 00 00 00 00 00 00 00
R14=0x00000021b31cefd0 is pointing into the stack for thread: 0x0000014159006800
R15=0x0000000000000002 is an unknown value


Registers:
RAX=0x0000000000000002, RBX=0x0000000000000000, RCX=0x0000014109c6aef0, RDX=0x00000141481e30e0
RSP=0x00000021b31cec90, RBP=0x0000014109c6aef0, RSI=0x0000000000000000, RDI=0x000001414af45ce8
R8 =0xffffffffe1377490, R9 =0x0000000000000000, R10=0xffffffffe1377490, R11=0xffffffffe1377492
R12=0x0000014109c6aef0, R13=0x00000141481e30e0, R14=0x00000021b31cefd0, R15=0x0000000000000002
RIP=0x00007ffde14a5370, EFLAGS=0x0000000000010293

Top of Stack: (sp=0x00000021b31cec90)
0x00000021b31cec90:   000000000000000c 0000000000000000
0x00000021b31ceca0:   0000014109c6aef0 0000014148922130
0x00000021b31cecb0:   0000000000000000 00007ffde13bae4e
0x00000021b31cecc0:   00000141481e30e0 00007ffde138ee39
0x00000021b31cecd0:   0000000000000000 0000000000000000
0x00000021b31cece0:   0000014147a65300 00007ffde12c49cd
0x00000021b31cecf0:   00000141481e30e0 000001414af45b80
0x00000021b31ced00:   0000000000000000 00000141481e1080
0x00000021b31ced10:   ffffffffe1377492 00007ffde14a5dd3
0x00000021b31ced20:   ffffffffe1377492 0000014109c6aef0
0x00000021b31ced30:   0000000000000000 0000000000000000
0x00000021b31ced40:   000001414af45ce8 00007ffde1371a6c
0x00000021b31ced50:   0000000000000000 0000000000000000
0x00000021b31ced60:   ffffffffe1377490 0000014152d4bc40
0x00000021b31ced70:   0000000000000000 000001414af45ce8
0x00000021b31ced80:   0000000000000000 00000021b31cefd0 

Instructions: (pc=0x00007ffde14a5370)
0x00007ffde14a5270:   40 53 57 41 54 41 55 41 57 48 83 ec 60 48 63 42
0x00007ffde14a5280:   18 4d 8b f8 4c 63 42 10 33 db 4c 8b ea 4c 8b e1
0x00007ffde14a5290:   4d 8b d0 4e 8d 1c 00 4d 3b c3 0f 8d e8 00 00 00
0x00007ffde14a52a0:   48 8b bc 24 b0 00 00 00 48 83 f8 04 0f 82 be 00
0x00007ffde14a52b0:   00 00 83 3d 5f 4d 24 00 02 0f 8c b1 00 00 00 66
0x00007ffde14a52c0:   0f 6f 2d 49 19 1f 00 48 99 83 e2 03 0f 29 74 24
0x00007ffde14a52d0:   50 66 0f 6f 35 b7 1c 1f 00 48 03 c2 83 e0 03 49
0x00007ffde14a52e0:   8b cb 48 2b c2 0f 57 e4 48 2b c8 0f 57 db 0f 57
0x00007ffde14a52f0:   d2 f3 42 0f 6f 0c d7 66 0f 6f c5 66 0f 38 29 cc
0x00007ffde14a5300:   66 0f df ce 66 0f d4 c3 66 0f db c1 66 0f df cb
0x00007ffde14a5310:   66 0f 6f d8 66 0f 6f c5 66 0f eb d9 66 0f d4 c2
0x00007ffde14a5320:   f3 42 0f 6f 4c d7 10 49 83 c2 04 66 0f 38 29 cc
0x00007ffde14a5330:   66 0f df ce 66 0f db c1 66 0f df ca 66 0f 6f d0
0x00007ffde14a5340:   66 0f eb d1 4c 3b d1 7c a8 0f 28 74 24 50 66 0f
0x00007ffde14a5350:   d4 d3 66 0f 6f c2 66 0f 73 d8 08 66 0f d4 d0 66
0x00007ffde14a5360:   48 0f 7e d3 4d 3b d3 7d 1f 0f 1f 80 00 00 00 00
0x00007ffde14a5370:   4a 83 3c d7 00 48 8d 43 01 48 0f 44 c3 49 ff c2
0x00007ffde14a5380:   48 8b d8 4d 3b d3 7c e8 4c 89 b4 24 a0 00 00 00
0x00007ffde14a5390:   49 8b d0 4d 85 c9 74 17 49 2b d1 48 8d 0d 4e 11
0x00007ffde14a53a0:   1e 00 41 be 01 00 00 00 e8 a3 23 f5 ff eb 17 45
0x00007ffde14a53b0:   33 f6 48 8d 0d 93 db 1c 00 49 83 f8 01 41 0f 95
0x00007ffde14a53c0:   c6 e8 8a 23 f5 ff 48 8b f8 48 85 c0 0f 84 0c 01
0x00007ffde14a53d0:   00 00 48 89 ac 24 90 00 00 00 48 8d 2d 3f 8d 1b
0x00007ffde14a53e0:   00 48 89 b4 24 98 00 00 00 48 8d 05 70 fc 1b 00
0x00007ffde14a53f0:   48 85 db 74 43 48 83 fb 01 48 8d 0d 00 11 1e 00
0x00007ffde14a5400:   4c 8b cd 48 8b d5 4c 0f 45 c8 4c 8b c3 49 83 ff
0x00007ffde14a5410:   01 48 0f 45 d0 e8 36 23 f5 ff 48 8b f0 48 85 c0
0x00007ffde14a5420:   75 32 48 83 2f 01 0f 85 a2 00 00 00 48 8b 47 08
0x00007ffde14a5430:   48 8b cf e9 93 00 00 00 45 33 c9 48 c7 44 24 20
0x00007ffde14a5440:   00 00 00 00 45 33 c0 33 d2 48 8b cd e8 bf 88 f5
0x00007ffde14a5450:   ff 48 8b f0 49 83 ff 01 75 0c 48 8d 05 db 10 1e
0x00007ffde14a5460:   00 48 85 db 74 07 48 8d 05 d3 10 1e 00 4d 8b 4d 


Stack slot to memory mapping:
stack at sp + 0 slots: 0x000000000000000c is an unknown value
stack at sp + 1 slots: 0x0 is NULL
stack at sp + 2 slots: 0x0000014109c6aef0 points into unknown readable memory: 0x0000000000000000 | 00 00 00 00 00 00 00 00
stack at sp + 3 slots: 0x0000014148922130 points into unknown readable memory: 0x0000000000000075 | 75 00 00 00 00 00 00 00
stack at sp + 4 slots: 0x0 is NULL
stack at sp + 5 slots: 0x00007ffde13bae4e python39.dll::_PyObject_Malloc + 0xe
stack at sp + 6 slots: 0x00000141481e30e0 points into unknown readable memory: 0x0000000000000002 | 02 00 00 00 00 00 00 00
stack at sp + 7 slots: 0x00007ffde138ee39 python39.dll::_PyFrame_New_NoTrack + 0x159


---------------  P R O C E S S  ---------------

Threads class SMR info:
_java_thread_list=0x0000014109d97730, length=22, elements={
0x000001414d3fa000, 0x000001414d3f5000, 0x000001414d3f5800, 0x0000014159008000,
0x000001415900c800, 0x000001415900a000, 0x0000014151bb8800, 0x0000014151bbf800,
0x000001415900a800, 0x0000014151bbb800, 0x0000014151bbe000, 0x0000014151bbe800,
0x0000014151bba800, 0x000001415900b800, 0x0000014151bc3000, 0x0000014159006800,
0x000001415900d000, 0x0000014151bc5800, 0x0000014151bc1000, 0x0000014151bc0800,
0x0000014151bc2000, 0x000001410be3e800
}

Java Threads: ( => current thread )
  0x000001414d3fa000 JavaThread "main" [_thread_in_vm, id=4292, stack(0x00000021a9800000,0x00000021a99f0000)]
  0x000001414d3f5000 JavaThread "Reference Handler" daemon [_thread_blocked, id=11440, stack(0x00000021af9a0000,0x00000021afb90000)]
  0x000001414d3f5800 JavaThread "Finalizer" daemon [_thread_blocked, id=19352, stack(0x00000021afb90000,0x00000021afd80000)]
  0x0000014159008000 JavaThread "Signal Dispatcher" daemon [_thread_blocked, id=756, stack(0x00000021afd80000,0x00000021aff70000)]
  0x000001415900c800 JavaThread "Attach Listener" daemon [_thread_blocked, id=10648, stack(0x00000021aff70000,0x00000021b0160000)]
  0x000001415900a000 JavaThread "Service Thread" daemon [_thread_blocked, id=1044, stack(0x00000021b0160000,0x00000021b0350000)]
  0x0000014151bb8800 JavaThread "C2 CompilerThread0" daemon [_thread_in_native, id=7768, stack(0x00000021b0350000,0x00000021b0540000)]
  0x0000014151bbf800 JavaThread "C1 CompilerThread0" daemon [_thread_blocked, id=3272, stack(0x00000021b0540000,0x00000021b0730000)]
  0x000001415900a800 JavaThread "Sweeper thread" daemon [_thread_blocked, id=4024, stack(0x00000021b0730000,0x00000021b0920000)]
  0x0000014151bbb800 JavaThread "C1 CompilerThread1" daemon [_thread_blocked, id=3684, stack(0x00000021b0920000,0x00000021b0b10000)]
  0x0000014151bbe000 JavaThread "C1 CompilerThread2" daemon [_thread_blocked, id=15448, stack(0x00000021b0b10000,0x00000021b0d00000)]
  0x0000014151bbe800 JavaThread "C1 CompilerThread3" daemon [_thread_blocked, id=19288, stack(0x00000021b0d00000,0x00000021b0ef0000)]
  0x0000014151bba800 JavaThread "C2 CompilerThread1" daemon [_thread_in_vm, id=16176, stack(0x00000021b0ef0000,0x00000021b10e0000)]
  0x000001415900b800 JavaThread "Common-Cleaner" daemon [_thread_blocked, id=18976, stack(0x00000021b10e0000,0x00000021b12d0000)]
  0x0000014151bc3000 JavaThread "C2 CompilerThread2" daemon [_thread_blocked, id=3572, stack(0x00000021b14c0000,0x00000021b16b0000)]
=>0x0000014159006800 JavaThread "Python Reference Queue" daemon [_thread_in_native, id=13048, stack(0x00000021b2fe0000,0x00000021b31d0000)]
  0x000001415900d000 JavaThread "SciJava-c1fa7d4-Thread-0" daemon [_thread_in_vm, id=20380, stack(0x00000021b35b0000,0x00000021b37a0000)]
  0x0000014151bc5800 JavaThread "C2 CompilerThread3" daemon [_thread_blocked, id=9284, stack(0x00000021b2c00000,0x00000021b2df0000)]
  0x0000014151bc1000 JavaThread "C2 CompilerThread4" daemon [_thread_blocked, id=19656, stack(0x00000021b2df0000,0x00000021b2fe0000)]
  0x0000014151bc0800 JavaThread "C2 CompilerThread5" daemon [_thread_blocked, id=7708, stack(0x00000021b31d0000,0x00000021b33c0000)]
  0x0000014151bc2000 JavaThread "C2 CompilerThread6" daemon [_thread_blocked, id=1516, stack(0x00000021b33c0000,0x00000021b35b0000)]
  0x000001410be3e800 JavaThread "C2 CompilerThread7" daemon [_thread_blocked, id=12448, stack(0x00000021b37a0000,0x00000021b3990000)]

Other Threads:
  0x0000014158fe1800 VMThread "VM Thread" [stack: 0x00000021af7b0000,0x00000021af9a0000] [id=11528] _threads_hazard_ptr=0x0000014109d97730
  0x0000014159512800 WatcherThread [stack: 0x00000021b12d0000,0x00000021b14c0000] [id=19564]
  0x00000141525b3000 GCTaskThread "GC Thread#0" [stack: 0x00000021ac930000,0x00000021acb20000] [id=9228]
  0x000001417fb1d800 GCTaskThread "GC Thread#1" [stack: 0x00000021b16b0000,0x00000021b18a0000] [id=13884]
  0x000001417f7b0000 GCTaskThread "GC Thread#2" [stack: 0x00000021b18a0000,0x00000021b1a90000] [id=6776]
  0x000001417f1fc000 GCTaskThread "GC Thread#3" [stack: 0x00000021b1a90000,0x00000021b1c80000] [id=12056]
  0x000001417f0d4800 GCTaskThread "GC Thread#4" [stack: 0x00000021b1c80000,0x00000021b1e70000] [id=13320]
  0x000001417f49e000 GCTaskThread "GC Thread#5" [stack: 0x00000021b1e70000,0x00000021b2060000] [id=16228]
  0x000001417fcae800 GCTaskThread "GC Thread#6" [stack: 0x00000021b2060000,0x00000021b2250000] [id=1976]
  0x000001417fcad000 GCTaskThread "GC Thread#7" [stack: 0x00000021b2250000,0x00000021b2440000] [id=1940]
  0x000001417fcb1800 GCTaskThread "GC Thread#8" [stack: 0x00000021b2440000,0x00000021b2630000] [id=1180]
  0x000001417fcab800 GCTaskThread "GC Thread#9" [stack: 0x00000021b2630000,0x00000021b2820000] [id=7140]
  0x000001417fcb2000 GCTaskThread "GC Thread#10" [stack: 0x00000021b2820000,0x00000021b2a10000] [id=10800]
  0x000001417fcaf800 GCTaskThread "GC Thread#11" [stack: 0x00000021b2a10000,0x00000021b2c00000] [id=10064]
  0x00000141526d9000 ConcurrentGCThread "G1 Main Marker" [stack: 0x00000021aeff0000,0x00000021af1e0000] [id=19428]
  0x00000141526da000 ConcurrentGCThread "G1 Conc#0" [stack: 0x00000021af1e0000,0x00000021af3d0000] [id=2328]
  0x000001415296e800 ConcurrentGCThread "G1 Refine#0" [stack: 0x00000021af3d0000,0x00000021af5c0000] [id=12524]
  0x000001415253e000 ConcurrentGCThread "G1 Young RemSet Sampling" [stack: 0x00000021af5c0000,0x00000021af7b0000] [id=12184]

Threads with active compile tasks:
C2 CompilerThread0     2348 2478   !   4       jdk.internal.loader.BuiltinClassLoader::loadClassOrNull (143 bytes)
C1 CompilerThread2     2348 2936   !   3       jdk.internal.loader.URLClassPath::check (123 bytes)
C1 CompilerThread3     2348 2933   !   3       jdk.internal.loader.BuiltinClassLoader$2::run (114 bytes)
C2 CompilerThread1     2348 2825       4       java.util.HashMap::resize (356 bytes)
C2 CompilerThread2     2348 2876       4       javassist.bytecode.Utf8Info::hashCode (8 bytes)
C2 CompilerThread3     2348 2854       4       javassist.bytecode.AttributeInfo::read (524 bytes)
C2 CompilerThread4     2349 2843       4       javassist.bytecode.stackmap.TypeData$TypeVar::merge (33 bytes)
C2 CompilerThread5     2349 2885       4       java.io.DataInputStream::readUTF (501 bytes)
C2 CompilerThread6     2349 2901       4       jdk.internal.jimage.ImageStringsReader::charsFromByteBuffer (186 bytes)
C2 CompilerThread7     2349 2882       4       javassist.bytecode.stackmap.MapMaker::merge (50 bytes)

VM state:synchronizing (normal execution)

VM Mutex/Monitor currently owned by a thread:  ([mutex/lock_event])
[0x000001415265dd40] Safepoint_lock - owner thread: 0x0000014158fe1800
[0x000001415265def0] Threads_lock - owner thread: 0x0000014158fe1800

Heap address: 0x0000000601600000, size: 8170 MB, Compressed Oops mode: Zero based, Oop shift amount: 3
Narrow klass base: 0x0000000800000000, Narrow klass shift: 0
Compressed class space size: 1073741824 Address: 0x0000000800000000

Heap:
 garbage-first heap   total 313344K, used 35545K [0x0000000601600000, 0x0000000800000000)
  region size 2048K, 4 young (8192K), 3 survivors (6144K)
 Metaspace       used 26798K, capacity 27209K, committed 27264K, reserved 1073152K
  class space    used 3007K, capacity 3164K, committed 3200K, reserved 1048576K
Heap Regions: E=young(eden), S=young(survivor), O=old, HS=humongous(starts), HC=humongous(continues), CS=collection set, F=free, A=archive, TAMS=top-at-mark-start (previous, next)
|   0|0x0000000601600000, 0x00000006017fe240, 0x0000000601800000| 99%| O|  |TAMS 0x0000000601600000, 0x0000000601600000| Untracked 
|   1|0x0000000601800000, 0x00000006019fb238, 0x0000000601a00000| 99%| O|  |TAMS 0x0000000601800000, 0x0000000601800000| Untracked 
|   2|0x0000000601a00000, 0x0000000601bfff60, 0x0000000601c00000| 99%| O|  |TAMS 0x0000000601a00000, 0x0000000601a00000| Untracked 
|   3|0x0000000601c00000, 0x0000000601dffe50, 0x0000000601e00000| 99%| O|  |TAMS 0x0000000601c00000, 0x0000000601c00000| Untracked 
|   4|0x0000000601e00000, 0x0000000601ff3730, 0x0000000602000000| 97%| O|  |TAMS 0x0000000601e00000, 0x0000000601e00000| Untracked 
|   5|0x0000000602000000, 0x0000000602200000, 0x0000000602200000|100%| O|  |TAMS 0x0000000602000000, 0x0000000602000000| Untracked 
|   6|0x0000000602200000, 0x00000006023e98b8, 0x0000000602400000| 95%| O|  |TAMS 0x0000000602200000, 0x0000000602200000| Untracked 
|   7|0x0000000602400000, 0x00000006025fe968, 0x0000000602600000| 99%| O|  |TAMS 0x0000000602400000, 0x0000000602400000| Untracked 
|   8|0x0000000602600000, 0x00000006027ffe28, 0x0000000602800000| 99%| O|  |TAMS 0x0000000602600000, 0x0000000602600000| Untracked 
|   9|0x0000000602800000, 0x00000006029fffc8, 0x0000000602a00000| 99%| O|  |TAMS 0x0000000602800000, 0x0000000602800000| Untracked 
|  10|0x0000000602a00000, 0x0000000602bfef30, 0x0000000602c00000| 99%| O|  |TAMS 0x0000000602a00000, 0x0000000602a00000| Untracked 
|  11|0x0000000602c00000, 0x0000000602dffff8, 0x0000000602e00000| 99%| O|  |TAMS 0x0000000602c00000, 0x0000000602c00000| Untracked 
|  12|0x0000000602e00000, 0x0000000602ffffd8, 0x0000000603000000| 99%| O|  |TAMS 0x0000000602e00000, 0x0000000602e00000| Untracked 
|  13|0x0000000603000000, 0x0000000603110140, 0x0000000603200000| 53%| O|  |TAMS 0x0000000603000000, 0x0000000603000000| Untracked 
|  14|0x0000000603200000, 0x0000000603207800, 0x0000000603400000|  1%| O|  |TAMS 0x0000000603200000, 0x0000000603200000| Untracked 
|  15|0x0000000603400000, 0x0000000603400000, 0x0000000603600000|  0%| F|  |TAMS 0x0000000603400000, 0x0000000603400000| Untracked 
|  16|0x0000000603600000, 0x0000000603600000, 0x0000000603800000|  0%| F|  |TAMS 0x0000000603600000, 0x0000000603600000| Untracked 
|  17|0x0000000603800000, 0x0000000603800000, 0x0000000603a00000|  0%| F|  |TAMS 0x0000000603800000, 0x0000000603800000| Untracked 
|  18|0x0000000603a00000, 0x0000000603bcb4a8, 0x0000000603c00000| 89%| O|  |TAMS 0x0000000603a00000, 0x0000000603a00000| Untracked 
|  19|0x0000000603c00000, 0x0000000603c00000, 0x0000000603e00000|  0%| F|  |TAMS 0x0000000603c00000, 0x0000000603c00000| Untracked 
|  20|0x0000000603e00000, 0x0000000603e00000, 0x0000000604000000|  0%| F|  |TAMS 0x0000000603e00000, 0x0000000603e00000| Untracked 
|  21|0x0000000604000000, 0x0000000604000000, 0x0000000604200000|  0%| F|  |TAMS 0x0000000604000000, 0x0000000604000000| Untracked 
|  22|0x0000000604200000, 0x0000000604200000, 0x0000000604400000|  0%| F|  |TAMS 0x0000000604200000, 0x0000000604200000| Untracked 
|  23|0x0000000604400000, 0x0000000604400000, 0x0000000604600000|  0%| F|  |TAMS 0x0000000604400000, 0x0000000604400000| Untracked 
|  24|0x0000000604600000, 0x0000000604600000, 0x0000000604800000|  0%| F|  |TAMS 0x0000000604600000, 0x0000000604600000| Untracked 
|  25|0x0000000604800000, 0x0000000604800000, 0x0000000604a00000|  0%| F|  |TAMS 0x0000000604800000, 0x0000000604800000| Untracked 
|  26|0x0000000604a00000, 0x0000000604a00000, 0x0000000604c00000|  0%| F|  |TAMS 0x0000000604a00000, 0x0000000604a00000| Untracked 
|  27|0x0000000604c00000, 0x0000000604e00000, 0x0000000604e00000|100%| S|CS|TAMS 0x0000000604c00000, 0x0000000604c00000| Complete 
|  28|0x0000000604e00000, 0x0000000605000000, 0x0000000605000000|100%| S|CS|TAMS 0x0000000604e00000, 0x0000000604e00000| Complete 
|  29|0x0000000605000000, 0x0000000605200000, 0x0000000605200000|100%| S|CS|TAMS 0x0000000605000000, 0x0000000605000000| Complete 
|  30|0x0000000605200000, 0x0000000605200000, 0x0000000605400000|  0%| F|  |TAMS 0x0000000605200000, 0x0000000605200000| Untracked 
|  31|0x0000000605400000, 0x0000000605400000, 0x0000000605600000|  0%| F|  |TAMS 0x0000000605400000, 0x0000000605400000| Untracked 
|  32|0x0000000605600000, 0x0000000605600000, 0x0000000605800000|  0%| F|  |TAMS 0x0000000605600000, 0x0000000605600000| Untracked 
|  33|0x0000000605800000, 0x0000000605800000, 0x0000000605a00000|  0%| F|  |TAMS 0x0000000605800000, 0x0000000605800000| Untracked 
|  34|0x0000000605a00000, 0x0000000605a00000, 0x0000000605c00000|  0%| F|  |TAMS 0x0000000605a00000, 0x0000000605a00000| Untracked 
|  35|0x0000000605c00000, 0x0000000605c00000, 0x0000000605e00000|  0%| F|  |TAMS 0x0000000605c00000, 0x0000000605c00000| Untracked 
|  36|0x0000000605e00000, 0x0000000605e00000, 0x0000000606000000|  0%| F|  |TAMS 0x0000000605e00000, 0x0000000605e00000| Untracked 
|  37|0x0000000606000000, 0x0000000606000000, 0x0000000606200000|  0%| F|  |TAMS 0x0000000606000000, 0x0000000606000000| Untracked 
|  38|0x0000000606200000, 0x0000000606200000, 0x0000000606400000|  0%| F|  |TAMS 0x0000000606200000, 0x0000000606200000| Untracked 
|  39|0x0000000606400000, 0x0000000606400000, 0x0000000606600000|  0%| F|  |TAMS 0x0000000606400000, 0x0000000606400000| Untracked 
|  40|0x0000000606600000, 0x0000000606600000, 0x0000000606800000|  0%| F|  |TAMS 0x0000000606600000, 0x0000000606600000| Untracked 
|  41|0x0000000606800000, 0x0000000606800000, 0x0000000606a00000|  0%| F|  |TAMS 0x0000000606800000, 0x0000000606800000| Untracked 
|  42|0x0000000606a00000, 0x0000000606a00000, 0x0000000606c00000|  0%| F|  |TAMS 0x0000000606a00000, 0x0000000606a00000| Untracked 
|  43|0x0000000606c00000, 0x0000000606c00000, 0x0000000606e00000|  0%| F|  |TAMS 0x0000000606c00000, 0x0000000606c00000| Untracked 
|  44|0x0000000606e00000, 0x0000000606e00000, 0x0000000607000000|  0%| F|  |TAMS 0x0000000606e00000, 0x0000000606e00000| Untracked 
|  45|0x0000000607000000, 0x0000000607000000, 0x0000000607200000|  0%| F|  |TAMS 0x0000000607000000, 0x0000000607000000| Untracked 
|  46|0x0000000607200000, 0x0000000607200000, 0x0000000607400000|  0%| F|  |TAMS 0x0000000607200000, 0x0000000607200000| Untracked 
|  47|0x0000000607400000, 0x0000000607400000, 0x0000000607600000|  0%| F|  |TAMS 0x0000000607400000, 0x0000000607400000| Untracked 
|  48|0x0000000607600000, 0x0000000607600000, 0x0000000607800000|  0%| F|  |TAMS 0x0000000607600000, 0x0000000607600000| Untracked 
|  49|0x0000000607800000, 0x0000000607800000, 0x0000000607a00000|  0%| F|  |TAMS 0x0000000607800000, 0x0000000607800000| Untracked 
|  50|0x0000000607a00000, 0x0000000607a00000, 0x0000000607c00000|  0%| F|  |TAMS 0x0000000607a00000, 0x0000000607a00000| Untracked 
|  51|0x0000000607c00000, 0x0000000607c00000, 0x0000000607e00000|  0%| F|  |TAMS 0x0000000607c00000, 0x0000000607c00000| Untracked 
|  52|0x0000000607e00000, 0x0000000607e00000, 0x0000000608000000|  0%| F|  |TAMS 0x0000000607e00000, 0x0000000607e00000| Untracked 
|  53|0x0000000608000000, 0x0000000608000000, 0x0000000608200000|  0%| F|  |TAMS 0x0000000608000000, 0x0000000608000000| Untracked 
|  54|0x0000000608200000, 0x0000000608200000, 0x0000000608400000|  0%| F|  |TAMS 0x0000000608200000, 0x0000000608200000| Untracked 
|  55|0x0000000608400000, 0x0000000608400000, 0x0000000608600000|  0%| F|  |TAMS 0x0000000608400000, 0x0000000608400000| Untracked 
|  56|0x0000000608600000, 0x0000000608600000, 0x0000000608800000|  0%| F|  |TAMS 0x0000000608600000, 0x0000000608600000| Untracked 
|  57|0x0000000608800000, 0x0000000608800000, 0x0000000608a00000|  0%| F|  |TAMS 0x0000000608800000, 0x0000000608800000| Untracked 
|  58|0x0000000608a00000, 0x0000000608a00000, 0x0000000608c00000|  0%| F|  |TAMS 0x0000000608a00000, 0x0000000608a00000| Untracked 
|  59|0x0000000608c00000, 0x0000000608c00000, 0x0000000608e00000|  0%| F|  |TAMS 0x0000000608c00000, 0x0000000608c00000| Untracked 
|  60|0x0000000608e00000, 0x0000000608e00000, 0x0000000609000000|  0%| F|  |TAMS 0x0000000608e00000, 0x0000000608e00000| Untracked 
|  61|0x0000000609000000, 0x0000000609000000, 0x0000000609200000|  0%| F|  |TAMS 0x0000000609000000, 0x0000000609000000| Untracked 
|  62|0x0000000609200000, 0x0000000609200000, 0x0000000609400000|  0%| F|  |TAMS 0x0000000609200000, 0x0000000609200000| Untracked 
|  63|0x0000000609400000, 0x0000000609400000, 0x0000000609600000|  0%| F|  |TAMS 0x0000000609400000, 0x0000000609400000| Untracked 
|  64|0x0000000609600000, 0x0000000609600000, 0x0000000609800000|  0%| F|  |TAMS 0x0000000609600000, 0x0000000609600000| Untracked 
|  65|0x0000000609800000, 0x0000000609800000, 0x0000000609a00000|  0%| F|  |TAMS 0x0000000609800000, 0x0000000609800000| Untracked 
|  66|0x0000000609a00000, 0x0000000609a00000, 0x0000000609c00000|  0%| F|  |TAMS 0x0000000609a00000, 0x0000000609a00000| Untracked 
|  67|0x0000000609c00000, 0x0000000609c00000, 0x0000000609e00000|  0%| F|  |TAMS 0x0000000609c00000, 0x0000000609c00000| Untracked 
|  68|0x0000000609e00000, 0x0000000609e00000, 0x000000060a000000|  0%| F|  |TAMS 0x0000000609e00000, 0x0000000609e00000| Untracked 
|  69|0x000000060a000000, 0x000000060a000000, 0x000000060a200000|  0%| F|  |TAMS 0x000000060a000000, 0x000000060a000000| Untracked 
|  70|0x000000060a200000, 0x000000060a200000, 0x000000060a400000|  0%| F|  |TAMS 0x000000060a200000, 0x000000060a200000| Untracked 
|  71|0x000000060a400000, 0x000000060a400000, 0x000000060a600000|  0%| F|  |TAMS 0x000000060a400000, 0x000000060a400000| Untracked 
|  72|0x000000060a600000, 0x000000060a600000, 0x000000060a800000|  0%| F|  |TAMS 0x000000060a600000, 0x000000060a600000| Untracked 
|  73|0x000000060a800000, 0x000000060a800000, 0x000000060aa00000|  0%| F|  |TAMS 0x000000060a800000, 0x000000060a800000| Untracked 
|  74|0x000000060aa00000, 0x000000060aa00000, 0x000000060ac00000|  0%| F|  |TAMS 0x000000060aa00000, 0x000000060aa00000| Untracked 
|  75|0x000000060ac00000, 0x000000060ac00000, 0x000000060ae00000|  0%| F|  |TAMS 0x000000060ac00000, 0x000000060ac00000| Untracked 
|  76|0x000000060ae00000, 0x000000060ae00000, 0x000000060b000000|  0%| F|  |TAMS 0x000000060ae00000, 0x000000060ae00000| Untracked 
|  77|0x000000060b000000, 0x000000060b000000, 0x000000060b200000|  0%| F|  |TAMS 0x000000060b000000, 0x000000060b000000| Untracked 
|  78|0x000000060b200000, 0x000000060b200000, 0x000000060b400000|  0%| F|  |TAMS 0x000000060b200000, 0x000000060b200000| Untracked 
|  79|0x000000060b400000, 0x000000060b400000, 0x000000060b600000|  0%| F|  |TAMS 0x000000060b400000, 0x000000060b400000| Untracked 
|  80|0x000000060b600000, 0x000000060b600000, 0x000000060b800000|  0%| F|  |TAMS 0x000000060b600000, 0x000000060b600000| Untracked 
|  81|0x000000060b800000, 0x000000060b800000, 0x000000060ba00000|  0%| F|  |TAMS 0x000000060b800000, 0x000000060b800000| Untracked 
|  82|0x000000060ba00000, 0x000000060ba00000, 0x000000060bc00000|  0%| F|  |TAMS 0x000000060ba00000, 0x000000060ba00000| Untracked 
|  83|0x000000060bc00000, 0x000000060bc00000, 0x000000060be00000|  0%| F|  |TAMS 0x000000060bc00000, 0x000000060bc00000| Untracked 
|  84|0x000000060be00000, 0x000000060be00000, 0x000000060c000000|  0%| F|  |TAMS 0x000000060be00000, 0x000000060be00000| Untracked 
|  85|0x000000060c000000, 0x000000060c000000, 0x000000060c200000|  0%| F|  |TAMS 0x000000060c000000, 0x000000060c000000| Untracked 
|  86|0x000000060c200000, 0x000000060c200000, 0x000000060c400000|  0%| F|  |TAMS 0x000000060c200000, 0x000000060c200000| Untracked 
|  87|0x000000060c400000, 0x000000060c400000, 0x000000060c600000|  0%| F|  |TAMS 0x000000060c400000, 0x000000060c400000| Untracked 
|  88|0x000000060c600000, 0x000000060c600000, 0x000000060c800000|  0%| F|  |TAMS 0x000000060c600000, 0x000000060c600000| Untracked 
|  89|0x000000060c800000, 0x000000060c800000, 0x000000060ca00000|  0%| F|  |TAMS 0x000000060c800000, 0x000000060c800000| Untracked 
|  90|0x000000060ca00000, 0x000000060ca00000, 0x000000060cc00000|  0%| F|  |TAMS 0x000000060ca00000, 0x000000060ca00000| Untracked 
|  91|0x000000060cc00000, 0x000000060cc00000, 0x000000060ce00000|  0%| F|  |TAMS 0x000000060cc00000, 0x000000060cc00000| Untracked 
|  92|0x000000060ce00000, 0x000000060ce00000, 0x000000060d000000|  0%| F|  |TAMS 0x000000060ce00000, 0x000000060ce00000| Untracked 
|  93|0x000000060d000000, 0x000000060d000000, 0x000000060d200000|  0%| F|  |TAMS 0x000000060d000000, 0x000000060d000000| Untracked 
|  94|0x000000060d200000, 0x000000060d200000, 0x000000060d400000|  0%| F|  |TAMS 0x000000060d200000, 0x000000060d200000| Untracked 
|  95|0x000000060d400000, 0x000000060d400000, 0x000000060d600000|  0%| F|  |TAMS 0x000000060d400000, 0x000000060d400000| Untracked 
|  96|0x000000060d600000, 0x000000060d600000, 0x000000060d800000|  0%| F|  |TAMS 0x000000060d600000, 0x000000060d600000| Untracked 
|  97|0x000000060d800000, 0x000000060d800000, 0x000000060da00000|  0%| F|  |TAMS 0x000000060d800000, 0x000000060d800000| Untracked 
|  98|0x000000060da00000, 0x000000060da00000, 0x000000060dc00000|  0%| F|  |TAMS 0x000000060da00000, 0x000000060da00000| Untracked 
|  99|0x000000060dc00000, 0x000000060dc00000, 0x000000060de00000|  0%| F|  |TAMS 0x000000060dc00000, 0x000000060dc00000| Untracked 
| 100|0x000000060de00000, 0x000000060de00000, 0x000000060e000000|  0%| F|  |TAMS 0x000000060de00000, 0x000000060de00000| Untracked 
| 101|0x000000060e000000, 0x000000060e000000, 0x000000060e200000|  0%| F|  |TAMS 0x000000060e000000, 0x000000060e000000| Untracked 
| 102|0x000000060e200000, 0x000000060e200000, 0x000000060e400000|  0%| F|  |TAMS 0x000000060e200000, 0x000000060e200000| Untracked 
| 103|0x000000060e400000, 0x000000060e400000, 0x000000060e600000|  0%| F|  |TAMS 0x000000060e400000, 0x000000060e400000| Untracked 
| 104|0x000000060e600000, 0x000000060e600000, 0x000000060e800000|  0%| F|  |TAMS 0x000000060e600000, 0x000000060e600000| Untracked 
| 105|0x000000060e800000, 0x000000060e800000, 0x000000060ea00000|  0%| F|  |TAMS 0x000000060e800000, 0x000000060e800000| Untracked 
| 106|0x000000060ea00000, 0x000000060ea00000, 0x000000060ec00000|  0%| F|  |TAMS 0x000000060ea00000, 0x000000060ea00000| Untracked 
| 107|0x000000060ec00000, 0x000000060ec00000, 0x000000060ee00000|  0%| F|  |TAMS 0x000000060ec00000, 0x000000060ec00000| Untracked 
| 108|0x000000060ee00000, 0x000000060ee00000, 0x000000060f000000|  0%| F|  |TAMS 0x000000060ee00000, 0x000000060ee00000| Untracked 
| 109|0x000000060f000000, 0x000000060f000000, 0x000000060f200000|  0%| F|  |TAMS 0x000000060f000000, 0x000000060f000000| Untracked 
| 110|0x000000060f200000, 0x000000060f200000, 0x000000060f400000|  0%| F|  |TAMS 0x000000060f200000, 0x000000060f200000| Untracked 
| 111|0x000000060f400000, 0x000000060f400000, 0x000000060f600000|  0%| F|  |TAMS 0x000000060f400000, 0x000000060f400000| Untracked 
| 112|0x000000060f600000, 0x000000060f600000, 0x000000060f800000|  0%| F|  |TAMS 0x000000060f600000, 0x000000060f600000| Untracked 
| 113|0x000000060f800000, 0x000000060f800000, 0x000000060fa00000|  0%| F|  |TAMS 0x000000060f800000, 0x000000060f800000| Untracked 
| 114|0x000000060fa00000, 0x000000060fa00000, 0x000000060fc00000|  0%| F|  |TAMS 0x000000060fa00000, 0x000000060fa00000| Untracked 
| 115|0x000000060fc00000, 0x000000060fc00000, 0x000000060fe00000|  0%| F|  |TAMS 0x000000060fc00000, 0x000000060fc00000| Untracked 
| 116|0x000000060fe00000, 0x000000060fe00000, 0x0000000610000000|  0%| F|  |TAMS 0x000000060fe00000, 0x000000060fe00000| Untracked 
| 117|0x0000000610000000, 0x0000000610000000, 0x0000000610200000|  0%| F|  |TAMS 0x0000000610000000, 0x0000000610000000| Untracked 
| 118|0x0000000610200000, 0x0000000610200000, 0x0000000610400000|  0%| F|  |TAMS 0x0000000610200000, 0x0000000610200000| Untracked 
| 119|0x0000000610400000, 0x0000000610400000, 0x0000000610600000|  0%| F|  |TAMS 0x0000000610400000, 0x0000000610400000| Untracked 
| 120|0x0000000610600000, 0x0000000610600000, 0x0000000610800000|  0%| F|  |TAMS 0x0000000610600000, 0x0000000610600000| Untracked 
| 121|0x0000000610800000, 0x0000000610800000, 0x0000000610a00000|  0%| F|  |TAMS 0x0000000610800000, 0x0000000610800000| Untracked 
| 122|0x0000000610a00000, 0x0000000610a00000, 0x0000000610c00000|  0%| F|  |TAMS 0x0000000610a00000, 0x0000000610a00000| Untracked 
| 123|0x0000000610c00000, 0x0000000610c00000, 0x0000000610e00000|  0%| F|  |TAMS 0x0000000610c00000, 0x0000000610c00000| Untracked 
| 124|0x0000000610e00000, 0x0000000610e00000, 0x0000000611000000|  0%| F|  |TAMS 0x0000000610e00000, 0x0000000610e00000| Untracked 
| 125|0x0000000611000000, 0x0000000611000000, 0x0000000611200000|  0%| F|  |TAMS 0x0000000611000000, 0x0000000611000000| Untracked 
| 126|0x0000000611200000, 0x0000000611200000, 0x0000000611400000|  0%| F|  |TAMS 0x0000000611200000, 0x0000000611200000| Untracked 
| 127|0x0000000611400000, 0x0000000611400000, 0x0000000611600000|  0%| F|  |TAMS 0x0000000611400000, 0x0000000611400000| Untracked 
| 128|0x0000000611600000, 0x0000000611600000, 0x0000000611800000|  0%| F|  |TAMS 0x0000000611600000, 0x0000000611600000| Untracked 
| 129|0x0000000611800000, 0x0000000611800000, 0x0000000611a00000|  0%| F|  |TAMS 0x0000000611800000, 0x0000000611800000| Untracked 
| 130|0x0000000611a00000, 0x0000000611a00000, 0x0000000611c00000|  0%| F|  |TAMS 0x0000000611a00000, 0x0000000611a00000| Untracked 
| 131|0x0000000611c00000, 0x0000000611c00000, 0x0000000611e00000|  0%| F|  |TAMS 0x0000000611c00000, 0x0000000611c00000| Untracked 
| 132|0x0000000611e00000, 0x0000000611e00000, 0x0000000612000000|  0%| F|  |TAMS 0x0000000611e00000, 0x0000000611e00000| Untracked 
| 133|0x0000000612000000, 0x0000000612000000, 0x0000000612200000|  0%| F|  |TAMS 0x0000000612000000, 0x0000000612000000| Untracked 
| 134|0x0000000612200000, 0x0000000612200000, 0x0000000612400000|  0%| F|  |TAMS 0x0000000612200000, 0x0000000612200000| Untracked 
| 135|0x0000000612400000, 0x0000000612400000, 0x0000000612600000|  0%| F|  |TAMS 0x0000000612400000, 0x0000000612400000| Untracked 
| 136|0x0000000612600000, 0x0000000612600000, 0x0000000612800000|  0%| F|  |TAMS 0x0000000612600000, 0x0000000612600000| Untracked 
| 137|0x0000000612800000, 0x0000000612800000, 0x0000000612a00000|  0%| F|  |TAMS 0x0000000612800000, 0x0000000612800000| Untracked 
| 138|0x0000000612a00000, 0x0000000612a00000, 0x0000000612c00000|  0%| F|  |TAMS 0x0000000612a00000, 0x0000000612a00000| Untracked 
| 139|0x0000000612c00000, 0x0000000612c00000, 0x0000000612e00000|  0%| F|  |TAMS 0x0000000612c00000, 0x0000000612c00000| Untracked 
| 140|0x0000000612e00000, 0x0000000612e00000, 0x0000000613000000|  0%| F|  |TAMS 0x0000000612e00000, 0x0000000612e00000| Untracked 
| 141|0x0000000613000000, 0x0000000613000000, 0x0000000613200000|  0%| F|  |TAMS 0x0000000613000000, 0x0000000613000000| Untracked 
| 142|0x0000000613200000, 0x0000000613200000, 0x0000000613400000|  0%| F|  |TAMS 0x0000000613200000, 0x0000000613200000| Untracked 
| 143|0x0000000613400000, 0x0000000613400000, 0x0000000613600000|  0%| F|  |TAMS 0x0000000613400000, 0x0000000613400000| Untracked 
| 144|0x0000000613600000, 0x0000000613600000, 0x0000000613800000|  0%| F|  |TAMS 0x0000000613600000, 0x0000000613600000| Untracked 
| 145|0x0000000613800000, 0x0000000613800000, 0x0000000613a00000|  0%| F|  |TAMS 0x0000000613800000, 0x0000000613800000| Untracked 
| 146|0x0000000613a00000, 0x0000000613a00000, 0x0000000613c00000|  0%| F|  |TAMS 0x0000000613a00000, 0x0000000613a00000| Untracked 
| 147|0x0000000613c00000, 0x0000000613c00000, 0x0000000613e00000|  0%| F|  |TAMS 0x0000000613c00000, 0x0000000613c00000| Untracked 
| 148|0x0000000613e00000, 0x0000000613e00000, 0x0000000614000000|  0%| F|  |TAMS 0x0000000613e00000, 0x0000000613e00000| Untracked 
| 149|0x0000000614000000, 0x0000000614000000, 0x0000000614200000|  0%| F|  |TAMS 0x0000000614000000, 0x0000000614000000| Untracked 
| 150|0x0000000614200000, 0x0000000614200000, 0x0000000614400000|  0%| F|  |TAMS 0x0000000614200000, 0x0000000614200000| Untracked 
| 151|0x0000000614400000, 0x0000000614400000, 0x0000000614600000|  0%| F|  |TAMS 0x0000000614400000, 0x0000000614400000| Untracked 
| 152|0x0000000614600000, 0x00000006147bdb68, 0x0000000614800000| 87%| E|  |TAMS 0x0000000614600000, 0x0000000614600000| Complete 

Card table byte_map: [0x0000014171ce0000,0x0000014172ce0000] _byte_map_base: 0x000001416ecd5000

Marking Bits (Prev, Next): (CMBitMap*) 0x0000014151f9ac28, (CMBitMap*) 0x0000014151f9ac60
 Prev Bits: [0x0000014173ce0000, 0x000001417bc88000)
 Next Bits: [0x0000014100000000, 0x0000014107fa8000)

Polling page: 0x0000014152e40000

Metaspace:

Usage:
  Non-class:     23.48 MB capacity,    23.23 MB ( 99%) used,   211.97 KB ( <1%) free+waste,    42.00 KB ( <1%) overhead. 
      Class:      3.09 MB capacity,     2.94 MB ( 95%) used,   138.55 KB (  4%) free+waste,    17.94 KB ( <1%) overhead. 
       Both:     26.57 MB capacity,    26.17 MB ( 98%) used,   350.52 KB (  1%) free+waste,    59.94 KB ( <1%) overhead. 

Virtual space:
  Non-class space:       24.00 MB reserved,      23.50 MB ( 98%) committed 
      Class space:        1.00 GB reserved,       3.13 MB ( <1%) committed 
             Both:        1.02 GB reserved,      26.63 MB (  3%) committed 

Chunk freelists:
   Non-Class:  19.00 KB
       Class:  4.00 KB
        Both:  23.00 KB

MaxMetaspaceSize: 17179869184.00 GB
CompressedClassSpaceSize: 1.00 GB
Initial GC threshold: 20.80 MB
Current GC threshold: 38.34 MB
CDS: off

CodeHeap 'non-profiled nmethods': size=119168Kb used=1963Kb max_used=1963Kb free=117204Kb
 bounds [0x0000014169880000, 0x0000014169af0000, 0x0000014170ce0000]
CodeHeap 'profiled nmethods': size=119168Kb used=6527Kb max_used=6527Kb free=112640Kb
 bounds [0x0000014162420000, 0x0000014162a80000, 0x0000014169880000]
CodeHeap 'non-nmethods': size=7424Kb used=2951Kb max_used=2951Kb free=4472Kb
 bounds [0x0000014161ce0000, 0x0000014161fd0000, 0x0000014162420000]
 total_blobs=3392 nmethods=2909 adapters=382
 compilation: enabled
              stopped_count=0, restarted_count=0
 full_count=0

Compilation events (20 events):
Event: 1.966 Thread 0x0000014151bbf800 2457       3       java.lang.Package::<init> (47 bytes)
Event: 1.966 Thread 0x0000014151bbe000 2458       3       java.lang.Package$VersionInfo::getInstance (53 bytes)
Event: 1.967 Thread 0x0000014151bbe000 nmethod 2458 0x0000014162980890 code [0x0000014162980a60, 0x0000014162980e08]
Event: 1.967 Thread 0x0000014151bbf800 nmethod 2457 0x0000014162980f10 code [0x0000014162981100, 0x0000014162981568]
Event: 1.968 Thread 0x0000014151bc2000 2459       4       sun.net.www.ParseUtil::firstEncodeIndex (86 bytes)
Event: 1.976 Thread 0x0000014151bc2000 nmethod 2459 0x0000014169a23190 code [0x0000014169a23340, 0x0000014169a23738]
Event: 1.980 Thread 0x0000014151bc6800 nmethod 2397 0x0000014169a23910 code [0x0000014169a23ca0, 0x0000014169a26a98]
Event: 2.003 Thread 0x0000014151bbe800 2460       3       java.util.Arrays$ArrayList::size (6 bytes)
Event: 2.003 Thread 0x0000014151bbe800 nmethod 2460 0x0000014162981790 code [0x0000014162981940, 0x0000014162981a58]
Event: 2.004 Thread 0x0000014151bbb800 2461       1       java.net.JarURLConnection::getJarFileURL (5 bytes)
Event: 2.004 Thread 0x0000014151bbb800 nmethod 2461 0x0000014169a28310 code [0x0000014169a284c0, 0x0000014169a28578]
Event: 2.004 Thread 0x0000014151bbe000 2462       3       java.util.Hashtable$Entry::<init> (26 bytes)
Event: 2.004 Thread 0x0000014151bba800 2463   !   4       java.io.BufferedReader::readLine (304 bytes)
Event: 2.005 Thread 0x0000014151bbe000 nmethod 2462 0x0000014162981b10 code [0x0000014162981cc0, 0x0000014162981f58]
Event: 2.019 Thread 0x0000014151bbb800 2464       1       java.lang.invoke.InfoFromMemberName::getReferenceKind (5 bytes)
Event: 2.019 Thread 0x0000014151bbb800 nmethod 2464 0x0000014169a28610 code [0x0000014169a287c0, 0x0000014169a28878]
Event: 2.019 Thread 0x0000014151bc2000 2465       4       jdk.internal.org.objectweb.asm.Item::isEqualTo (354 bytes)
Event: 2.022 Thread 0x0000014151bc2000 nmethod 2465 0x0000014169a28910 code [0x0000014169a28ae0, 0x0000014169a29298]
Event: 2.110 Thread 0x0000014151bb8800 nmethod 2360 0x0000014169a29610 code [0x0000014169a29de0, 0x0000014169a2eb28]
Event: 2.146 Thread 0x0000014151bc3000 nmethod 2359 0x0000014169a31e10 code [0x0000014169a325e0, 0x0000014169a38468]

GC Heap History (18 events):
Event: 0.259 GC heap before
{Heap before GC invocations=0 (full 0):
 garbage-first heap   total 524288K, used 22528K [0x0000000601600000, 0x0000000800000000)
  region size 2048K, 12 young (24576K), 0 survivors (0K)
 Metaspace       used 5996K, capacity 6086K, committed 6144K, reserved 1056768K
  class space    used 465K, capacity 493K, committed 512K, reserved 1048576K
}
Event: 0.263 GC heap after
{Heap after GC invocations=1 (full 0):
 garbage-first heap   total 524288K, used 11365K [0x0000000601600000, 0x0000000800000000)
  region size 2048K, 2 young (4096K), 2 survivors (4096K)
 Metaspace       used 5996K, capacity 6086K, committed 6144K, reserved 1056768K
  class space    used 465K, capacity 493K, committed 512K, reserved 1048576K
}
Event: 0.382 GC heap before
{Heap before GC invocations=1 (full 0):
 garbage-first heap   total 524288K, used 29797K [0x0000000601600000, 0x0000000800000000)
  region size 2048K, 12 young (24576K), 2 survivors (4096K)
 Metaspace       used 7728K, capacity 7792K, committed 7936K, reserved 1056768K
  class space    used 624K, capacity 656K, committed 768K, reserved 1048576K
}
Event: 0.385 GC heap after
{Heap after GC invocations=2 (full 0):
 garbage-first heap   total 524288K, used 19618K [0x0000000601600000, 0x0000000800000000)
  region size 2048K, 2 young (4096K), 2 survivors (4096K)
 Metaspace       used 7728K, capacity 7792K, committed 7936K, reserved 1056768K
  class space    used 624K, capacity 656K, committed 768K, reserved 1048576K
}
Event: 0.680 GC heap before
{Heap before GC invocations=2 (full 0):
 garbage-first heap   total 524288K, used 50338K [0x0000000601600000, 0x0000000800000000)
  region size 2048K, 18 young (36864K), 2 survivors (4096K)
 Metaspace       used 11563K, capacity 11673K, committed 11904K, reserved 1060864K
  class space    used 1003K, capacity 1056K, committed 1152K, reserved 1048576K
}
Event: 0.691 GC heap after
{Heap after GC invocations=3 (full 1):
 garbage-first heap   total 116736K, used 21533K [0x0000000601600000, 0x0000000800000000)
  region size 2048K, 0 young (0K), 0 survivors (0K)
 Metaspace       used 11563K, capacity 11673K, committed 11904K, reserved 1060864K
  class space    used 1003K, capacity 1056K, committed 1152K, reserved 1048576K
}
Event: 0.896 GC heap before
{Heap before GC invocations=3 (full 1):
 garbage-first heap   total 116736K, used 48157K [0x0000000601600000, 0x0000000800000000)
  region size 2048K, 13 young (26624K), 0 survivors (0K)
 Metaspace       used 13797K, capacity 14079K, committed 14336K, reserved 1062912K
  class space    used 1338K, capacity 1410K, committed 1536K, reserved 1048576K
}
Event: 0.897 GC heap after
{Heap after GC invocations=4 (full 1):
 garbage-first heap   total 116736K, used 23271K [0x0000000601600000, 0x0000000800000000)
  region size 2048K, 1 young (2048K), 1 survivors (2048K)
 Metaspace       used 13797K, capacity 14079K, committed 14336K, reserved 1062912K
  class space    used 1338K, capacity 1410K, committed 1536K, reserved 1048576K
}
Event: 1.027 GC heap before
{Heap before GC invocations=4 (full 1):
 garbage-first heap   total 116736K, used 66279K [0x0000000601600000, 0x0000000800000000)
  region size 2048K, 22 young (45056K), 1 survivors (2048K)
 Metaspace       used 15022K, capacity 15281K, committed 15360K, reserved 1062912K
  class space    used 1654K, capacity 1768K, committed 1792K, reserved 1048576K
}
Event: 1.031 GC heap after
{Heap after GC invocations=5 (full 1):
 garbage-first heap   total 116736K, used 27090K [0x0000000601600000, 0x0000000800000000)
  region size 2048K, 3 young (6144K), 3 survivors (6144K)
 Metaspace       used 15022K, capacity 15281K, committed 15360K, reserved 1062912K
  class space    used 1654K, capacity 1768K, committed 1792K, reserved 1048576K
}
Event: 1.082 GC heap before
{Heap before GC invocations=5 (full 1):
 garbage-first heap   total 116736K, used 37330K [0x0000000601600000, 0x0000000800000000)
  region size 2048K, 9 young (18432K), 3 survivors (6144K)
 Metaspace       used 16061K, capacity 16369K, committed 16640K, reserved 1064960K
  class space    used 1850K, capacity 1960K, committed 2048K, reserved 1048576K
}
Event: 1.094 GC heap after
{Heap after GC invocations=6 (full 2):
 garbage-first heap   total 110592K, used 27033K [0x0000000601600000, 0x0000000800000000)
  region size 2048K, 0 young (0K), 0 survivors (0K)
 Metaspace       used 16061K, capacity 16369K, committed 16640K, reserved 1064960K
  class space    used 1850K, capacity 1960K, committed 2048K, reserved 1048576K
}
Event: 1.144 GC heap before
{Heap before GC invocations=6 (full 2):
 garbage-first heap   total 110592K, used 35225K [0x0000000601600000, 0x0000000800000000)
  region size 2048K, 5 young (10240K), 0 survivors (0K)
 Metaspace       used 16869K, capacity 17190K, committed 17280K, reserved 1064960K
  class space    used 1978K, capacity 2108K, committed 2176K, reserved 1048576K
}
Event: 1.158 GC heap after
{Heap after GC invocations=7 (full 3):
 garbage-first heap   total 102400K, used 27258K [0x0000000601600000, 0x0000000800000000)
  region size 2048K, 0 young (0K), 0 survivors (0K)
 Metaspace       used 16869K, capacity 17190K, committed 17280K, reserved 1064960K
  class space    used 1978K, capacity 2108K, committed 2176K, reserved 1048576K
}
Event: 2.023 GC heap before
{Heap before GC invocations=7 (full 3):
 garbage-first heap   total 102400K, used 64122K [0x0000000601600000, 0x0000000800000000)
  region size 2048K, 19 young (38912K), 0 survivors (0K)
 Metaspace       used 22852K, capacity 23230K, committed 23552K, reserved 1071104K
  class space    used 2588K, capacity 2735K, committed 2816K, reserved 1048576K
}
Event: 2.026 GC heap after
{Heap after GC invocations=8 (full 3):
 garbage-first heap   total 102400K, used 30198K [0x0000000601600000, 0x0000000800000000)
  region size 2048K, 2 young (4096K), 2 survivors (4096K)
 Metaspace       used 22852K, capacity 23230K, committed 23552K, reserved 1071104K
  class space    used 2588K, capacity 2735K, committed 2816K, reserved 1048576K
}
Event: 2.125 GC heap before
{Heap before GC invocations=8 (full 3):
 garbage-first heap   total 102400K, used 30198K [0x0000000601600000, 0x0000000800000000)
  region size 2048K, 3 young (6144K), 2 survivors (4096K)
 Metaspace       used 22855K, capacity 23230K, committed 23552K, reserved 1071104K
  class space    used 2589K, capacity 2735K, committed 2816K, reserved 1048576K
}
Event: 2.145 GC heap after
{Heap after GC invocations=9 (full 4):
 garbage-first heap   total 102400K, used 29371K [0x0000000601600000, 0x0000000800000000)
  region size 2048K, 0 young (0K), 0 survivors (0K)
 Metaspace       used 22855K, capacity 23230K, committed 23552K, reserved 1071104K
  class space    used 2589K, capacity 2735K, committed 2816K, reserved 1048576K
}

Deoptimization events (20 events):
Event: 1.833 Thread 0x000001415900d000 DEOPT PACKING pc=0x000001416999ae68 sp=0x00000021b3798760
Event: 1.833 Thread 0x000001415900d000 DEOPT UNPACKING pc=0x0000014161d2a1af sp=0x00000021b3798688 mode 2
Event: 1.834 Thread 0x000001415900d000 Uncommon trap: trap_request=0xffffff76 fr.pc=0x0000014169892eb8 relative=0x0000000000000198
Event: 1.834 Thread 0x000001415900d000 Uncommon trap: reason=loop_limit_check action=maybe_recompile pc=0x0000014169892eb8 method=java.lang.StringLatin1.lastIndexOf([BII)I @ 19 c2
Event: 1.834 Thread 0x000001415900d000 DEOPT PACKING pc=0x0000014169892eb8 sp=0x00000021b3797c50
Event: 1.834 Thread 0x000001415900d000 DEOPT UNPACKING pc=0x0000014161d2a1af sp=0x00000021b3797be8 mode 2
Event: 1.834 Thread 0x000001415900d000 Uncommon trap: trap_request=0xffffff76 fr.pc=0x000001416989a70c relative=0x00000000000003cc
Event: 1.834 Thread 0x000001415900d000 Uncommon trap: reason=loop_limit_check action=maybe_recompile pc=0x000001416989a70c method=java.lang.StringLatin1.indexOf([BI[BII)I @ 37 c2
Event: 1.834 Thread 0x000001415900d000 DEOPT PACKING pc=0x000001416989a70c sp=0x00000021b37987e0
Event: 1.834 Thread 0x000001415900d000 DEOPT UNPACKING pc=0x0000014161d2a1af sp=0x00000021b3798740 mode 2
Event: 1.838 Thread 0x000001415900d000 DEOPT PACKING pc=0x00000141627c14f8 sp=0x00000021b379a330
Event: 1.838 Thread 0x000001415900d000 DEOPT UNPACKING pc=0x0000014161d2a95e sp=0x00000021b3799838 mode 0
Event: 1.928 Thread 0x000001415900d000 Uncommon trap: trap_request=0xffffff4d fr.pc=0x00000141699a8778 relative=0x00000000000013b8
Event: 1.928 Thread 0x000001415900d000 Uncommon trap: reason=unstable_if action=reinterpret pc=0x00000141699a8778 method=java.util.concurrent.ConcurrentHashMap.addCount(JI)V @ 171 c2
Event: 1.928 Thread 0x000001415900d000 DEOPT PACKING pc=0x00000141699a8778 sp=0x00000021b379a530
Event: 1.928 Thread 0x000001415900d000 DEOPT UNPACKING pc=0x0000014161d2a1af sp=0x00000021b379a3f0 mode 2
Event: 1.929 Thread 0x000001414d3fa000 Uncommon trap: trap_request=0xffffff4d fr.pc=0x0000014169a017f4 relative=0x0000000000001114
Event: 1.929 Thread 0x000001414d3fa000 Uncommon trap: reason=unstable_if action=reinterpret pc=0x0000014169a017f4 method=java.util.concurrent.ConcurrentHashMap.transfer([Ljava/util/concurrent/ConcurrentHashMap$Node;[Ljava/util/concurrent/ConcurrentHashMap$Node;)V @ 273 c2
Event: 1.929 Thread 0x000001414d3fa000 DEOPT PACKING pc=0x0000014169a017f4 sp=0x00000021a99df7f0
Event: 1.929 Thread 0x000001414d3fa000 DEOPT UNPACKING pc=0x0000014161d2a1af sp=0x00000021a99df770 mode 2

Classes redefined (0 events):
No events

Internal exceptions (20 events):
Event: 1.161 Thread 0x000001414d3fa000 Exception <a 'java/lang/ClassNotFoundException'{0x0000000607892238}: org/apache/log4j/PatternLayoutCustomizer> (0x0000000607892238) thrown at [s\src\hotspot\share\classfile\systemDictionary.cpp, line 233]
Event: 1.162 Thread 0x000001414d3fa000 Exception <a 'java/lang/ClassNotFoundException'{0x00000006078c96a8}: org/apache/log4j/ConsoleAppenderBeanInfo> (0x00000006078c96a8) thrown at [s\src\hotspot\share\classfile\systemDictionary.cpp, line 233]
Event: 1.162 Thread 0x000001414d3fa000 Exception <a 'java/lang/ClassNotFoundException'{0x00000006078fb818}: org/apache/log4j/WriterAppenderBeanInfo> (0x00000006078fb818) thrown at [s\src\hotspot\share\classfile\systemDictionary.cpp, line 233]
Event: 1.163 Thread 0x000001414d3fa000 Exception <a 'java/lang/ClassNotFoundException'{0x000000060792d770}: org/apache/log4j/AppenderSkeletonBeanInfo> (0x000000060792d770) thrown at [s\src\hotspot\share\classfile\systemDictionary.cpp, line 233]
Event: 1.163 Thread 0x000001414d3fa000 Exception <a 'java/lang/ClassNotFoundException'{0x0000000607963968}: org/apache/log4j/AppenderSkeletonCustomizer> (0x0000000607963968) thrown at [s\src\hotspot\share\classfile\systemDictionary.cpp, line 233]
Event: 1.164 Thread 0x000001414d3fa000 Exception <a 'java/lang/ClassNotFoundException'{0x00000006079b7e78}: org/apache/log4j/WriterAppenderCustomizer> (0x00000006079b7e78) thrown at [s\src\hotspot\share\classfile\systemDictionary.cpp, line 233]
Event: 1.164 Thread 0x000001414d3fa000 Exception <a 'java/lang/ClassNotFoundException'{0x00000006079f5c68}: org/apache/log4j/ConsoleAppenderCustomizer> (0x00000006079f5c68) thrown at [s\src\hotspot\share\classfile\systemDictionary.cpp, line 233]
Event: 1.166 Thread 0x000001414d3fa000 Exception <a 'java/lang/ClassNotFoundException'{0x0000000607699850}: org/apache/log4j/varia/LevelRangeFilterBeanInfo> (0x0000000607699850) thrown at [s\src\hotspot\share\classfile\systemDictionary.cpp, line 233]
Event: 1.166 Thread 0x000001414d3fa000 Exception <a 'java/lang/ClassNotFoundException'{0x00000006076cb0d0}: org/apache/log4j/spi/FilterBeanInfo> (0x00000006076cb0d0) thrown at [s\src\hotspot\share\classfile\systemDictionary.cpp, line 233]
Event: 1.167 Thread 0x000001414d3fa000 Exception <a 'java/lang/ClassNotFoundException'{0x00000006076fc920}: org/apache/log4j/spi/FilterCustomizer> (0x00000006076fc920) thrown at [s\src\hotspot\share\classfile\systemDictionary.cpp, line 233]
Event: 1.167 Thread 0x000001414d3fa000 Exception <a 'java/lang/ClassNotFoundException'{0x0000000607737300}: org/apache/log4j/varia/LevelRangeFilterCustomizer> (0x0000000607737300) thrown at [s\src\hotspot\share\classfile\systemDictionary.cpp, line 233]
Event: 1.175 Thread 0x000001414d3fa000 Exception <a 'java/lang/NoSuchMethodError'{0x00000006074fa5d0}: 'java.lang.Object java.lang.invoke.DirectMethodHandle$Holder.invokeSpecialIFC(java.lang.Object, java.lang.Object)'> (0x00000006074fa5d0) thrown at [s\src\hotspot\share\interpreter\linkResolver.cpp, line 773]
Event: 1.263 Thread 0x000001414d3fa000 Exception <a 'java/lang/NoSuchMethodError'{0x0000000606bcd1a8}: 'void java.lang.invoke.DirectMethodHandle$Holder.invokeSpecial(java.lang.Object, java.lang.Object)'> (0x0000000606bcd1a8) thrown at [s\src\hotspot\share\interpreter\linkResolver.cpp, line 773]
Event: 1.834 Thread 0x000001415900d000 Exception <a 'java/lang/ClassNotFoundException'{0x0000000606139658}: javax/smartcardio/CardPermission> (0x0000000606139658) thrown at [s\src\hotspot\share\classfile\systemDictionary.cpp, line 233]
Event: 1.837 Thread 0x000001415900d000 Exception <a 'java/io/FileNotFoundException'{0x0000000606148ad0}> (0x0000000606148ad0) thrown at [s\src\hotspot\share\prims\jni.cpp, line 617]
Event: 1.841 Thread 0x000001414d3fa000 Exception <a 'java/lang/NoSuchMethodError'{0x00000006061ac058}: 'java.lang.Object java.lang.invoke.DirectMethodHandle$Holder.invokeStatic(java.lang.Object, java.lang.Object, java.lang.Object, java.lang.Object, java.lang.Object, java.lang.Object, java.lang.Object, java.lang.Object, java.lang.Object, java.lang.Object, java.lang.Object, java.lang.Object, java.lang.Object, java.lang.Object, java.lang.Object)'> (0x00000006061ac058) thrown at [s\src\hotspot\share\interpreter\linkResolver.cpp, line 773]
Event: 1.842 Thread 0x000001414d3fa000 Exception <a 'java/lang/NoSuchMethodError'{0x00000006061b9c08}: 'java.lang.Object java.lang.invoke.DirectMethodHandle$Holder.invokeStatic(java.lang.Object, java.lang.Object, java.lang.Object, java.lang.Object, java.lang.Object, java.lang.Object, java.lang.Object, java.lang.Object, java.lang.Object, java.lang.Object, java.lang.Object, java.lang.Object, java.lang.Object, java.lang.Object, java.lang.Object, java.lang.Object)'> (0x00000006061b9c08) thrown at [s\src\hotspot\share\interpreter\linkResolver.cpp, l
Event: 1.842 Thread 0x000001414d3fa000 Exception <a 'java/lang/NoSuchMethodError'{0x00000006061c7878}: 'java.lang.Object java.lang.invoke.DirectMethodHandle$Holder.invokeSpecial(java.lang.Object, java.lang.Object, int, int, java.lang.Object, java.lang.Object, java.lang.Object)'> (0x00000006061c7878) thrown at [s\src\hotspot\share\interpreter\linkResolver.cpp, line 773]
Event: 1.842 Thread 0x000001414d3fa000 Exception <a 'java/lang/NoSuchMethodError'{0x00000006061cae08}: 'java.lang.Object java.lang.invoke.DelegatingMethodHandle$Holder.reinvoke_L(java.lang.Object, int, int, java.lang.Object, java.lang.Object, java.lang.Object)'> (0x00000006061cae08) thrown at [s\src\hotspot\share\interpreter\linkResolver.cpp, line 773]
Event: 1.843 Thread 0x000001414d3fa000 Exception <a 'java/lang/NoSuchMethodError'{0x00000006061cf190}: 'java.lang.Object java.lang.invoke.DirectMethodHandle$Holder.invokeStatic(java.lang.Object, java.lang.Object, java.lang.Object, java.lang.Object, int)'> (0x00000006061cf190) thrown at [s\src\hotspot\share\interpreter\linkResolver.cpp, line 773]

Events (20 events):
Event: 2.048 Executing VM operation: RevokeBias done
Event: 2.048 loading class org/apache/xerces/impl/dtd/XMLDTDValidator
Event: 2.048 loading class org/apache/xerces/impl/dtd/XMLDTDValidator done
Event: 2.048 Executing VM operation: RevokeBias
Event: 2.063 Executing VM operation: RevokeBias done
Event: 2.063 Executing VM operation: RevokeBias
Event: 2.078 Executing VM operation: RevokeBias done
Event: 2.078 Executing VM operation: RevokeBias
Event: 2.093 Executing VM operation: RevokeBias done
Event: 2.093 Executing VM operation: RevokeBias
Event: 2.109 Executing VM operation: RevokeBias done
Event: 2.109 Executing VM operation: G1CollectFull
Event: 2.146 Executing coalesced safepoint VM operation: RevokeBias
Event: 2.146 Executing coalesced safepoint VM operation: RevokeBias done
Event: 2.146 Executing VM operation: G1CollectFull done
Event: 2.146 loading class net/imglib2/display/ColorTable
Event: 2.146 loading class net/imglib2/display/ColorTable done
Event: 2.146 Executing VM operation: RevokeBias
Event: 2.146 Executing VM operation: RevokeBias done
Event: 2.146 Executing VM operation: RevokeBias


Dynamic libraries:
0x00007ff608220000 - 0x00007ff60823c000 	C:\Users\sakib\anaconda3\envs\pyimagej\python.exe
0x00007ffea9f50000 - 0x00007ffeaa148000 	C:\Windows\SYSTEM32\ntdll.dll
0x00007ffea9360000 - 0x00007ffea9422000 	C:\Windows\System32\KERNEL32.DLL
0x00007ffea79f0000 - 0x00007ffea7ce6000 	C:\Windows\System32\KERNELBASE.dll
0x00007ffea7740000 - 0x00007ffea7840000 	C:\Windows\System32\ucrtbase.dll
0x00007ffde1230000 - 0x00007ffde1788000 	C:\Users\sakib\anaconda3\envs\pyimagej\python39.dll
0x00007ffe5f820000 - 0x00007ffe5f83d000 	C:\Users\sakib\anaconda3\envs\pyimagej\VCRUNTIME140.dll
0x00007ffea99b0000 - 0x00007ffea9a1b000 	C:\Windows\System32\WS2_32.dll
0x00007ffea8000000 - 0x00007ffea8120000 	C:\Windows\System32\RPCRT4.dll
0x00007ffea2240000 - 0x00007ffea224a000 	C:\Windows\SYSTEM32\VERSION.dll
0x00007ffea8a20000 - 0x00007ffea8abe000 	C:\Windows\System32\msvcrt.dll
0x00007ffea9520000 - 0x00007ffea95d1000 	C:\Windows\System32\ADVAPI32.dll
0x00007ffea8c70000 - 0x00007ffea8d0f000 	C:\Windows\System32\sechost.dll
0x00007ffea4720000 - 0x00007ffea473a000 	C:\Users\sakib\anaconda3\envs\pyimagej\zlib.dll
0x00007ffea7910000 - 0x00007ffea7937000 	C:\Windows\System32\bcrypt.dll
0x00007ffea6f70000 - 0x00007ffea6f88000 	C:\Windows\SYSTEM32\CRYPTSP.dll
0x00007ffea65b0000 - 0x00007ffea65e8000 	C:\Windows\system32\rsaenh.dll
0x00007ffea6f60000 - 0x00007ffea6f6c000 	C:\Windows\SYSTEM32\CRYPTBASE.dll
0x00007ffea75e0000 - 0x00007ffea7662000 	C:\Windows\System32\bcryptPrimitives.dll
0x00007ffe6f620000 - 0x00007ffe6f62f000 	C:\Users\sakib\anaconda3\envs\pyimagej\python3.DLL
0x00007ffe5d1f0000 - 0x00007ffe5d200000 	C:\Users\sakib\anaconda3\envs\pyimagej\lib\site-packages\zmq\backend\cython\_device.cp39-win_amd64.pyd
0x00007ffe36fd0000 - 0x00007ffe37043000 	C:\Users\sakib\anaconda3\envs\pyimagej\Library\bin\libzmq-mt-4_3_5.dll
0x00007ffe27990000 - 0x00007ffe27a1d000 	C:\Users\sakib\anaconda3\envs\pyimagej\MSVCP140.dll
0x00007ffea6970000 - 0x00007ffea69ab000 	C:\Windows\SYSTEM32\IPHLPAPI.DLL
0x00007ffe37380000 - 0x00007ffe373cf000 	C:\Users\sakib\anaconda3\envs\pyimagej\Library\bin\libsodium.dll
0x00007ffe5c8e0000 - 0x00007ffe5c8ec000 	C:\Users\sakib\anaconda3\envs\pyimagej\VCRUNTIME140_1.dll
0x00007ffe584d0000 - 0x00007ffe584e3000 	C:\Users\sakib\anaconda3\envs\pyimagej\lib\site-packages\zmq\backend\cython\context.cp39-win_amd64.pyd
0x00007ffe36fa0000 - 0x00007ffe36fc5000 	C:\Users\sakib\anaconda3\envs\pyimagej\lib\site-packages\zmq\backend\cython\socket.cp39-win_amd64.pyd
0x00007ffe371c0000 - 0x00007ffe371d9000 	C:\Users\sakib\anaconda3\envs\pyimagej\lib\site-packages\zmq\backend\cython\message.cp39-win_amd64.pyd
0x00007ffe36f80000 - 0x00007ffe36f93000 	C:\Users\sakib\anaconda3\envs\pyimagej\lib\site-packages\zmq\backend\cython\_poll.cp39-win_amd64.pyd
0x00007ffe5c8d0000 - 0x00007ffe5c8e0000 	C:\Users\sakib\anaconda3\envs\pyimagej\lib\site-packages\zmq\backend\cython\_proxy_steerable.cp39-win_amd64.pyd
0x00007ffe5be20000 - 0x00007ffe5be2c000 	C:\Users\sakib\anaconda3\envs\pyimagej\lib\site-packages\zmq\backend\cython\_version.cp39-win_amd64.pyd
0x00007ffe5b5e0000 - 0x00007ffe5b5ed000 	C:\Users\sakib\anaconda3\envs\pyimagej\lib\site-packages\zmq\backend\cython\error.cp39-win_amd64.pyd
0x00007ffe59640000 - 0x00007ffe5964f000 	C:\Users\sakib\anaconda3\envs\pyimagej\lib\site-packages\zmq\backend\cython\utils.cp39-win_amd64.pyd
0x00007ffe5d3c0000 - 0x00007ffe5d3d7000 	C:\Users\sakib\anaconda3\envs\pyimagej\DLLs\_socket.pyd
0x00007ffe62f60000 - 0x00007ffe62f6a000 	C:\Users\sakib\anaconda3\envs\pyimagej\DLLs\select.pyd
0x00007ffe2ae20000 - 0x00007ffe2ae50000 	C:\Users\sakib\anaconda3\envs\pyimagej\DLLs\_ssl.pyd
0x00007ffea7e10000 - 0x00007ffea7f6d000 	C:\Windows\System32\CRYPT32.dll
0x00007ffe0fbe0000 - 0x00007ffe0fd03000 	C:\Users\sakib\anaconda3\envs\pyimagej\Library\bin\libssl-3-x64.dll
0x00007ffde0c00000 - 0x00007ffde1227000 	C:\Users\sakib\anaconda3\envs\pyimagej\Library\bin\libcrypto-3-x64.dll
0x00007ffea8ac0000 - 0x00007ffea8c61000 	C:\Windows\System32\USER32.dll
0x00007ffea7710000 - 0x00007ffea7732000 	C:\Windows\System32\win32u.dll
0x00007ffea92d0000 - 0x00007ffea92fb000 	C:\Windows\System32\GDI32.dll
0x00007ffea7cf0000 - 0x00007ffea7e09000 	C:\Windows\System32\gdi32full.dll
0x00007ffea7670000 - 0x00007ffea770d000 	C:\Windows\System32\msvcp_win.dll
0x00007ffea9770000 - 0x00007ffea979f000 	C:\Windows\System32\IMM32.DLL
0x00007ffe34710000 - 0x00007ffe34724000 	C:\Users\sakib\anaconda3\envs\pyimagej\DLLs\_asyncio.pyd
0x00007ffe36f70000 - 0x00007ffe36f7e000 	C:\Users\sakib\anaconda3\envs\pyimagej\DLLs\_overlapped.pyd
0x00007ffea6d00000 - 0x00007ffea6d6a000 	C:\Windows\system32\mswsock.dll
0x00007ffe6f470000 - 0x00007ffe6f47b000 	C:\Users\sakib\anaconda3\envs\pyimagej\DLLs\_bz2.pyd
0x00007ffe37400000 - 0x00007ffe37438000 	C:\Users\sakib\anaconda3\envs\pyimagej\Library\bin\LIBBZ2.dll
0x00007ffe6f010000 - 0x00007ffe6f01e000 	C:\Users\sakib\anaconda3\envs\pyimagej\DLLs\_lzma.pyd
0x00007ffe373d0000 - 0x00007ffe373fa000 	C:\Users\sakib\anaconda3\envs\pyimagej\Library\bin\liblzma.dll
0x00007ffe5d200000 - 0x00007ffe5d20a000 	C:\Users\sakib\anaconda3\envs\pyimagej\DLLs\_queue.pyd
0x00007ffe31f20000 - 0x00007ffe31f32000 	C:\Users\sakib\anaconda3\envs\pyimagej\DLLs\_hashlib.pyd
0x00007ffe2ae10000 - 0x00007ffe2ae17000 	C:\Users\sakib\anaconda3\envs\pyimagej\lib\site-packages\tornado\speedups.pyd
0x00007ffe27dc0000 - 0x00007ffe27de5000 	C:\Users\sakib\anaconda3\envs\pyimagej\DLLs\_ctypes.pyd
0x00007ffea8d10000 - 0x00007ffea8e3b000 	C:\Windows\System32\ole32.dll
0x00007ffea8f60000 - 0x00007ffea92b4000 	C:\Windows\System32\combase.dll
0x00007ffea96a0000 - 0x00007ffea976d000 	C:\Windows\System32\OLEAUT32.dll
0x00007ffe37370000 - 0x00007ffe3737c000 	C:\Users\sakib\anaconda3\envs\pyimagej\Library\bin\ffi-8.dll
0x00007ffe34730000 - 0x00007ffe34786000 	C:\Users\sakib\anaconda3\envs\pyimagej\DLLs\_decimal.pyd
0x00007ffe27d90000 - 0x00007ffe27d99000 	C:\Users\sakib\anaconda3\envs\pyimagej\DLLs\_uuid.pyd
0x00007ffe0d720000 - 0x00007ffe0d9f8000 	C:\Users\sakib\anaconda3\envs\pyimagej\lib\site-packages\numpy\core\_multiarray_umath.cp39-win_amd64.pyd
0x00007ffdde630000 - 0x00007ffde0bfb000 	C:\Users\sakib\anaconda3\envs\pyimagej\Library\bin\libcblas.dll
0x00007ffe27d70000 - 0x00007ffe27d84000 	C:\Users\sakib\anaconda3\envs\pyimagej\lib\site-packages\numpy\core\_multiarray_tests.cp39-win_amd64.pyd
0x00007ffe27ca0000 - 0x00007ffe27cbd000 	C:\Users\sakib\anaconda3\envs\pyimagej\lib\site-packages\numpy\linalg\_umath_linalg.cp39-win_amd64.pyd
0x00007ffddc060000 - 0x00007ffdde62b000 	C:\Users\sakib\anaconda3\envs\pyimagej\Library\bin\liblapack.dll
0x00007ffdd9a90000 - 0x00007ffddc05b000 	C:\Users\sakib\anaconda3\envs\pyimagej\Library\bin\libblas.dll
0x00007ffe27c80000 - 0x00007ffe27c9e000 	C:\Users\sakib\anaconda3\envs\pyimagej\lib\site-packages\numpy\fft\_pocketfft_internal.cp39-win_amd64.pyd
0x00007ffe1ce80000 - 0x00007ffe1cf17000 	C:\Users\sakib\anaconda3\envs\pyimagej\lib\site-packages\numpy\random\mtrand.cp39-win_amd64.pyd
0x00007ffe27960000 - 0x00007ffe2798c000 	C:\Users\sakib\anaconda3\envs\pyimagej\lib\site-packages\numpy\random\bit_generator.cp39-win_amd64.pyd
0x00007ffe26800000 - 0x00007ffe2682f000 	C:\Users\sakib\anaconda3\envs\pyimagej\lib\site-packages\numpy\random\_common.cp39-win_amd64.pyd
0x00007ffe26420000 - 0x00007ffe26464000 	C:\Users\sakib\anaconda3\envs\pyimagej\lib\site-packages\numpy\random\_bounded_integers.cp39-win_amd64.pyd
0x00007ffe27c60000 - 0x00007ffe27c77000 	C:\Users\sakib\anaconda3\envs\pyimagej\lib\site-packages\numpy\random\_mt19937.cp39-win_amd64.pyd
0x00007ffe267e0000 - 0x00007ffe267f5000 	C:\Users\sakib\anaconda3\envs\pyimagej\lib\site-packages\numpy\random\_philox.cp39-win_amd64.pyd
0x00007ffe21de0000 - 0x00007ffe21dfa000 	C:\Users\sakib\anaconda3\envs\pyimagej\lib\site-packages\numpy\random\_pcg64.cp39-win_amd64.pyd
0x00007ffe269d0000 - 0x00007ffe269e0000 	C:\Users\sakib\anaconda3\envs\pyimagej\lib\site-packages\numpy\random\_sfc64.cp39-win_amd64.pyd
0x00007ffe1c5d0000 - 0x00007ffe1c67f000 	C:\Users\sakib\anaconda3\envs\pyimagej\lib\site-packages\numpy\random\_generator.cp39-win_amd64.pyd
0x00007ffdd76a0000 - 0x00007ffdd9a81000 	C:\Users\sakib\anaconda3\envs\pyimagej\Library\bin\mkl_intel_thread.2.dll
0x00007ffdd2e00000 - 0x00007ffdd7699000 	C:\Users\sakib\anaconda3\envs\pyimagej\Library\bin\mkl_core.2.dll
0x00007ffdd0a50000 - 0x00007ffdd2df7000 	C:\Users\sakib\anaconda3\envs\pyimagej\Library\bin\mkl_def.2.dll
0x00007ffdd0150000 - 0x00007ffdd0a44000 	C:\Users\sakib\anaconda3\envs\pyimagej\Library\bin\mkl_vml_def.2.dll
0x00007ffe267d0000 - 0x00007ffe267d9000 	C:\Users\sakib\anaconda3\envs\pyimagej\lib\site-packages\matplotlib\_c_internal_utils.cp39-win_amd64.pyd
0x00007ffea8120000 - 0x00007ffea8890000 	C:\Windows\System32\SHELL32.dll
0x00007ffe1ce10000 - 0x00007ffe1ce76000 	C:\Users\sakib\anaconda3\envs\pyimagej\lib\site-packages\PIL\_imaging.cp39-win_amd64.pyd
0x00007ffe0d6a0000 - 0x00007ffe0d717000 	C:\Users\sakib\anaconda3\envs\pyimagej\Library\bin\tiff.dll
0x00007ffe0ad40000 - 0x00007ffe0addb000 	C:\Users\sakib\anaconda3\envs\pyimagej\Library\bin\jpeg8.dll
0x00007ffe1b350000 - 0x00007ffe1b3ab000 	C:\Users\sakib\anaconda3\envs\pyimagej\Library\bin\openjp2.dll
0x00007ffe8ff30000 - 0x00007ffe8ffd4000 	C:\Users\sakib\anaconda3\envs\pyimagej\Library\bin\zstd.dll
0x00007ffe21db0000 - 0x00007ffe21de0000 	C:\Users\sakib\anaconda3\envs\pyimagej\Library\bin\deflate.dll
0x00007ffe0acb0000 - 0x00007ffe0ad34000 	C:\Users\sakib\anaconda3\envs\pyimagej\Library\bin\Lerc.dll
0x00007ffe20880000 - 0x00007ffe208a6000 	C:\Users\sakib\anaconda3\envs\pyimagej\lib\site-packages\matplotlib\_path.cp39-win_amd64.pyd
0x00007ffe27da0000 - 0x00007ffe27dbd000 	C:\Users\sakib\anaconda3\envs\pyimagej\lib\site-packages\matplotlib\ft2font.cp39-win_amd64.pyd
0x00007ffe27890000 - 0x00007ffe27937000 	C:\Users\sakib\anaconda3\envs\pyimagej\Library\bin\freetype.dll
0x00007ffe27850000 - 0x00007ffe27885000 	C:\Users\sakib\anaconda3\envs\pyimagej\Library\bin\libpng16.dll
0x00007ffe27830000 - 0x00007ffe27850000 	C:\Users\sakib\anaconda3\envs\pyimagej\lib\site-packages\kiwisolver\_cext.cp39-win_amd64.pyd
0x00007ffe0ab90000 - 0x00007ffe0aca5000 	C:\Users\sakib\anaconda3\envs\pyimagej\DLLs\unicodedata.pyd
0x00007ffe1ffc0000 - 0x00007ffe1fffc000 	C:\Users\sakib\anaconda3\envs\pyimagej\lib\site-packages\matplotlib\backends\_backend_agg.cp39-win_amd64.pyd
0x00007ffe1e670000 - 0x00007ffe1e69e000 	C:\Users\sakib\anaconda3\envs\pyimagej\lib\site-packages\matplotlib\_image.cp39-win_amd64.pyd
0x00007ffe1c5b0000 - 0x00007ffe1c5c6000 	C:\Users\sakib\anaconda3\envs\pyimagej\DLLs\_sqlite3.pyd
0x00007ffe1cf20000 - 0x00007ffe1d092000 	C:\Users\sakib\anaconda3\envs\pyimagej\Library\bin\sqlite3.dll
0x00007ffe1c590000 - 0x00007ffe1c5a4000 	C:\Users\sakib\anaconda3\envs\pyimagej\DLLs\_tkinter.pyd
0x00007ffe0a9c0000 - 0x00007ffe0ab85000 	C:\Users\sakib\anaconda3\envs\pyimagej\Library\bin\tcl86t.dll
0x00007ffe0a630000 - 0x00007ffe0a7b0000 	C:\Users\sakib\anaconda3\envs\pyimagej\Library\bin\tk86t.dll
0x00007ffea8940000 - 0x00007ffea8a1a000 	C:\Windows\System32\COMDLG32.dll
0x00007ffea8890000 - 0x00007ffea893d000 	C:\Windows\System32\shcore.dll
0x00007ffea7fa0000 - 0x00007ffea7ffb000 	C:\Windows\System32\SHLWAPI.dll
0x00007ffe98b90000 - 0x00007ffe98ba9000 	C:\Windows\SYSTEM32\NETAPI32.dll
0x00007ffea7490000 - 0x00007ffea74be000 	C:\Windows\SYSTEM32\USERENV.dll
0x00007ffe99240000 - 0x00007ffe994db000 	C:\Windows\WinSxS\amd64_microsoft.windows.common-controls_6595b64144ccf1df_6.0.19041.6456_none_60b8a6cb71f64256\COMCTL32.dll
0x00007ffe0a990000 - 0x00007ffe0a9ba000 	C:\Users\sakib\anaconda3\envs\pyimagej\Library\bin\zlib1.dll
0x00007ffea6b00000 - 0x00007ffea6b43000 	C:\Windows\SYSTEM32\LOGONCLI.DLL
0x00007ffea6af0000 - 0x00007ffea6afc000 	C:\Windows\SYSTEM32\NETUTILS.DLL
0x00007ffe97160000 - 0x00007ffe97179000 	C:\Windows\SYSTEM32\SAMCLI.DLL
0x00007ffe27820000 - 0x00007ffe27829000 	C:\Users\sakib\anaconda3\envs\pyimagej\lib\site-packages\matplotlib\backends\_tkagg.cp39-win_amd64.pyd
0x00007ffea95e0000 - 0x00007ffea95e8000 	C:\Windows\System32\PSAPI.DLL
0x00007ffe26410000 - 0x00007ffe2641b000 	C:\Users\sakib\anaconda3\envs\pyimagej\lib\site-packages\pandas\_libs\pandas_parser.cp39-win_amd64.pyd
0x00007ffe21da0000 - 0x00007ffe21dab000 	C:\Users\sakib\anaconda3\envs\pyimagej\lib\site-packages\pandas\_libs\pandas_datetime.cp39-win_amd64.pyd
0x00007ffdd0030000 - 0x00007ffdd0141000 	C:\Users\sakib\anaconda3\envs\pyimagej\lib\site-packages\pandas\_libs\interval.cp39-win_amd64.pyd
0x00007ffdcfe60000 - 0x00007ffdd0024000 	C:\Users\sakib\anaconda3\envs\pyimagej\lib\site-packages\pandas\_libs\hashtable.cp39-win_amd64.pyd
0x00007ffe0a960000 - 0x00007ffe0a98f000 	C:\Users\sakib\anaconda3\envs\pyimagej\lib\site-packages\pandas\_libs\missing.cp39-win_amd64.pyd
0x00007ffe0a930000 - 0x00007ffe0a95d000 	C:\Users\sakib\anaconda3\envs\pyimagej\lib\site-packages\pandas\_libs\tslibs\dtypes.cp39-win_amd64.pyd
0x00007ffe0d680000 - 0x00007ffe0d694000 	C:\Users\sakib\anaconda3\envs\pyimagej\lib\site-packages\pandas\_libs\tslibs\ccalendar.cp39-win_amd64.pyd
0x00007ffe0a910000 - 0x00007ffe0a930000 	C:\Users\sakib\anaconda3\envs\pyimagej\lib\site-packages\pandas\_libs\tslibs\np_datetime.cp39-win_amd64.pyd
0x00007ffe0a8d0000 - 0x00007ffe0a90b000 	C:\Users\sakib\anaconda3\envs\pyimagej\lib\site-packages\pandas\_libs\tslibs\conversion.cp39-win_amd64.pyd
0x00007ffe0a610000 - 0x00007ffe0a621000 	C:\Users\sakib\anaconda3\envs\pyimagej\lib\site-packages\pandas\_libs\tslibs\base.cp39-win_amd64.pyd
0x00007ffdcfd80000 - 0x00007ffdcfe5b000 	C:\Users\sakib\anaconda3\envs\pyimagej\lib\site-packages\pandas\_libs\tslibs\offsets.cp39-win_amd64.pyd

dbghelp: loaded successfully - version: 4.0.5 - missing functions: none
symbol engine: initialized successfully - sym options: 0x614 - pdb path: .;C:\Users\sakib\anaconda3\envs\pyimagej;C:\Windows\SYSTEM32;C:\Users\sakib\anaconda3\envs\pyimagej\lib\site-packages\zmq\backend\cython;C:\Users\sakib\anaconda3\envs\pyimagej\Library\bin;C:\Users\sakib\anaconda3\envs\pyimagej\DLLs;C:\Users\sakib\anaconda3\envs\pyimagej\lib\site-packages\tornado;C:\Users\sakib\anaconda3\envs\pyimagej\lib\site-packages\numpy\core;C:\Users\sakib\anaconda3\envs\pyimagej\lib\site-packages\numpy\linalg;C:\Users\sakib\anaconda3\envs\pyimagej\lib\site-packages\numpy\fft;C:\Users\sakib\anaconda3\envs\pyimagej\lib\site-packages\numpy\random;C:\Users\sakib\anaconda3\envs\pyimagej\lib\site-packages\matplotlib;C:\Users\sakib\anaconda3\envs\pyimagej\lib\site-packages\PIL;C:\Users\sakib\anaconda3\envs\pyimagej\lib\site-packages\kiwisolver;C:\Users\sakib\anaconda3\envs\pyimagej\lib\site-packages\matplotlib\backends;C:\Windows\WinSxS\amd64_microsoft.windows.common-controls_6595b64144ccf1df_6.0.19041.6456_none_60b8a6cb71f64256;C:\Users\sakib\anaconda3\envs\pyimagej\lib\site-packages\pandas\_libs;C:\Users\sakib\anaconda3\envs\pyimagej\lib\site-packages\pandas\_libs\tslibs;C:\Users\sakib\anaconda3\envs\pyimagej\lib\site-packages\pandas\_libs\window;C:\Users\sakib\anaconda3\envs\pyimagej\lib\site-packages\psutil;C:\Users\sakib\anaconda3\envs\pyimagej\lib\site-packages\debugpy\_vendored\pydevd\_pydevd_bundle;C:\Users\sakib\anaconda3\envs\pyimagej\lib\site-packages;C:\Users\sakib\anaconda3\envs\pyimagej\lib\site-packages\scipy\_lib;C:\Users\sakib\anaconda3\envs\pyimagej\lib\site-packages\scipy\linalg;C:\Users\sakib\anaconda3\envs\pyimagej\lib\site-packages\scipy\sparse;C:\Users\sakib\anaconda3\envs\pyimagej\lib\site-packages\scipy\sparse\linalg\_dsolve;C:\Users\sakib\anaconda3\envs\pyimagej\lib\site-packages\scipy\sparse\linalg\_eigen\arpack;C:\Users\sakib\anaconda3\envs\pyimagej\lib\site-packages\scipy\sparse\linalg\_propack;C:\Users\sakib\anaconda3\envs\pyimagej\lib\site-packages\scipy\sparse\csgraph;C:\Users\sakib\anaconda3\envs\pyimagej\lib\site-packages\scipy\optimize;C:\Users\sakib\anaconda3\envs\pyimagej\lib\site-packages\scipy\optimize\_trlib;C:\Users\sakib\anaconda3\envs\pyimagej\lib\site-packages\scipy\optimize\_lsq;C:\Users\sakib\anaconda3\envs\pyimagej\lib\site-packages\scipy\optimize\_highs;C:\Users\sakib\anaconda3\envs\pyimagej\lib\site-packages\scipy\spatial;C:\Users\sakib\anaconda3\envs\pyimagej\lib\site-packages\scipy\special;C:\Users\sakib\anaconda3\envs\pyimagej\lib\site-packages\scipy\spatial\transform;A:\Program Files\Common Files\microsoft shared\ink;C:\Windows\WinSxS\amd64_microsoft.windows.gdiplus_6595b64144ccf1df_1.1.19041.6456_none_91a399b0cc88bc24;A:\Program Files\Microsoft OneDrive\25.243.1211.0001;C:\Users\sakib\anaconda3\envs\pyimagej\Library\lib\jvm\bin\server;C:\Users\sakib\anaconda3\envs\pyimagej\Library\lib\jvm\bin

VM Arguments:
jvm_args: --add-opens=java.base/java.lang=ALL-UNNAMED --add-opens=java.base/java.util=ALL-UNNAMED 
java_command: <unknown>
java_class_path (initial): C:\Users\sakib\.jgo\sc.fiji\fiji\2.14.0\6ad50f45b0f3491affd3b43750c8c212c3c855c46dbb6becfc0463856a3d9f35\3D_Blob_Segmentation-3.0.2.jar;C:\Users\sakib\.jgo\sc.fiji\fiji\2.14.0\6ad50f45b0f3491affd3b43750c8c212c3c855c46dbb6becfc0463856a3d9f35\3D_Objects_Counter-2.0.1.jar;C:\Users\sakib\.jgo\sc.fiji\fiji\2.14.0\6ad50f45b0f3491affd3b43750c8c212c3c855c46dbb6becfc0463856a3d9f35\3D_Viewer-4.0.5.jar;C:\Users\sakib\.jgo\sc.fiji\fiji\2.14.0\6ad50f45b0f3491affd3b43750c8c212c3c855c46dbb6becfc0463856a3d9f35\ahocorasick-0.2.4.jar;C:\Users\sakib\.jgo\sc.fiji\fiji\2.14.0\6ad50f45b0f3491affd3b43750c8c212c3c855c46dbb6becfc0463856a3d9f35\aircompressor-0.21.jar;C:\Users\sakib\.jgo\sc.fiji\fiji\2.14.0\6ad50f45b0f3491affd3b43750c8c212c3c855c46dbb6becfc0463856a3d9f35\alphanumeric-comparator-1.4.1.jar;C:\Users\sakib\.jgo\sc.fiji\fiji\2.14.0\6ad50f45b0f3491affd3b43750c8c212c3c855c46dbb6becfc0463856a3d9f35\AnalyzeSkeleton_-3.4.2.jar;C:\Users\sakib\.jgo\sc.fiji\fiji\2.14.0\6ad50f45b0f3491affd3b43750c8c212c3c855c46dbb6becfc0463856a3d9f35\animal-sniffer-annotations-1.23.jar;C:\Users\sakib\.jgo\sc.fiji\fiji\2.14.0\6ad50f45b0f3491affd3b43750c8c212c3c855c46dbb6becfc0463856a3d9f35\Anisotropic_Diffusion_2D-2.0.1.jar;C:\Users\sakib\.jgo\sc.fiji\fiji\2.14.0\6ad50f45b0f3491affd3b43750c8c212c3c855c46dbb6becfc0463856a3d9f35\annotations-13.0.jar;C:\Users\sakib\.jgo\sc.fiji\fiji\2.14.0\6ad50f45b0f3491affd3b43750c8c212c3c855c46dbb6becfc0463856a3d9f35\annotations-4.1.1.4.jar;C:\Users\sakib\.jgo\sc.fiji\fiji\2.14.0\6ad50f45b0f3491affd3b43750c8c212c3c855c46dbb6becfc0463856a3d9f35\ant-1.10.13.jar;C:\Users\sakib\.jgo\sc.fiji\fiji\2.14.0\6ad50f45b0f3491affd3b43750c8c212c3c855c46dbb6becfc0463856a3d9f35\ant-launcher-1.10.13.jar;C:\Users\sakib\.jgo\sc.fiji\fiji\2.14.0\6ad50f45b0f3491affd3b43750c8c212c3c855c46dbb6becfc0463856a3d9f35\antlr-2.7.7.jar;C:\Users\sakib\.jgo\sc.fiji\fiji\2.14.0\6ad50f45b0f3491affd3b43750c8c212c3c855c46dbb6becfc0463856a3d9f35\antlr-3.5.3.jar;C:\Users\sakib\.jgo\s
Launcher Type: generic

[Global flags]
     intx CICompilerCount                          = 12                                        {product} {ergonomic}
     uint ConcGCThreads                            = 5                                         {product} {ergonomic}
     uint G1ConcRefinementThreads                  = 18                                        {product} {ergonomic}
   size_t G1HeapRegionSize                         = 2097152                                   {product} {ergonomic}
    uintx GCDrainStackTargetSize                   = 64                                        {product} {ergonomic}
   size_t InitialHeapSize                          = 536870912                                 {product} {ergonomic}
   size_t MarkStackSize                            = 4194304                                   {product} {ergonomic}
   size_t MaxHeapSize                              = 8566865920                                {product} {ergonomic}
   size_t MaxNewSize                               = 5140119552                                {product} {ergonomic}
   size_t MinHeapDeltaBytes                        = 2097152                                   {product} {ergonomic}
    uintx NonNMethodCodeHeapSize                   = 7594288                                {pd product} {ergonomic}
    uintx NonProfiledCodeHeapSize                  = 122031976                              {pd product} {ergonomic}
    uintx ProfiledCodeHeapSize                     = 122031976                              {pd product} {ergonomic}
    uintx ReservedCodeCacheSize                    = 251658240                              {pd product} {ergonomic}
     bool SegmentedCodeCache                       = true                                      {product} {ergonomic}
     bool UseCompressedClassPointers               = true                                 {lp64_product} {ergonomic}
     bool UseCompressedOops                        = true                                 {lp64_product} {ergonomic}
     bool UseG1GC                                  = true                                      {product} {ergonomic}
     bool UseLargePagesIndividualAllocation        = false                                  {pd product} {ergonomic}

Logging:
Log output configuration:
 #0: stdout all=warning uptime,level,tags
 #1: stderr all=off uptime,level,tags

Environment Variables:
JAVA_HOME=C:\Users\sakib\anaconda3\envs\pyimagej\Library\lib\jvm
PATH=C:\Users\sakib\anaconda3\envs\pyimagej;C:\Users\sakib\anaconda3\envs\pyimagej\Library\mingw-w64\bin;C:\Users\sakib\anaconda3\envs\pyimagej\Library\usr\bin;C:\Users\sakib\anaconda3\envs\pyimagej\Library\bin;C:\Users\sakib\anaconda3\envs\pyimagej\Scripts;C:\Users\sakib\anaconda3\envs\pyimagej\bin;C:\Users\sakib\anaconda3\condabin;C:\Users\sakib\anaconda3;C:\Users\sakib\anaconda3\Library\mingw-w64\bin;C:\Users\sakib\anaconda3\Library\usr\bin;C:\Users\sakib\anaconda3\Library\bin;C:\Users\sakib\anaconda3\Scripts;A:\Program Files\Zulu\zulu-11\bin;A:\Program Files\Zulu\zulu-21\bin;A:\Program Files (x86)\Common Files\Oracle\Java\javapath;C:\Windows\system32;C:\Windows;C:\Windows\System32\Wbem;C:\Windows\System32\WindowsPowerShell\v1.0;C:\Windows\System32\OpenSSH;C:\Program Files (x86)\ATI Technologies\ATI.ACE\Core-Static;A:\Program Files\Wolfram Research\WolframScript;A:\Program Files\dotnet;A:\Program Files (x86)\IVI Foundation\VISA\WinNT\Bin;A:\Program Files\IVI Foundation\VISA\Win64\Bin;A:\Program Files (x86)\National Instruments\Shared\LabVIEW CLI;A:\Program Files (x86)\IVI Foundation\IVI\Bin;A:\Program Files\IVI Foundation\IVI\Bin;A:\Program Files (x86)\IVI Foundation\VISA\WinNT\Bin;A:\Program Files\Carl Zeiss\MicroscopyInstaller;A:\Program Files\Microsoft SQL Server\120\Tools\Binn;A:\Program Files (x86)\Windows Kits\10\Windows Performance Toolkit;A:\Program Files\Git\cmd;A:\Program Files\gs\gs10.06.0\bin;A:\Program Files\gs\gs10.06.0\lib;A:\Program Files\Zulu\zulu-11\bin;A:\Program Files\Zulu\zulu-21\bin;A:\Program Files (x86)\Common Files\Oracle\Java\javapath;C:\Windows\system32;C:\Windows;C:\Windows\System32\Wbem;C:\Windows\System32\WindowsPowerShell\v1.0;C:\Windows\System32\OpenSSH;C:\Program Files (x86)\ATI Technologies\ATI.ACE\Core-Static;A:\Program Files\Wolfram Research\WolframScript;A:\Program Files\dotnet;A:\Program Files (x86)\IVI Foundation\VISA\WinNT\Bin;A:\Program Files\IVI Foundation\VISA\Win64\Bin;A:\Program Files (x86)\National Instruments\Shared\Lab
USERNAME=sakib
LANG=en
TERM=xterm-color
OS=Windows_NT
PROCESSOR_IDENTIFIER=AMD64 Family 25 Model 33 Stepping 2, AuthenticAMD
TMP=C:\Users\sakib\AppData\Local\Temp
TEMP=C:\Users\sakib\AppData\Local\Temp



---------------  S Y S T E M  ---------------

OS: Windows 10 , 64 bit Build 19041 (10.0.19041.5915)
OS uptime: 0 days 1:13 hours

CPU:total 24 (initial active 24) (24 cores per cpu, 2 threads per core) family 25 model 33 stepping 2 microcode 0x0, cmov, cx8, fxsr, mmx, sse, sse2, sse3, ssse3, sse4.1, sse4.2, popcnt, avx, avx2, aes, clmul, erms, mmxext, 3dnowpref, lzcnt, sse4a, ht, tsc, tscinvbit, tscinv, bmi1, bmi2, adx, sha, fma

Memory: 4k page, system-wide physical 32678M (18158M free)
TotalPageFile size 37542M (AvailPageFile size 21831M)
current process WorkingSet (physical memory assigned to process): 421M, peak: 421M
current process commit charge ("private bytes"): 695M, peak: 897M

vm_info: OpenJDK 64-Bit Server VM (11.0.22+7-LTS) for windows-amd64 JRE (Zulu11.70+15-CA) (11.0.22+7-LTS), built on Jan  5 2024 14:01:50 by "zulu_re" with MS VC++ 15.9 (VS2017)

END.
